Component: ARM Compiler 5.06 update 6 (build 750) Tool: armlink [4d35ed]

==============================================================================

Section Cross References

    startup_stm32f103xb.o(STACK) refers (Special) to heapauxi.o(.text) for __use_two_region_memory
    startup_stm32f103xb.o(HEAP) refers (Special) to heapauxi.o(.text) for __use_two_region_memory
    startup_stm32f103xb.o(RESET) refers (Special) to heapauxi.o(.text) for __use_two_region_memory
    startup_stm32f103xb.o(RESET) refers to startup_stm32f103xb.o(STACK) for __initial_sp
    startup_stm32f103xb.o(RESET) refers to startup_stm32f103xb.o(.text) for Reset_Handler
    startup_stm32f103xb.o(RESET) refers to stm32f1xx_it.o(i.NMI_Handler) for NMI_Handler
    startup_stm32f103xb.o(RESET) refers to stm32f1xx_it.o(i.HardFault_Handler) for HardFault_Handler
    startup_stm32f103xb.o(RESET) refers to stm32f1xx_it.o(i.MemManage_Handler) for MemManage_Handler
    startup_stm32f103xb.o(RESET) refers to stm32f1xx_it.o(i.BusFault_Handler) for BusFault_Handler
    startup_stm32f103xb.o(RESET) refers to stm32f1xx_it.o(i.UsageFault_Handler) for UsageFault_Handler
    startup_stm32f103xb.o(RESET) refers to stm32f1xx_it.o(i.SVC_Handler) for SVC_Handler
    startup_stm32f103xb.o(RESET) refers to stm32f1xx_it.o(i.DebugMon_Handler) for DebugMon_Handler
    startup_stm32f103xb.o(RESET) refers to stm32f1xx_it.o(i.PendSV_Handler) for PendSV_Handler
    startup_stm32f103xb.o(RESET) refers to stm32f1xx_it.o(i.SysTick_Handler) for SysTick_Handler
    startup_stm32f103xb.o(RESET) refers to stm32f1xx_it.o(i.DMA1_Channel4_IRQHandler) for DMA1_Channel4_IRQHandler
    startup_stm32f103xb.o(RESET) refers to stm32f1xx_it.o(i.DMA1_Channel5_IRQHandler) for DMA1_Channel5_IRQHandler
    startup_stm32f103xb.o(RESET) refers to stm32f1xx_it.o(i.TIM1_UP_IRQHandler) for TIM1_UP_IRQHandler
    startup_stm32f103xb.o(RESET) refers to stm32f1xx_it.o(i.TIM1_TRG_COM_IRQHandler) for TIM1_TRG_COM_IRQHandler
    startup_stm32f103xb.o(RESET) refers to stm32f1xx_it.o(i.USART1_IRQHandler) for USART1_IRQHandler
    startup_stm32f103xb.o(.text) refers (Special) to heapauxi.o(.text) for __use_two_region_memory
    startup_stm32f103xb.o(.text) refers to system_stm32f1xx.o(i.SystemInit) for SystemInit
    startup_stm32f103xb.o(.text) refers to __main.o(!!!main) for __main
    startup_stm32f103xb.o(.text) refers to startup_stm32f103xb.o(HEAP) for Heap_Mem
    startup_stm32f103xb.o(.text) refers to startup_stm32f103xb.o(STACK) for Stack_Mem
    main.o(i.SystemClock_Config) refers to rt_memclr_w.o(.text) for __aeabi_memclr4
    main.o(i.SystemClock_Config) refers to stm32f1xx_hal_rcc.o(i.HAL_RCC_OscConfig) for HAL_RCC_OscConfig
    main.o(i.SystemClock_Config) refers to main.o(i.Error_Handler) for Error_Handler
    main.o(i.SystemClock_Config) refers to stm32f1xx_hal_rcc.o(i.HAL_RCC_ClockConfig) for HAL_RCC_ClockConfig
    main.o(i.main) refers to stm32f1xx_hal.o(i.HAL_Init) for HAL_Init
    main.o(i.main) refers to main.o(i.SystemClock_Config) for SystemClock_Config
    main.o(i.main) refers to gpio.o(i.MX_GPIO_Init) for MX_GPIO_Init
    main.o(i.main) refers to dma.o(i.MX_DMA_Init) for MX_DMA_Init
    main.o(i.main) refers to i2c.o(i.MX_I2C1_Init) for MX_I2C1_Init
    main.o(i.main) refers to i2c.o(i.MX_I2C2_Init) for MX_I2C2_Init
    main.o(i.main) refers to usart.o(i.MX_USART1_UART_Init) for MX_USART1_UART_Init
    main.o(i.main) refers to tim.o(i.MX_TIM1_Init) for MX_TIM1_Init
    main.o(i.main) refers to tim.o(i.MX_TIM2_Init) for MX_TIM2_Init
    main.o(i.main) refers to tim.o(i.MX_TIM3_Init) for MX_TIM3_Init
    main.o(i.main) refers to task.o(i.Task_Init) for Task_Init
    main.o(i.main) refers to task.o(i.Task_Loop) for Task_Loop
    gpio.o(i.MX_GPIO_Init) refers to stm32f1xx_hal_gpio.o(i.HAL_GPIO_WritePin) for HAL_GPIO_WritePin
    gpio.o(i.MX_GPIO_Init) refers to stm32f1xx_hal_gpio.o(i.HAL_GPIO_Init) for HAL_GPIO_Init
    dma.o(i.MX_DMA_Init) refers to stm32f1xx_hal_cortex.o(i.HAL_NVIC_SetPriority) for HAL_NVIC_SetPriority
    dma.o(i.MX_DMA_Init) refers to stm32f1xx_hal_cortex.o(i.HAL_NVIC_EnableIRQ) for HAL_NVIC_EnableIRQ
    i2c.o(i.HAL_I2C_MspDeInit) refers to stm32f1xx_hal_gpio.o(i.HAL_GPIO_DeInit) for HAL_GPIO_DeInit
    i2c.o(i.HAL_I2C_MspInit) refers to stm32f1xx_hal_gpio.o(i.HAL_GPIO_Init) for HAL_GPIO_Init
    i2c.o(i.MX_I2C1_Init) refers to stm32f1xx_hal_i2c.o(i.HAL_I2C_Init) for HAL_I2C_Init
    i2c.o(i.MX_I2C1_Init) refers to main.o(i.Error_Handler) for Error_Handler
    i2c.o(i.MX_I2C1_Init) refers to i2c.o(.bss) for hi2c1
    i2c.o(i.MX_I2C2_Init) refers to stm32f1xx_hal_i2c.o(i.HAL_I2C_Init) for HAL_I2C_Init
    i2c.o(i.MX_I2C2_Init) refers to main.o(i.Error_Handler) for Error_Handler
    i2c.o(i.MX_I2C2_Init) refers to i2c.o(.bss) for hi2c2
    tim.o(i.HAL_TIM_Base_MspDeInit) refers to stm32f1xx_hal_cortex.o(i.HAL_NVIC_DisableIRQ) for HAL_NVIC_DisableIRQ
[...]
    i.HAL_UART_ErrorCallback                 0x0800269e   Section        0  stm32f1xx_hal_uart.o(i.HAL_UART_ErrorCallback)
    i.HAL_UART_IRQHandler                    0x080026a0   Section        0  stm32f1xx_hal_uart.o(i.HAL_UART_IRQHandler)
    i.HAL_UART_Init                          0x08002984   Section        0  stm32f1xx_hal_uart.o(i.HAL_UART_Init)
    i.HAL_UART_MspInit                       0x080029fc   Section        0  usart.o(i.HAL_UART_MspInit)
    i.HAL_UART_RxCpltCallback                0x08002b04   Section        0  stm32f1xx_hal_uart.o(i.HAL_UART_RxCpltCallback)
    i.HAL_UART_RxHalfCpltCallback            0x08002b06   Section        0  stm32f1xx_hal_uart.o(i.HAL_UART_RxHalfCpltCallback)
    i.HAL_UART_TxCpltCallback                0x08002b08   Section        0  stm32f1xx_hal_uart.o(i.HAL_UART_TxCpltCallback)
    i.HardFault_Handler                      0x08002b0a   Section        0  stm32f1xx_it.o(i.HardFault_Handler)
    i.I2C_IsAcknowledgeFailed                0x08002b0e   Section        0  stm32f1xx_hal_i2c.o(i.I2C_IsAcknowledgeFailed)
    I2C_IsAcknowledgeFailed                  0x08002b0f   Thumb Code    62  stm32f1xx_hal_i2c.o(i.I2C_IsAcknowledgeFailed)
    i.I2C_RequestMemoryRead                  0x08002b4c   Section        0  stm32f1xx_hal_i2c.o(i.I2C_RequestMemoryRead)
    I2C_RequestMemoryRead                    0x08002b4d   Thumb Code   348  stm32f1xx_hal_i2c.o(i.I2C_RequestMemoryRead)
    i.I2C_RequestMemoryWrite                 0x08002cac   Section        0  stm32f1xx_hal_i2c.o(i.I2C_RequestMemoryWrite)
    I2C_RequestMemoryWrite                   0x08002cad   Thumb Code   220  stm32f1xx_hal_i2c.o(i.I2C_RequestMemoryWrite)
    i.I2C_WaitOnBTFFlagUntilTimeout          0x08002d8c   Section        0  stm32f1xx_hal_i2c.o(i.I2C_WaitOnBTFFlagUntilTimeout)
    I2C_WaitOnBTFFlagUntilTimeout            0x08002d8d   Thumb Code   102  stm32f1xx_hal_i2c.o(i.I2C_WaitOnBTFFlagUntilTimeout)
    i.I2C_WaitOnFlagUntilTimeout             0x08002df2   Section        0  stm32f1xx_hal_i2c.o(i.I2C_WaitOnFlagUntilTimeout)
    I2C_WaitOnFlagUntilTimeout               0x08002df3   Thumb Code   190  stm32f1xx_hal_i2c.o(i.I2C_WaitOnFlagUntilTimeout)
    i.I2C_WaitOnMasterAddressFlagUntilTimeout 0x08002eb0   Section        0  stm32f1xx_hal_i2c.o(i.I2C_WaitOnMasterAddressFlagUntilTimeout)
    I2C_WaitOnMasterAddressFlagUntilTimeout  0x08002eb1   Thumb Code   250  stm32f1xx_hal_i2c.o(i.I2C_WaitOnMasterAddressFlagUntilTimeout)
    i.I2C_WaitOnRXNEFlagUntilTimeout         0x08002faa   Section        0  stm32f1xx_hal_i2c.o(i.I2C_WaitOnRXNEFlagUntilTimeout)
    I2C_WaitOnRXNEFlagUntilTimeout           0x08002fab   Thumb Code   138  stm32f1xx_hal_i2c.o(i.I2C_WaitOnRXNEFlagUntilTimeout)
    i.I2C_WaitOnTXEFlagUntilTimeout          0x08003034   Section        0  stm32f1xx_hal_i2c.o(i.I2C_WaitOnTXEFlagUntilTimeout)
    I2C_WaitOnTXEFlagUntilTimeout            0x08003035   Thumb Code   102  stm32f1xx_hal_i2c.o(i.I2C_WaitOnTXEFlagUntilTimeout)
    i.IMU_Update                             0x0800309c   Section        0  mpu6050.o(i.IMU_Update)
    i.Judge_Key                              0x0800367c   Section        0  bluetooth.o(i.Judge_Key)
    i.Kalman_getAngle                        0x080036b8   Section        0  mpu6050.o(i.Kalman_getAngle)
    i.Key_Scan                               0x080038d4   Section        0  bluetooth.o(i.Key_Scan)
    i.MPU6050_Init                           0x08003948   Section        0  mpu6050.o(i.MPU6050_Init)
    i.MX_DMA_Init                            0x080039f8   Section        0  dma.o(i.MX_DMA_Init)
    i.MX_GPIO_Init                           0x08003a3c   Section        0  gpio.o(i.MX_GPIO_Init)
    i.MX_I2C1_Init                           0x08003b0c   Section        0  i2c.o(i.MX_I2C1_Init)
    i.MX_I2C2_Init                           0x08003b48   Section        0  i2c.o(i.MX_I2C2_Init)
    i.MX_TIM1_Init                           0x08003b84   Section        0  tim.o(i.MX_TIM1_Init)
    i.MX_TIM2_Init                           0x08003bf4   Section        0  tim.o(i.MX_TIM2_Init)
    i.MX_TIM3_Init                           0x08003ca8   Section        0  tim.o(i.MX_TIM3_Init)
    i.MX_USART1_UART_Init                    0x08003d4c   Section        0  usart.o(i.MX_USART1_UART_Init)
    i.MemManage_Handler                      0x08003d84   Section        0  stm32f1xx_it.o(i.MemManage_Handler)
    i.Mpu6050_Calculate_PeriodElapsedCallback 0x08003d88   Section        0  mpu6050.o(i.Mpu6050_Calculate_PeriodElapsedCallback)
    i.NMI_Handler                            0x08004010   Section        0  stm32f1xx_it.o(i.NMI_Handler)
    i.PID_Cale_Init                          0x08004014   Section        0  pid.o(i.PID_Cale_Init)
    i.PendSV_Handler                         0x08004028   Section        0  stm32f1xx_it.o(i.PendSV_Handler)
    i.RCC_Delay                              0x0800402c   Section        0  stm32f1xx_hal_rcc.o(i.RCC_Delay)
    RCC_Delay                                0x0800402d   Thumb Code    36  stm32f1xx_hal_rcc.o(i.RCC_Delay)
    i.SVC_Handler                            0x08004054   Section        0  stm32f1xx_it.o(i.SVC_Handler)
    i.SysTick_Handler                        0x08004056   Section        0  stm32f1xx_it.o(i.SysTick_Handler)
    i.SystemClock_Config                     0x0800405e   Section        0  main.o(i.SystemClock_Config)
    i.SystemInit                             0x080040c4   Section        0  system_stm32f1xx.o(i.SystemInit)
    i.TIM1_TRG_COM_IRQHandler                0x080040c8   Section        0  stm32f1xx_it.o(i.TIM1_TRG_COM_IRQHandler)
    i.TIM1_UP_IRQHandler                     0x080040d8   Section        0  stm32f1xx_it.o(i.TIM1_UP_IRQHandler)
    i.TIM_Base_SetConfig                     0x080040e8   Section        0  stm32f1xx_hal_tim.o(i.TIM_Base_SetConfig)
    i.TIM_CCxChannelCmd                      0x0800416c   Section        0  stm32f1xx_hal_tim.o(i.TIM_CCxChannelCmd)
    i.TIM_ETR_SetConfig                      0x0800418e   Section        0  stm32f1xx_hal_tim.o(i.TIM_ETR_SetConfig)
    i.TIM_ITRx_SetConfig                     0x080041a4   Section        0  stm32f1xx_hal_tim.o(i.TIM_ITRx_SetConfig)
    TIM_ITRx_SetConfig                       0x080041a5   Thumb Code    18  stm32f1xx_hal_tim.o(i.TIM_ITRx_SetConfig)
    i.TIM_OC1_SetConfig                      0x080041b8   Section        0  stm32f1xx_hal_tim.o(i.TIM_OC1_SetConfig)
    TIM_OC1_SetConfig                        0x080041b9   Thumb Code    90  stm32f1xx_hal_tim.o(i.TIM_OC1_SetConfig)
    i.TIM_OC2_SetConfig                      0x08004218   Section        0  stm32f1xx_hal_tim.o(i.TIM_OC2_SetConfig)
    i.TIM_OC3_SetConfig                      0x08004280   Section        0  stm32f1xx_hal_tim.o(i.TIM_OC3_SetConfig)
    TIM_OC3_SetConfig                        0x08004281   Thumb Code    98  stm32f1xx_hal_tim.o(i.TIM_OC3_SetConfig)
    i.TIM_OC4_SetConfig                      0x080042e8   Section        0  stm32f1xx_hal_tim.o(i.TIM_OC4_SetConfig)
    TIM_OC4_SetConfig                        0x080042e9   Thumb Code    68  stm32f1xx_hal_tim.o(i.TIM_OC4_SetConfig)
    i.TIM_TI1_ConfigInputStage               0x08004330   Section        0  stm32f1xx_hal_tim.o(i.TIM_TI1_ConfigInputStage)
    TIM_TI1_ConfigInputStage                 0x08004331   Thumb Code    38  stm32f1xx_hal_tim.o(i.TIM_TI1_ConfigInputStage)
    i.TIM_TI2_ConfigInputStage               0x08004356   Section        0  stm32f1xx_hal_tim.o(i.TIM_TI2_ConfigInputStage)
    TIM_TI2_ConfigInputStage                 0x08004357   Thumb Code    40  stm32f1xx_hal_tim.o(i.TIM_TI2_ConfigInputStage)
    i.Task_Init                              0x08004380   Section        0  task.o(i.Task_Init)
    i.Task_Loop                              0x0800447c   Section        0  task.o(i.Task_Loop)
    i.UART_DMAAbortOnError                   0x080044b0   Section        0  stm32f1xx_hal_uart.o(i.UART_DMAAbortOnError)
    UART_DMAAbortOnError                     0x080044b1   Thumb Code    20  stm32f1xx_hal_uart.o(i.UART_DMAAbortOnError)
    i.UART_DMAError                          0x080044c4   Section        0  stm32f1xx_hal_uart.o(i.UART_DMAError)
    UART_DMAError                            0x080044c5   Thumb Code    80  stm32f1xx_hal_uart.o(i.UART_DMAError)
    i.UART_DMAReceiveCplt                    0x08004514   Section        0  stm32f1xx_hal_uart.o(i.UART_DMAReceiveCplt)
    UART_DMAReceiveCplt                      0x08004515   Thumb Code   180  stm32f1xx_hal_uart.o(i.UART_DMAReceiveCplt)
    i.UART_DMARxHalfCplt                     0x080045c8   Section        0  stm32f1xx_hal_uart.o(i.UART_DMARxHalfCplt)
    UART_DMARxHalfCplt                       0x080045c9   Thumb Code    36  stm32f1xx_hal_uart.o(i.UART_DMARxHalfCplt)
    i.UART_EndRxTransfer                     0x080045ec   Section        0  stm32f1xx_hal_uart.o(i.UART_EndRxTransfer)
    UART_EndRxTransfer                       0x080045ed   Thumb Code   108  stm32f1xx_hal_uart.o(i.UART_EndRxTransfer)
    i.UART_EndTransmit_IT                    0x08004658   Section        0  stm32f1xx_hal_uart.o(i.UART_EndTransmit_IT)
    UART_EndTransmit_IT                      0x08004659   Thumb Code    32  stm32f1xx_hal_uart.o(i.UART_EndTransmit_IT)
    i.UART_EndTxTransfer                     0x08004678   Section        0  stm32f1xx_hal_uart.o(i.UART_EndTxTransfer)
    UART_EndTxTransfer                       0x08004679   Thumb Code    38  stm32f1xx_hal_uart.o(i.UART_EndTxTransfer)
    i.UART_Receive_IT                        0x0800469e   Section        0  stm32f1xx_hal_uart.o(i.UART_Receive_IT)
    UART_Receive_IT                          0x0800469f   Thumb Code   252  stm32f1xx_hal_uart.o(i.UART_Receive_IT)
    i.UART_SetConfig                         0x0800479c   Section        0  stm32f1xx_hal_uart.o(i.UART_SetConfig)
    UART_SetConfig                           0x0800479d   Thumb Code   248  stm32f1xx_hal_uart.o(i.UART_SetConfig)
    i.UART_Start_Receive_DMA                 0x08004898   Section        0  stm32f1xx_hal_uart.o(i.UART_Start_Receive_DMA)
    i.UART_Transmit_IT                       0x08004960   Section        0  stm32f1xx_hal_uart.o(i.UART_Transmit_IT)
    UART_Transmit_IT                         0x08004961   Thumb Code    96  stm32f1xx_hal_uart.o(i.UART_Transmit_IT)
    i.USART1_IRQHandler                      0x080049c0   Section        0  stm32f1xx_it.o(i.USART1_IRQHandler)
    i.UsageFault_Handler                     0x080049d0   Section        0  stm32f1xx_it.o(i.UsageFault_Handler)
    i.__ARM_fpclassify                       0x080049d4   Section        0  fpclassify.o(i.__ARM_fpclassify)
    i.__NVIC_GetPriorityGrouping             0x080049fc   Section        0  stm32f1xx_hal_cortex.o(i.__NVIC_GetPriorityGrouping)
    __NVIC_GetPriorityGrouping               0x080049fd   Thumb Code    10  stm32f1xx_hal_cortex.o(i.__NVIC_GetPriorityGrouping)
    i.__NVIC_SetPriority                     0x08004a0c   Section        0  stm32f1xx_hal_cortex.o(i.__NVIC_SetPriority)
    __NVIC_SetPriority                       0x08004a0d   Thumb Code    32  stm32f1xx_hal_cortex.o(i.__NVIC_SetPriority)
    i.__ieee754_rem_pio2                     0x08004a34   Section        0  rred.o(i.__ieee754_rem_pio2)
    i.__kernel_poly                          0x08004dbc   Section        0  poly.o(i.__kernel_poly)
    i.__kernel_tan                           0x08004e68   Section        0  tan_i.o(i.__kernel_tan)
    i.__mathlib_dbl_infnan                   0x080050e4   Section        0  dunder.o(i.__mathlib_dbl_infnan)
    i.__mathlib_dbl_infnan2                  0x080050ea   Section        0  dunder.o(i.__mathlib_dbl_infnan2)
    i.__mathlib_dbl_invalid                  0x080050ee   Section        0  dunder.o(i.__mathlib_dbl_invalid)
    i.__mathlib_dbl_underflow                0x080050fc   Section        0  dunder.o(i.__mathlib_dbl_underflow)
    i.asin                                   0x0800510c   Section        0  asin.o(i.asin)
    i.atan                                   0x0800537c   Section        0  atan.o(i.atan)
    i.atan2                                  0x0800559c   Section        0  atan2.o(i.atan2)
    i.main                                   0x0800571c   Section        0  main.o(i.main)
    i.sqrt                                   0x08005750   Section        0  sqrt.o(i.sqrt)
    i.tan                                    0x0800579c   Section        0  tan.o(i.tan)
    x$fpl$d2f                                0x08005800   Section       98  d2f.o(x$fpl$d2f)
    x$fpl$dadd                               0x08005864   Section      336  daddsub_clz.o(x$fpl$dadd)
    _dadd1                                   0x08005875   Thumb Code     0  daddsub_clz.o(x$fpl$dadd)
    x$fpl$dcheck1                            0x080059b4   Section       16  dcheck1.o(x$fpl$dcheck1)
    x$fpl$dcmpinf                            0x080059c4   Section       24  dcmpi.o(x$fpl$dcmpinf)
    x$fpl$ddiv                               0x080059dc   Section      688  ddiv.o(x$fpl$ddiv)
    ddiv_entry                               0x080059e3   Thumb Code     0  ddiv.o(x$fpl$ddiv)
    x$fpl$dfix                               0x08005c8c   Section       94  dfix.o(x$fpl$dfix)
    x$fpl$dflt                               0x08005cea   Section       46  dflt_clz.o(x$fpl$dflt)
    x$fpl$dfltu                              0x08005d18   Section       38  dflt_clz.o(x$fpl$dfltu)
    x$fpl$dleqf                              0x08005d40   Section      120  dleqf.o(x$fpl$dleqf)
    x$fpl$dmul                               0x08005db8   Section      340  dmul.o(x$fpl$dmul)
    x$fpl$dnaninf                            0x08005f0c   Section      156  dnaninf.o(x$fpl$dnaninf)
    x$fpl$dretinf                            0x08005fa8   Section       12  dretinf.o(x$fpl$dretinf)
    x$fpl$drleqf                             0x08005fb4   Section      108  drleqf.o(x$fpl$drleqf)
    x$fpl$drsb                               0x08006020   Section       22  daddsub_clz.o(x$fpl$drsb)
    x$fpl$dsqrt                              0x08006038   Section      460  dsqrt_noumaal.o(x$fpl$dsqrt)
    x$fpl$dsub                               0x08006204   Section      468  daddsub_clz.o(x$fpl$dsub)
    _dsub1                                   0x08006215   Thumb Code     0  daddsub_clz.o(x$fpl$dsub)
    x$fpl$f2d                                0x080063d8   Section       86  f2d.o(x$fpl$f2d)
    x$fpl$fadd                               0x08006430   Section      196  faddsub_clz.o(x$fpl$fadd)
    _fadd1                                   0x0800643f   Thumb Code     0  faddsub_clz.o(x$fpl$fadd)
    x$fpl$fcmpinf                            0x080064f4   Section       24  fcmpi.o(x$fpl$fcmpinf)
    x$fpl$fdiv                               0x0800650c   Section      388  fdiv.o(x$fpl$fdiv)
    _fdiv1                                   0x0800650d   Thumb Code     0  fdiv.o(x$fpl$fdiv)
    x$fpl$feqf                               0x08006690   Section      104  feqf.o(x$fpl$feqf)
    x$fpl$ffix                               0x080066f8   Section       54  ffix.o(x$fpl$ffix)
    x$fpl$fflt                               0x08006730   Section       48  fflt_clz.o(x$fpl$fflt)
    x$fpl$fmul                               0x08006760   Section      258  fmul.o(x$fpl$fmul)
    x$fpl$fnaninf                            0x08006862   Section      140  fnaninf.o(x$fpl$fnaninf)
    x$fpl$fretinf                            0x080068ee   Section       10  fretinf.o(x$fpl$fretinf)
    x$fpl$fsub                               0x080068f8   Section      234  faddsub_clz.o(x$fpl$fsub)
    _fsub1                                   0x08006907   Thumb Code     0  faddsub_clz.o(x$fpl$fsub)
    x$fpl$retnan                             0x080069e2   Section      100  retnan.o(x$fpl$retnan)
    x$fpl$scalbn                             0x08006a46   Section       92  scalbn.o(x$fpl$scalbn)
    x$fpl$trapveneer                         0x08006aa2   Section       48  trapv.o(x$fpl$trapveneer)
    .constdata                               0x08006ad2   Section       18  stm32f1xx_hal_rcc.o(.constdata)
    x$fpl$usenofp                            0x08006ad2   Section        0  usenofp.o(x$fpl$usenofp)
    aPLLMULFactorTable                       0x08006ad2   Data          16  stm32f1xx_hal_rcc.o(.constdata)
    aPredivFactorTable                       0x08006ae2   Data           2  stm32f1xx_hal_rcc.o(.constdata)
    .constdata                               0x08006ae4   Section       24  system_stm32f1xx.o(.constdata)
    .constdata                               0x08006b00   Section       80  asin.o(.constdata)
    pS                                       0x08006b00   Data          48  asin.o(.constdata)
    qS                                       0x08006b30   Data          32  asin.o(.constdata)
    .constdata                               0x08006b50   Section      152  atan.o(.constdata)
    atanhi                                   0x08006b50   Data          32  atan.o(.constdata)
    atanlo                                   0x08006b70   Data          32  atan.o(.constdata)
    aTodd                                    0x08006b90   Data          40  atan.o(.constdata)
    aTeven                                   0x08006bb8   Data          48  atan.o(.constdata)
    .constdata                               0x08006be8   Section        8  qnan.o(.constdata)
    .constdata                               0x08006bf0   Section      200  rred.o(.constdata)
    pio2s                                    0x08006bf0   Data          48  rred.o(.constdata)
    twooverpi                                0x08006c20   Data         152  rred.o(.constdata)
    .constdata                               0x08006cb8   Section       96  tan_i.o(.constdata)
    Todd                                     0x08006cb8   Data          48  tan_i.o(.constdata)
    Teven                                    0x08006ce8   Data          48  tan_i.o(.constdata)
    .data                                    0x20000000   Section        9  stm32f1xx_hal.o(.data)
    .data                                    0x2000000c   Section        4  system_stm32f1xx.o(.data)
    .data                                    0x20000010   Section      264  mpu6050.o(.data)
    .data                                    0x20000118   Section       41  task.o(.data)
    mod20                                    0x20000140   Data           1  task.o(.data)
    .bss                                     0x20000144   Section      168  i2c.o(.bss)
    .bss                                     0x200001ec   Section      216  tim.o(.bss)
    .bss                                     0x200002c4   Section      208  usart.o(.bss)
    .bss                                     0x20000394   Section       68  bluetooth.o(.bss)
    .bss                                     0x200003d8   Section      264  task.o(.bss)
    .bss                                     0x200004e0   Section       96  libspace.o(.bss)
    HEAP                                     0x20000540   Section      512  startup_stm32f103xb.o(HEAP)
    Heap_Mem                                 0x20000540   Data         512  startup_stm32f103xb.o(HEAP)
    STACK                                    0x20000740   Section     1024  startup_stm32f103xb.o(STACK)
    Stack_Mem                                0x20000740   Data        1024  startup_stm32f103xb.o(STACK)
    __initial_sp                             0x20000b40   Data           0  startup_stm32f103xb.o(STACK)

    Global Symbols

    Symbol Name                              Value     Ov Type        Size  Object(Section)

    BuildAttributes$$THM_ISAv4$P$D$K$B$S$PE$A:L22UL41UL21$X:L11$S22US41US21$IEEE1$IW$USESV6$~STKCKD$USESV7$~SHL$OTIME$ROPI$IEEEX$EBA8$UX$STANDARDLIB$REQ8$PRES8$EABIv2 0x00000000   Number         0  anon$$obj.o ABSOLUTE
    __ARM_use_no_argv                        0x00000000   Number         0  main.o ABSOLUTE
    __ARM_exceptions_init                     - Undefined Weak Reference
    __alloca_initialize                       - Undefined Weak Reference
    __arm_preinit_                            - Undefined Weak Reference
    __cpp_initialize__aeabi_                  - Undefined Weak Reference
    __cxa_finalize                            - Undefined Weak Reference
    __rt_locale                               - Undefined Weak Reference
    __sigvec_lookup                           - Undefined Weak Reference
    _atexit_init                              - Undefined Weak Reference
    _call_atexit_fns                          - Undefined Weak Reference
    _clock_init                               - Undefined Weak Reference
    _fp_trap_init                             - Undefined Weak Reference
    _fp_trap_shutdown                         - Undefined Weak Reference
    _get_lc_collate                           - Undefined Weak Reference
    _get_lc_ctype                             - Undefined Weak Reference
    _get_lc_monetary                          - Undefined Weak Reference
    _get_lc_numeric                           - Undefined Weak Reference
    _get_lc_time                              - Undefined Weak Reference
    _getenv_init                              - Undefined Weak Reference
    _handle_redirection                       - Undefined Weak Reference
    _init_alloc                               - Undefined Weak Reference
    _init_user_alloc                          - Undefined Weak Reference
    _initio                                   - Undefined Weak Reference
    _rand_init                                - Undefined Weak Reference
    _signal_finish                            - Undefined Weak Reference
    _signal_init                              - Undefined Weak Reference
    _terminate_alloc                          - Undefined Weak Reference
    _terminate_user_alloc                     - Undefined Weak Reference
    _terminateio                              - Undefined Weak Reference
    __Vectors_Size                           0x000000ec   Number         0  startup_stm32f103xb.o ABSOLUTE
    __Vectors                                0x08000000   Data           4  startup_stm32f103xb.o(RESET)
    __Vectors_End                            0x080000ec   Data           0  startup_stm32f103xb.o(RESET)
    __main                                   0x080000ed   Thumb Code     8  __main.o(!!!main)
    __scatterload                            0x080000f5   Thumb Code     0  __scatter.o(!!!scatter)
    __scatterload_rt2                        0x080000f5   Thumb Code    44  __scatter.o(!!!scatter)
    __scatterload_rt2_thumb_only             0x080000f5   Thumb Code     0  __scatter.o(!!!scatter)
    __scatterload_null                       0x08000103   Thumb Code     0  __scatter.o(!!!scatter)
    __decompress                             0x08000129   Thumb Code    90  __dczerorl2.o(!!dczerorl2)
    __decompress1                            0x08000129   Thumb Code     0  __dczerorl2.o(!!dczerorl2)
    __scatterload_zeroinit                   0x08000185   Thumb Code    28  __scatter_zi.o(!!handler_zi)
    __rt_lib_init                            0x080001a1   Thumb Code     0  libinit.o(.ARM.Collect$$libinit$$00000000)
    __rt_lib_init_alloca_1                   0x080001a3   Thumb Code     0  libinit2.o(.ARM.Collect$$libinit$$0000002E)
    __rt_lib_init_argv_1                     0x080001a3   Thumb Code     0  libinit2.o(.ARM.Collect$$libinit$$0000002C)
    __rt_lib_init_atexit_1                   0x080001a3   Thumb Code     0  libinit2.o(.ARM.Collect$$libinit$$0000001B)
    __rt_lib_init_clock_1                    0x080001a3   Thumb Code     0  libinit2.o(.ARM.Collect$$libinit$$00000021)
    __rt_lib_init_cpp_1                      0x080001a3   Thumb Code     0  libinit2.o(.ARM.Collect$$libinit$$00000032)
    __rt_lib_init_exceptions_1               0x080001a3   Thumb Code     0  libinit2.o(.ARM.Collect$$libinit$$00000030)
    __rt_lib_init_fp_1                       0x080001a3   Thumb Code     0  libinit2.o(.ARM.Collect$$libinit$$00000002)
    __rt_lib_init_fp_trap_1                  0x080001a3   Thumb Code     0  libinit2.o(.ARM.Collect$$libinit$$0000001F)
    __rt_lib_init_getenv_1                   0x080001a3   Thumb Code     0  libinit2.o(.ARM.Collect$$libinit$$00000023)
    __rt_lib_init_heap_1                     0x080001a3   Thumb Code     0  libinit2.o(.ARM.Collect$$libinit$$0000000A)
    __rt_lib_init_lc_collate_1               0x080001a3   Thumb Code     0  libinit2.o(.ARM.Collect$$libinit$$00000011)
    __rt_lib_init_lc_ctype_1                 0x080001a3   Thumb Code     0  libinit2.o(.ARM.Collect$$libinit$$00000013)
    __rt_lib_init_lc_monetary_1              0x080001a3   Thumb Code     0  libinit2.o(.ARM.Collect$$libinit$$00000015)
    __rt_lib_init_lc_numeric_1               0x080001a3   Thumb Code     0  libinit2.o(.ARM.Collect$$libinit$$00000017)
    __rt_lib_init_lc_time_1                  0x080001a3   Thumb Code     0  libinit2.o(.ARM.Collect$$libinit$$00000019)
    __rt_lib_init_preinit_1                  0x080001a3   Thumb Code     0  libinit2.o(.ARM.Collect$$libinit$$00000004)
    __rt_lib_init_rand_1                     0x080001a3   Thumb Code     0  libinit2.o(.ARM.Collect$$libinit$$0000000E)
    __rt_lib_init_return                     0x080001a3   Thumb Code     0  libinit2.o(.ARM.Collect$$libinit$$00000033)
    __rt_lib_init_signal_1                   0x080001a3   Thumb Code     0  libinit2.o(.ARM.Collect$$libinit$$0000001D)
    __rt_lib_init_stdio_1                    0x080001a3   Thumb Code     0  libinit2.o(.ARM.Collect$$libinit$$00000025)
    __rt_lib_init_user_alloc_1               0x080001a3   Thumb Code     0  libinit2.o(.ARM.Collect$$libinit$$0000000C)
    __rt_lib_shutdown                        0x080001a5   Thumb Code     0  libshutdown.o(.ARM.Collect$$libshutdown$$00000000)
    __rt_lib_shutdown_cpp_1                  0x080001a7   Thumb Code     0  libshutdown2.o(.ARM.Collect$$libshutdown$$00000002)
    __rt_lib_shutdown_fp_trap_1              0x080001a7   Thumb Code     0  libshutdown2.o(.ARM.Collect$$libshutdown$$00000007)
    __rt_lib_shutdown_heap_1                 0x080001a7   Thumb Code     0  libshutdown2.o(.ARM.Collect$$libshutdown$$0000000F)
    __rt_lib_shutdown_return                 0x080001a7   Thumb Code     0  libshutdown2.o(.ARM.Collect$$libshutdown$$00000010)
    __rt_lib_shutdown_signal_1               0x080001a7   Thumb Code     0  libshutdown2.o(.ARM.Collect$$libshutdown$$0000000A)
    __rt_lib_shutdown_stdio_1                0x080001a7   Thumb Code     0  libshutdown2.o(.ARM.Collect$$libshutdown$$00000004)
    __rt_lib_shutdown_user_alloc_1           0x080001a7   Thumb Code     0  libshutdown2.o(.ARM.Collect$$libshutdown$$0000000C)
    __rt_entry                               0x080001a9   Thumb Code     0  __rtentry.o(.ARM.Collect$$rtentry$$00000000)
    __rt_entry_presh_1                       0x080001a9   Thumb Code     0  __rtentry2.o(.ARM.Collect$$rtentry$$00000002)
    __rt_entry_sh                            0x080001a9   Thumb Code     0  __rtentry4.o(.ARM.Collect$$rtentry$$00000004)
    __rt_entry_li                            0x080001af   Thumb Code     0  __rtentry2.o(.ARM.Collect$$rtentry$$0000000A)
    __rt_entry_postsh_1                      0x080001af   Thumb Code     0  __rtentry2.o(.ARM.Collect$$rtentry$$00000009)
    __rt_entry_main                          0x080001b3   Thumb Code     0  __rtentry2.o(.ARM.Collect$$rtentry$$0000000D)
    __rt_entry_postli_1                      0x080001b3   Thumb Code     0  __rtentry2.o(.ARM.Collect$$rtentry$$0000000C)
    __rt_exit                                0x080001bb   Thumb Code     0  rtexit.o(.ARM.Collect$$rtexit$$00000000)
    __rt_exit_ls                             0x080001bd   Thumb Code     0  rtexit2.o(.ARM.Collect$$rtexit$$00000003)
    __rt_exit_prels_1                        0x080001bd   Thumb Code     0  rtexit2.o(.ARM.Collect$$rtexit$$00000002)
    __rt_exit_exit                           0x080001c1   Thumb Code     0  rtexit2.o(.ARM.Collect$$rtexit$$00000004)
    Reset_Handler                            0x080001c9   Thumb Code     8  startup_stm32f103xb.o(.text)
    ADC1_2_IRQHandler                        0x080001e3   Thumb Code     0  startup_stm32f103xb.o(.text)
    CAN1_RX1_IRQHandler                      0x080001e3   Thumb Code     0  startup_stm32f103xb.o(.text)
    CAN1_SCE_IRQHandler                      0x080001e3   Thumb Code     0  startup_stm32f103xb.o(.text)
    DMA1_Channel1_IRQHandler                 0x080001e3   Thumb Code     0  startup_stm32f103xb.o(.text)
    DMA1_Channel2_IRQHandler                 0x080001e3   Thumb Code     0  startup_stm32f103xb.o(.text)
    DMA1_Channel3_IRQHandler                 0x080001e3   Thumb Code     0  startup_stm32f103xb.o(.text)
    DMA1_Channel6_IRQHandler                 0x080001e3   Thumb Code     0  startup_stm32f103xb.o(.text)
    DMA1_Channel7_IRQHandler                 0x080001e3   Thumb Code     0  startup_stm32f103xb.o(.text)
    EXTI0_IRQHandler                         0x080001e3   Thumb Code     0  startup_stm32f103xb.o(.text)
    EXTI15_10_IRQHandler                     0x080001e3   Thumb Code     0  startup_stm32f103xb.o(.text)
    EXTI1_IRQHandler                         0x080001e3   Thumb Code     0  startup_stm32f103xb.o(.text)
    EXTI2_IRQHandler                         0x080001e3   Thumb Code     0  startup_stm32f103xb.o(.text)
    EXTI3_IRQHandler                         0x080001e3   Thumb Code     0  startup_stm32f103xb.o(.text)
    EXTI4_IRQHandler                         0x080001e3   Thumb Code     0  startup_stm32f103xb.o(.text)
    EXTI9_5_IRQHandler                       0x080001e3   Thumb Code     0  startup_stm32f103xb.o(.text)
    FLASH_IRQHandler                         0x080001e3   Thumb Code     0  startup_stm32f103xb.o(.text)
    I2C1_ER_IRQHandler                       0x080001e3   Thumb Code     0  startup_stm32f103xb.o(.text)
    I2C1_EV_IRQHandler                       0x080001e3   Thumb Code     0  startup_stm32f103xb.o(.text)
    I2C2_ER_IRQHandler                       0x080001e3   Thumb Code     0  startup_stm32f103xb.o(.text)
    I2C2_EV_IRQHandler                       0x080001e3   Thumb Code     0  startup_stm32f103xb.o(.text)
    PVD_IRQHandler                           0x080001e3   Thumb Code     0  startup_stm32f103xb.o(.text)
    RCC_IRQHandler                           0x080001e3   Thumb Code     0  startup_stm32f103xb.o(.text)
    RTC_Alarm_IRQHandler                     0x080001e3   Thumb Code     0  startup_stm32f103xb.o(.text)
    RTC_IRQHandler                           0x080001e3   Thumb Code     0  startup_stm32f103xb.o(.text)
    SPI1_IRQHandler                          0x080001e3   Thumb Code     0  startup_stm32f103xb.o(.text)
    SPI2_IRQHandler                          0x080001e3   Thumb Code     0  startup_stm32f103xb.o(.text)
    TAMPER_IRQHandler                        0x080001e3   Thumb Code     0  startup_stm32f103xb.o(.text)
    TIM1_BRK_IRQHandler                      0x080001e3   Thumb Code     0  startup_stm32f103xb.o(.text)
    TIM1_CC_IRQHandler                       0x080001e3   Thumb Code     0  startup_stm32f103xb.o(.text)
    TIM2_IRQHandler                          0x080001e3   Thumb Code     0  startup_stm32f103xb.o(.text)
    TIM3_IRQHandler                          0x080001e3   Thumb Code     0  startup_stm32f103xb.o(.text)
    TIM4_IRQHandler                          0x080001e3   Thumb Code     0  startup_stm32f103xb.o(.text)
    USART2_IRQHandler                        0x080001e3   Thumb Code     0  startup_stm32f103xb.o(.text)
    USART3_IRQHandler                        0x080001e3   Thumb Code     0  startup_stm32f103xb.o(.text)
    USBWakeUp_IRQHandler                     0x080001e3   Thumb Code     0  startup_stm32f103xb.o(.text)
    USB_HP_CAN1_TX_IRQHandler                0x080001e3   Thumb Code     0  startup_stm32f103xb.o(.text)
    USB_LP_CAN1_RX0_IRQHandler               0x080001e3   Thumb Code     0  startup_stm32f103xb.o(.text)
    WWDG_IRQHandler                          0x080001e3   Thumb Code     0  startup_stm32f103xb.o(.text)
    __user_initial_stackheap                 0x080001e5   Thumb Code     0  startup_stm32f103xb.o(.text)
    __aeabi_memclr4                          0x08000209   Thumb Code     0  rt_memclr_w.o(.text)
    __aeabi_memclr8                          0x08000209   Thumb Code     0  rt_memclr_w.o(.text)
    __rt_memclr_w                            0x08000209   Thumb Code    78  rt_memclr_w.o(.text)
    _memset_w                                0x0800020d   Thumb Code     0  rt_memclr_w.o(.text)
    __use_two_region_memory                  0x08000257   Thumb Code     2  heapauxi.o(.text)
    __rt_heap_escrow$2region                 0x08000259   Thumb Code     2  heapauxi.o(.text)
    __rt_heap_expand$2region                 0x0800025b   Thumb Code     2  heapauxi.o(.text)
    __read_errno                             0x0800025d   Thumb Code    10  _rserrno.o(.text)
    __set_errno                              0x08000267   Thumb Code    12  _rserrno.o(.text)
    __aeabi_errno_addr                       0x08000275   Thumb Code     8  rt_errno_addr_intlibspace.o(.text)
    __errno$intlibspace                      0x08000275   Thumb Code     0  rt_errno_addr_intlibspace.o(.text)
    __rt_errno_addr$intlibspace              0x08000275   Thumb Code     0  rt_errno_addr_intlibspace.o(.text)
    __user_libspace                          0x0800027d   Thumb Code     8  libspace.o(.text)
    __user_perproc_libspace                  0x0800027d   Thumb Code     0  libspace.o(.text)
    __user_perthread_libspace                0x0800027d   Thumb Code     0  libspace.o(.text)
    __user_setup_stackheap                   0x08000285   Thumb Code    74  sys_stackheap_outer.o(.text)
    exit                                     0x080002cf   Thumb Code    18  exit.o(.text)
    _sys_exit                                0x080002e1   Thumb Code     8  sys_exit.o(.text)
    __I$use$semihosting                      0x080002ed   Thumb Code     0  use_no_semi.o(.text)
    __use_no_semihosting_swi                 0x080002ed   Thumb Code     2  use_no_semi.o(.text)
    __semihosting_library_function           0x080002ef   Thumb Code     0  indicate_semi.o(.text)
    Balance_Init                             0x080002f1   Thumb Code    70  task.o(i.Balance_Init)
    Balance_Task                             0x08000361   Thumb Code   438  task.o(i.Balance_Task)
    Bluetooth_Data_Process                   0x08000551   Thumb Code   114  bluetooth.o(i.Bluetooth_Data_Process)
    BusFault_Handler                         0x080005d1   Thumb Code     4  stm32f1xx_it.o(i.BusFault_Handler)
    Control_Motor                            0x080005d5   Thumb Code    92  task.o(i.Control_Motor)
    DMA1_Channel4_IRQHandler                 0x08000639   Thumb Code    10  stm32f1xx_it.o(i.DMA1_Channel4_IRQHandler)
    DMA1_Channel5_IRQHandler                 0x08000649   Thumb Code    10  stm32f1xx_it.o(i.DMA1_Channel5_IRQHandler)
    DebugMon_Handler                         0x08000685   Thumb Code     2  stm32f1xx_it.o(i.DebugMon_Handler)
    Error_Handler                            0x08000687   Thumb Code     6  main.o(i.Error_Handler)
    HAL_DMA_Abort                            0x0800068d   Thumb Code    86  stm32f1xx_hal_dma.o(i.HAL_DMA_Abort)
    HAL_DMA_Abort_IT                         0x080006e5   Thumb Code   172  stm32f1xx_hal_dma.o(i.HAL_DMA_Abort_IT)
    HAL_DMA_IRQHandler                       0x08000795   Thumb Code   408  stm32f1xx_hal_dma.o(i.HAL_DMA_IRQHandler)
    HAL_DMA_Init                             0x08000931   Thumb Code   100  stm32f1xx_hal_dma.o(i.HAL_DMA_Init)
    HAL_DMA_Start_IT                         0x08000999   Thumb Code   156  stm32f1xx_hal_dma.o(i.HAL_DMA_Start_IT)
    HAL_Delay                                0x08000a35   Thumb Code    36  stm32f1xx_hal.o(i.HAL_Delay)
    HAL_GPIO_Init                            0x08000a5d   Thumb Code   766  stm32f1xx_hal_gpio.o(i.HAL_GPIO_Init)
    HAL_GPIO_TogglePin                       0x08000d7d   Thumb Code    20  stm32f1xx_hal_gpio.o(i.HAL_GPIO_TogglePin)
    HAL_GPIO_WritePin                        0x08000d91   Thumb Code    12  stm32f1xx_hal_gpio.o(i.HAL_GPIO_WritePin)
    HAL_GetTick                              0x08000d9d   Thumb Code     6  stm32f1xx_hal.o(i.HAL_GetTick)
    HAL_I2C_Init                             0x08000da9   Thumb Code   446  stm32f1xx_hal_i2c.o(i.HAL_I2C_Init)
    HAL_I2C_Mem_Read                         0x08000f79   Thumb Code   868  stm32f1xx_hal_i2c.o(i.HAL_I2C_Mem_Read)
    HAL_I2C_Mem_Write                        0x080012ed   Thumb Code   348  stm32f1xx_hal_i2c.o(i.HAL_I2C_Mem_Write)
    HAL_I2C_MspInit                          0x08001451   Thumb Code   190  i2c.o(i.HAL_I2C_MspInit)
    HAL_IncTick                              0x08001521   Thumb Code    16  stm32f1xx_hal.o(i.HAL_IncTick)
    HAL_Init                                 0x08001539   Thumb Code    34  stm32f1xx_hal.o(i.HAL_Init)
    HAL_InitTick                             0x08001561   Thumb Code    64  stm32f1xx_hal.o(i.HAL_InitTick)
    HAL_MspInit                              0x080015ad   Thumb Code    76  stm32f1xx_hal_msp.o(i.HAL_MspInit)
    HAL_NVIC_EnableIRQ                       0x08001601   Thumb Code    32  stm32f1xx_hal_cortex.o(i.HAL_NVIC_EnableIRQ)
    HAL_NVIC_SetPriority                     0x08001621   Thumb Code   124  stm32f1xx_hal_cortex.o(i.HAL_NVIC_SetPriority)
    HAL_NVIC_SetPriorityGrouping             0x0800169d   Thumb Code    32  stm32f1xx_hal_cortex.o(i.HAL_NVIC_SetPriorityGrouping)
    HAL_RCC_ClockConfig                      0x080016c5   Thumb Code   376  stm32f1xx_hal_rcc.o(i.HAL_RCC_ClockConfig)
    HAL_RCC_GetHCLKFreq                      0x08001851   Thumb Code     6  stm32f1xx_hal_rcc.o(i.HAL_RCC_GetHCLKFreq)
    HAL_RCC_GetPCLK1Freq                     0x0800185d   Thumb Code    22  stm32f1xx_hal_rcc.o(i.HAL_RCC_GetPCLK1Freq)
    HAL_RCC_GetPCLK2Freq                     0x0800187d   Thumb Code    22  stm32f1xx_hal_rcc.o(i.HAL_RCC_GetPCLK2Freq)
    HAL_RCC_GetSysClockFreq                  0x0800189d   Thumb Code    92  stm32f1xx_hal_rcc.o(i.HAL_RCC_GetSysClockFreq)
    HAL_RCC_OscConfig                        0x0800190d   Thumb Code  1114  stm32f1xx_hal_rcc.o(i.HAL_RCC_OscConfig)
    HAL_SYSTICK_Config                       0x08001d71   Thumb Code    52  stm32f1xx_hal_cortex.o(i.HAL_SYSTICK_Config)
    HAL_TIMEx_BreakCallback                  0x08001da5   Thumb Code     2  stm32f1xx_hal_tim_ex.o(i.HAL_TIMEx_BreakCallback)
    HAL_TIMEx_CommutCallback                 0x08001da7   Thumb Code     2  stm32f1xx_hal_tim_ex.o(i.HAL_TIMEx_CommutCallback)
    HAL_TIMEx_MasterConfigSynchronization    0x08001da9   Thumb Code   118  stm32f1xx_hal_tim_ex.o(i.HAL_TIMEx_MasterConfigSynchronization)
    HAL_TIM_Base_Init                        0x08001e2d   Thumb Code   102  stm32f1xx_hal_tim.o(i.HAL_TIM_Base_Init)
    HAL_TIM_Base_MspInit                     0x08001e95   Thumb Code   148  tim.o(i.HAL_TIM_Base_MspInit)
    HAL_TIM_Base_Start_IT                    0x08001f35   Thumb Code   106  stm32f1xx_hal_tim.o(i.HAL_TIM_Base_Start_IT)
    HAL_TIM_ConfigClockSource                0x08001fad   Thumb Code   268  stm32f1xx_hal_tim.o(i.HAL_TIM_ConfigClockSource)
    HAL_TIM_IC_CaptureCallback               0x080020b9   Thumb Code     2  stm32f1xx_hal_tim.o(i.HAL_TIM_IC_CaptureCallback)
    HAL_TIM_IRQHandler                       0x080020bb   Thumb Code   364  stm32f1xx_hal_tim.o(i.HAL_TIM_IRQHandler)
    HAL_TIM_MspPostInit                      0x08002229   Thumb Code   130  tim.o(i.HAL_TIM_MspPostInit)
    HAL_TIM_OC_DelayElapsedCallback          0x080022b9   Thumb Code     2  stm32f1xx_hal_tim.o(i.HAL_TIM_OC_DelayElapsedCallback)
    HAL_TIM_PWM_ConfigChannel                0x080022bb   Thumb Code   260  stm32f1xx_hal_tim.o(i.HAL_TIM_PWM_ConfigChannel)
    HAL_TIM_PWM_Init                         0x080023bf   Thumb Code   102  stm32f1xx_hal_tim.o(i.HAL_TIM_PWM_Init)
    HAL_TIM_PWM_MspInit                      0x08002425   Thumb Code     2  stm32f1xx_hal_tim.o(i.HAL_TIM_PWM_MspInit)
    HAL_TIM_PWM_PulseFinishedCallback        0x08002427   Thumb Code     2  stm32f1xx_hal_tim.o(i.HAL_TIM_PWM_PulseFinishedCallback)
    HAL_TIM_PWM_Start                        0x08002429   Thumb Code   198  stm32f1xx_hal_tim.o(i.HAL_TIM_PWM_Start)
    HAL_TIM_PeriodElapsedCallback            0x080024fd   Thumb Code    80  task.o(i.HAL_TIM_PeriodElapsedCallback)
    HAL_TIM_TriggerCallback                  0x08002565   Thumb Code     2  stm32f1xx_hal_tim.o(i.HAL_TIM_TriggerCallback)
    HAL_UARTEx_ReceiveToIdle_DMA             0x08002567   Thumb Code   112  stm32f1xx_hal_uart.o(i.HAL_UARTEx_ReceiveToIdle_DMA)
    HAL_UARTEx_RxEventCallback               0x080025d9   Thumb Code    48  task.o(i.HAL_UARTEx_RxEventCallback)
    HAL_UART_DMAStop                         0x08002615   Thumb Code   138  stm32f1xx_hal_uart.o(i.HAL_UART_DMAStop)
    HAL_UART_ErrorCallback                   0x0800269f   Thumb Code     2  stm32f1xx_hal_uart.o(i.HAL_UART_ErrorCallback)
    HAL_UART_IRQHandler                      0x080026a1   Thumb Code   736  stm32f1xx_hal_uart.o(i.HAL_UART_IRQHandler)
    HAL_UART_Init                            0x08002985   Thumb Code   118  stm32f1xx_hal_uart.o(i.HAL_UART_Init)
    HAL_UART_MspInit                         0x080029fd   Thumb Code   240  usart.o(i.HAL_UART_MspInit)
    HAL_UART_RxCpltCallback                  0x08002b05   Thumb Code     2  stm32f1xx_hal_uart.o(i.HAL_UART_RxCpltCallback)
    HAL_UART_RxHalfCpltCallback              0x08002b07   Thumb Code     2  stm32f1xx_hal_uart.o(i.HAL_UART_RxHalfCpltCallback)
    HAL_UART_TxCpltCallback                  0x08002b09   Thumb Code     2  stm32f1xx_hal_uart.o(i.HAL_UART_TxCpltCallback)
    HardFault_Handler                        0x08002b0b   Thumb Code     4  stm32f1xx_it.o(i.HardFault_Handler)
    IMU_Update                               0x0800309d   Thumb Code  1482  mpu6050.o(i.IMU_Update)
    Judge_Key                                0x0800367d   Thumb Code    60  bluetooth.o(i.Judge_Key)
    Kalman_getAngle                          0x080036b9   Thumb Code   540  mpu6050.o(i.Kalman_getAngle)
    Key_Scan                                 0x080038d5   Thumb Code   104  bluetooth.o(i.Key_Scan)
    MPU6050_Init                             0x08003949   Thumb Code   168  mpu6050.o(i.MPU6050_Init)
    MX_DMA_Init                              0x080039f9   Thumb Code    64  dma.o(i.MX_DMA_Init)
    MX_GPIO_Init                             0x08003a3d   Thumb Code   194  gpio.o(i.MX_GPIO_Init)
    MX_I2C1_Init                             0x08003b0d   Thumb Code    48  i2c.o(i.MX_I2C1_Init)
    MX_I2C2_Init                             0x08003b49   Thumb Code    48  i2c.o(i.MX_I2C2_Init)
    MX_TIM1_Init                             0x08003b85   Thumb Code   102  tim.o(i.MX_TIM1_Init)
    MX_TIM2_Init                             0x08003bf5   Thumb Code   174  tim.o(i.MX_TIM2_Init)
    MX_TIM3_Init                             0x08003ca9   Thumb Code   156  tim.o(i.MX_TIM3_Init)
    MX_USART1_UART_Init                      0x08003d4d   Thumb Code    46  usart.o(i.MX_USART1_UART_Init)
    MemManage_Handler                        0x08003d85   Thumb Code     4  stm32f1xx_it.o(i.MemManage_Handler)
    Mpu6050_Calculate_PeriodElapsedCallback  0x08003d89   Thumb Code   592  mpu6050.o(i.Mpu6050_Calculate_PeriodElapsedCallback)
    NMI_Handler                              0x08004011   Thumb Code     4  stm32f1xx_it.o(i.NMI_Handler)
    PID_Cale_Init                            0x08004015   Thumb Code    20  pid.o(i.PID_Cale_Init)
    PendSV_Handler                           0x08004029   Thumb Code     2  stm32f1xx_it.o(i.PendSV_Handler)
    SVC_Handler                              0x08004055   Thumb Code     2  stm32f1xx_it.o(i.SVC_Handler)
    SysTick_Handler                          0x08004057   Thumb Code     8  stm32f1xx_it.o(i.SysTick_Handler)
    SystemClock_Config                       0x0800405f   Thumb Code   102  main.o(i.SystemClock_Config)
    SystemInit                               0x080040c5   Thumb Code     2  system_stm32f1xx.o(i.SystemInit)
    TIM1_TRG_COM_IRQHandler                  0x080040c9   Thumb Code    10  stm32f1xx_it.o(i.TIM1_TRG_COM_IRQHandler)
    TIM1_UP_IRQHandler                       0x080040d9   Thumb Code    10  stm32f1xx_it.o(i.TIM1_UP_IRQHandler)
    TIM_Base_SetConfig                       0x080040e9   Thumb Code   120  stm32f1xx_hal_tim.o(i.TIM_Base_SetConfig)
    TIM_CCxChannelCmd                        0x0800416d   Thumb Code    34  stm32f1xx_hal_tim.o(i.TIM_CCxChannelCmd)
    TIM_ETR_SetConfig                        0x0800418f   Thumb Code    22  stm32f1xx_hal_tim.o(i.TIM_ETR_SetConfig)
    TIM_OC2_SetConfig                        0x08004219   Thumb Code   100  stm32f1xx_hal_tim.o(i.TIM_OC2_SetConfig)
    Task_Init                                0x08004381   Thumb Code   178  task.o(i.Task_Init)
    Task_Loop                                0x0800447d   Thumb Code    38  task.o(i.Task_Loop)
    UART_Start_Receive_DMA                   0x08004899   Thumb Code   186  stm32f1xx_hal_uart.o(i.UART_Start_Receive_DMA)
    USART1_IRQHandler                        0x080049c1   Thumb Code    10  stm32f1xx_it.o(i.USART1_IRQHandler)
    UsageFault_Handler                       0x080049d1   Thumb Code     4  stm32f1xx_it.o(i.UsageFault_Handler)
    __ARM_fpclassify                         0x080049d5   Thumb Code    40  fpclassify.o(i.__ARM_fpclassify)
    __ieee754_rem_pio2                       0x08004a35   Thumb Code   828  rred.o(i.__ieee754_rem_pio2)
    __kernel_poly                            0x08004dbd   Thumb Code   170  poly.o(i.__kernel_poly)
    __kernel_tan                             0x08004e69   Thumb Code   586  tan_i.o(i.__kernel_tan)
    __mathlib_dbl_infnan                     0x080050e5   Thumb Code     6  dunder.o(i.__mathlib_dbl_infnan)
    __mathlib_dbl_infnan2                    0x080050eb   Thumb Code     4  dunder.o(i.__mathlib_dbl_infnan2)
    __mathlib_dbl_invalid                    0x080050ef   Thumb Code    12  dunder.o(i.__mathlib_dbl_invalid)
    __mathlib_dbl_underflow                  0x080050fd   Thumb Code    10  dunder.o(i.__mathlib_dbl_underflow)
    asin                                     0x0800510d   Thumb Code   572  asin.o(i.asin)
    atan                                     0x0800537d   Thumb Code   474  atan.o(i.atan)
    atan2                                    0x0800559d   Thumb Code   346  atan2.o(i.atan2)
    main                                     0x0800571d   Thumb Code    52  main.o(i.main)
    sqrt                                     0x08005751   Thumb Code    76  sqrt.o(i.sqrt)
    tan                                      0x0800579d   Thumb Code    90  tan.o(i.tan)
    __aeabi_d2f                              0x08005801   Thumb Code     0  d2f.o(x$fpl$d2f)
    _d2f                                     0x08005801   Thumb Code    98  d2f.o(x$fpl$d2f)
    __aeabi_dadd                             0x08005865   Thumb Code     0  daddsub_clz.o(x$fpl$dadd)
    _dadd                                    0x08005865   Thumb Code   332  daddsub_clz.o(x$fpl$dadd)
    __fpl_dcheck_NaN1                        0x080059b5   Thumb Code    10  dcheck1.o(x$fpl$dcheck1)
    __fpl_dcmp_Inf                           0x080059c5   Thumb Code    24  dcmpi.o(x$fpl$dcmpinf)
    __aeabi_ddiv                             0x080059dd   Thumb Code     0  ddiv.o(x$fpl$ddiv)
    _ddiv                                    0x080059dd   Thumb Code   552  ddiv.o(x$fpl$ddiv)
    __aeabi_d2iz                             0x08005c8d   Thumb Code     0  dfix.o(x$fpl$dfix)
    _dfix                                    0x08005c8d   Thumb Code    94  dfix.o(x$fpl$dfix)
    __aeabi_i2d                              0x08005ceb   Thumb Code     0  dflt_clz.o(x$fpl$dflt)
    _dflt                                    0x08005ceb   Thumb Code    46  dflt_clz.o(x$fpl$dflt)
    __aeabi_ui2d                             0x08005d19   Thumb Code     0  dflt_clz.o(x$fpl$dfltu)
    _dfltu                                   0x08005d19   Thumb Code    38  dflt_clz.o(x$fpl$dfltu)
    __aeabi_cdcmple                          0x08005d41   Thumb Code     0  dleqf.o(x$fpl$dleqf)
    _dcmple                                  0x08005d41   Thumb Code   120  dleqf.o(x$fpl$dleqf)
    __fpl_dcmple_InfNaN                      0x08005da3   Thumb Code     0  dleqf.o(x$fpl$dleqf)
    __aeabi_dmul                             0x08005db9   Thumb Code     0  dmul.o(x$fpl$dmul)
    _dmul                                    0x08005db9   Thumb Code   332  dmul.o(x$fpl$dmul)
    __fpl_dnaninf                            0x08005f0d   Thumb Code   156  dnaninf.o(x$fpl$dnaninf)
    __fpl_dretinf                            0x08005fa9   Thumb Code    12  dretinf.o(x$fpl$dretinf)
    __aeabi_cdrcmple                         0x08005fb5   Thumb Code     0  drleqf.o(x$fpl$drleqf)
    _drcmple                                 0x08005fb5   Thumb Code   108  drleqf.o(x$fpl$drleqf)
    __aeabi_drsub                            0x08006021   Thumb Code     0  daddsub_clz.o(x$fpl$drsb)
    _drsb                                    0x08006021   Thumb Code    22  daddsub_clz.o(x$fpl$drsb)
    _dsqrt                                   0x08006039   Thumb Code   456  dsqrt_noumaal.o(x$fpl$dsqrt)
    __aeabi_dsub                             0x08006205   Thumb Code     0  daddsub_clz.o(x$fpl$dsub)
    _dsub                                    0x08006205   Thumb Code   464  daddsub_clz.o(x$fpl$dsub)
    __aeabi_f2d                              0x080063d9   Thumb Code     0  f2d.o(x$fpl$f2d)
    _f2d                                     0x080063d9   Thumb Code    86  f2d.o(x$fpl$f2d)
    __aeabi_fadd                             0x08006431   Thumb Code     0  faddsub_clz.o(x$fpl$fadd)
    _fadd                                    0x08006431   Thumb Code   196  faddsub_clz.o(x$fpl$fadd)
    __fpl_fcmp_Inf                           0x080064f5   Thumb Code    24  fcmpi.o(x$fpl$fcmpinf)
    __aeabi_fdiv                             0x0800650d   Thumb Code     0  fdiv.o(x$fpl$fdiv)
    _fdiv                                    0x0800650d   Thumb Code   384  fdiv.o(x$fpl$fdiv)
    __aeabi_cfcmpeq                          0x08006691   Thumb Code     0  feqf.o(x$fpl$feqf)
    _fcmpeq                                  0x08006691   Thumb Code   104  feqf.o(x$fpl$feqf)
    __aeabi_f2iz                             0x080066f9   Thumb Code     0  ffix.o(x$fpl$ffix)
    _ffix                                    0x080066f9   Thumb Code    54  ffix.o(x$fpl$ffix)
    __aeabi_i2f                              0x08006731   Thumb Code     0  fflt_clz.o(x$fpl$fflt)
    _fflt                                    0x08006731   Thumb Code    48  fflt_clz.o(x$fpl$fflt)
    __aeabi_fmul                             0x08006761   Thumb Code     0  fmul.o(x$fpl$fmul)
    _fmul                                    0x08006761   Thumb Code   258  fmul.o(x$fpl$fmul)
    __fpl_fnaninf                            0x08006863   Thumb Code   140  fnaninf.o(x$fpl$fnaninf)
    __fpl_fretinf                            0x080068ef   Thumb Code    10  fretinf.o(x$fpl$fretinf)
    __aeabi_fsub                             0x080068f9   Thumb Code     0  faddsub_clz.o(x$fpl$fsub)
    _fsub                                    0x080068f9   Thumb Code   234  faddsub_clz.o(x$fpl$fsub)
    __fpl_return_NaN                         0x080069e3   Thumb Code   100  retnan.o(x$fpl$retnan)
    __ARM_scalbn                             0x08006a47   Thumb Code    92  scalbn.o(x$fpl$scalbn)
    __fpl_cmpreturn                          0x08006aa3   Thumb Code    48  trapv.o(x$fpl$trapveneer)
    __I$use$fp                               0x08006ad2   Number         0  usenofp.o(x$fpl$usenofp)
    AHBPrescTable                            0x08006ae4   Data          16  system_stm32f1xx.o(.constdata)
    APBPrescTable                            0x08006af4   Data           8  system_stm32f1xx.o(.constdata)
    __mathlib_zero                           0x08006be8   Data           8  qnan.o(.constdata)
    Region$$Table$$Base                      0x08006d18   Number         0  anon$$obj.o(Region$$Table)
    Region$$Table$$Limit                     0x08006d38   Number         0  anon$$obj.o(Region$$Table)
    uwTick                                   0x20000000   Data           4  stm32f1xx_hal.o(.data)
    uwTickPrio                               0x20000004   Data           4  stm32f1xx_hal.o(.data)
    uwTickFreq                               0x20000008   Data           1  stm32f1xx_hal.o(.data)
    SystemCoreClock                          0x2000000c   Data           4  system_stm32f1xx.o(.data)
    i2c_timeout                              0x20000010   Data           2  mpu6050.o(.data)
    timer                                    0x20000014   Data           4  mpu6050.o(.data)
    yaw_angle                                0x20000018   Data           4  mpu6050.o(.data)
    KalmanX                                  0x20000020   Data          72  mpu6050.o(.data)
    KalmanY                                  0x20000068   Data          72  mpu6050.o(.data)
    KalmanZ                                  0x200000b0   Data          72  mpu6050.o(.data)
    check                                    0x200000f8   Data           1  mpu6050.o(.data)
    q0                                       0x200000fc   Data           4  mpu6050.o(.data)
    q1                                       0x20000100   Data           4  mpu6050.o(.data)
    q2                                       0x20000104   Data           4  mpu6050.o(.data)
    q3                                       0x20000108   Data           4  mpu6050.o(.data)
    exInt                                    0x2000010c   Data           4  mpu6050.o(.data)
    eyInt                                    0x20000110   Data           4  mpu6050.o(.data)
    ezInt                                    0x20000114   Data           4  mpu6050.o(.data)
    init_finished                            0x20000118   Data           1  task.o(.data)
    Servo_angle_output                       0x2000011c   Data           4  task.o(.data)
    Wheel_pwm                                0x20000120   Data           4  task.o(.data)
    motor2_pwm                               0x20000124   Data           4  task.o(.data)
    Servo_angle_Zero                         0x20000128   Data           4  task.o(.data)
    Wheel_Gy_K                               0x2000012c   Data           4  task.o(.data)
    tmp                                      0x20000130   Data           4  task.o(.data)
    temp                                     0x20000138   Data           8  task.o(.data)
    hi2c1                                    0x20000144   Data          84  i2c.o(.bss)
    hi2c2                                    0x20000198   Data          84  i2c.o(.bss)
    htim1                                    0x200001ec   Data          72  tim.o(.bss)
    htim2                                    0x20000234   Data          72  tim.o(.bss)
    htim3                                    0x2000027c   Data          72  tim.o(.bss)
    huart1                                   0x200002c4   Data          72  usart.o(.bss)
    hdma_usart1_tx                           0x2000030c   Data          68  usart.o(.bss)
    hdma_usart1_rx                           0x20000350   Data          68  usart.o(.bss)
    Bluetooth_RxData                         0x20000394   Data          11  bluetooth.o(.bss)
    RxData                                   0x2000039f   Data          11  bluetooth.o(.bss)
    Pre_RxData                               0x200003aa   Data          11  bluetooth.o(.bss)
    PorcessData                              0x200003b8   Data          32  bluetooth.o(.bss)
    mpu6050                                  0x200003d8   Data          96  task.o(.bss)
    pid_roll                                 0x20000438   Data          40  task.o(.bss)
    pid_windmill                             0x20000460   Data          40  task.o(.bss)
    balance_data                             0x20000488   Data          88  task.o(.bss)
    __libspace_start                         0x200004e0   Data          96  libspace.o(.bss)
    __temporary_stack_top$libspace           0x20000540   Data           0  libspace.o(.bss)



==============================================================================

Memory Map of the image

  Image Entry point : 0x080000ed

  Load Region LR_IROM1 (Base: 0x08000000, Size: 0x00006e7c, Max: 0x00010000, ABSOLUTE, COMPRESSED[0x00006d70])

    Execution Region ER_IROM1 (Exec base: 0x08000000, Load base: 0x08000000, Size: 0x00006d38, Max: 0x00010000, ABSOLUTE)

    Exec Addr    Load Addr    Size         Type   Attr      Idx    E Section Name        Object

    0x08000000   0x08000000   0x000000ec   Data   RO            3    RESET               startup_stm32f103xb.o
    0x080000ec   0x080000ec   0x00000008   Code   RO         3949  * !!!main             c_w.l(__main.o)
    0x080000f4   0x080000f4   0x00000034   Code   RO         4274    !!!scatter          c_w.l(__scatter.o)
    0x08000128   0x08000128   0x0000005a   Code   RO         4272    !!dczerorl2         c_w.l(__dczerorl2.o)
    0x08000182   0x08000182   0x00000002   PAD
    0x08000184   0x08000184   0x0000001c   Code   RO         4276    !!handler_zi        c_w.l(__scatter_zi.o)
    0x080001a0   0x080001a0   0x00000002   Code   RO         4141    .ARM.Collect$$libinit$$00000000  c_w.l(libinit.o)
    0x080001a2   0x080001a2   0x00000000   Code   RO         4147    .ARM.Collect$$libinit$$00000002  c_w.l(libinit2.o)
    0x080001a2   0x080001a2   0x00000000   Code   RO         4149    .ARM.Collect$$libinit$$00000004  c_w.l(libinit2.o)
    0x080001a2   0x080001a2   0x00000000   Code   RO         4152    .ARM.Collect$$libinit$$0000000A  c_w.l(libinit2.o)
    0x080001a2   0x080001a2   0x00000000   Code   RO         4154    .ARM.Collect$$libinit$$0000000C  c_w.l(libinit2.o)
    0x080001a2   0x080001a2   0x00000000   Code   RO         4156    .ARM.Collect$$libinit$$0000000E  c_w.l(libinit2.o)
    0x080001a2   0x080001a2   0x00000000   Code   RO         4159    .ARM.Collect$$libinit$$00000011  c_w.l(libinit2.o)
    0x080001a2   0x080001a2   0x00000000   Code   RO         4161    .ARM.Collect$$libinit$$00000013  c_w.l(libinit2.o)
    0x080001a2   0x080001a2   0x00000000   Code   RO         4163    .ARM.Collect$$libinit$$00000015  c_w.l(libinit2.o)
    0x080001a2   0x080001a2   0x00000000   Code   RO         4165    .ARM.Collect$$libinit$$00000017  c_w.l(libinit2.o)
    0x080001a2   0x080001a2   0x00000000   Code   RO         4167    .ARM.Collect$$libinit$$00000019  c_w.l(libinit2.o)
    0x080001a2   0x080001a2   0x00000000   Code   RO         4169    .ARM.Collect$$libinit$$0000001B  c_w.l(libinit2.o)
    0x080001a2   0x080001a2   0x00000000   Code   RO         4171    .ARM.Collect$$libinit$$0000001D  c_w.l(libinit2.o)
    0x080001a2   0x080001a2   0x00000000   Code   RO         4173    .ARM.Collect$$libinit$$0000001F  c_w.l(libinit2.o)
    0x080001a2   0x080001a2   0x00000000   Code   RO         4175    .ARM.Collect$$libinit$$00000021  c_w.l(libinit2.o)
    0x080001a2   0x080001a2   0x00000000   Code   RO         4177    .ARM.Collect$$libinit$$00000023  c_w.l(libinit2.o)
    0x080001a2   0x080001a2   0x00000000   Code   RO         4179    .ARM.Collect$$libinit$$00000025  c_w.l(libinit2.o)
    0x080001a2   0x080001a2   0x00000000   Code   RO         4183    .ARM.Collect$$libinit$$0000002C  c_w.l(libinit2.o)
    0x080001a2   0x080001a2   0x00000000   Code   RO         4185    .ARM.Collect$$libinit$$0000002E  c_w.l(libinit2.o)
    0x080001a2   0x080001a2   0x00000000   Code   RO         4187    .ARM.Collect$$libinit$$00000030  c_w.l(libinit2.o)
    0x080001a2   0x080001a2   0x00000000   Code   RO         4189    .ARM.Collect$$libinit$$00000032  c_w.l(libinit2.o)
    0x080001a2   0x080001a2   0x00000002   Code   RO         4190    .ARM.Collect$$libinit$$00000033  c_w.l(libinit2.o)
    0x080001a4   0x080001a4   0x00000002   Code   RO         4212    .ARM.Collect$$libshutdown$$00000000  c_w.l(libshutdown.o)
    0x080001a6   0x080001a6   0x00000000   Code   RO         4225    .ARM.Collect$$libshutdown$$00000002  c_w.l(libshutdown2.o)
    0x080001a6   0x080001a6   0x00000000   Code   RO         4227    .ARM.Collect$$libshutdown$$00000004  c_w.l(libshutdown2.o)
    0x080001a6   0x080001a6   0x00000000   Code   RO         4230    .ARM.Collect$$libshutdown$$00000007  c_w.l(libshutdown2.o)
    0x080001a6   0x080001a6   0x00000000   Code   RO         4233    .ARM.Collect$$libshutdown$$0000000A  c_w.l(libshutdown2.o)
    0x080001a6   0x080001a6   0x00000000   Code   RO         4235    .ARM.Collect$$libshutdown$$0000000C  c_w.l(libshutdown2.o)
    0x080001a6   0x080001a6   0x00000000   Code   RO         4238    .ARM.Collect$$libshutdown$$0000000F  c_w.l(libshutdown2.o)
    0x080001a6   0x080001a6   0x00000002   Code   RO         4239    .ARM.Collect$$libshutdown$$00000010  c_w.l(libshutdown2.o)
    0x080001a8   0x080001a8   0x00000000   Code   RO         4055    .ARM.Collect$$rtentry$$00000000  c_w.l(__rtentry.o)
    0x080001a8   0x080001a8   0x00000000   Code   RO         4108    .ARM.Collect$$rtentry$$00000002  c_w.l(__rtentry2.o)
    0x080001a8   0x080001a8   0x00000006   Code   RO         4120    .ARM.Collect$$rtentry$$00000004  c_w.l(__rtentry4.o)
    0x080001ae   0x080001ae   0x00000000   Code   RO         4110    .ARM.Collect$$rtentry$$00000009  c_w.l(__rtentry2.o)
    0x080001ae   0x080001ae   0x00000004   Code   RO         4111    .ARM.Collect$$rtentry$$0000000A  c_w.l(__rtentry2.o)
    0x080001b2   0x080001b2   0x00000000   Code   RO         4113    .ARM.Collect$$rtentry$$0000000C  c_w.l(__rtentry2.o)
    0x080001b2   0x080001b2   0x00000008   Code   RO         4114    .ARM.Collect$$rtentry$$0000000D  c_w.l(__rtentry2.o)
    0x080001ba   0x080001ba   0x00000002   Code   RO         4144    .ARM.Collect$$rtexit$$00000000  c_w.l(rtexit.o)
    0x080001bc   0x080001bc   0x00000000   Code   RO         4194    .ARM.Collect$$rtexit$$00000002  c_w.l(rtexit2.o)
    0x080001bc   0x080001bc   0x00000004   Code   RO         4195    .ARM.Collect$$rtexit$$00000003  c_w.l(rtexit2.o)
    0x080001c0   0x080001c0   0x00000006   Code   RO         4196    .ARM.Collect$$rtexit$$00000004  c_w.l(rtexit2.o)
    0x080001c6   0x080001c6   0x00000002   PAD
    0x080001c8   0x080001c8   0x00000040   Code   RO            4    .text               startup_stm32f103xb.o
    0x08000208   0x08000208   0x0000004e   Code   RO         3945    .text               c_w.l(rt_memclr_w.o)
    0x08000256   0x08000256   0x00000006   Code   RO         3947    .text               c_w.l(heapauxi.o)
    0x0800025c   0x0800025c   0x00000016   Code   RO         4056    .text               c_w.l(_rserrno.o)
    0x08000272   0x08000272   0x00000002   PAD
    0x08000274   0x08000274   0x00000008   Code   RO         4125    .text               c_w.l(rt_errno_addr_intlibspace.o)
    0x0800027c   0x0800027c   0x00000008   Code   RO         4129    .text               c_w.l(libspace.o)
    0x08000284   0x08000284   0x0000004a   Code   RO         4132    .text               c_w.l(sys_stackheap_outer.o)
    0x080002ce   0x080002ce   0x00000012   Code   RO         4134    .text               c_w.l(exit.o)
    0x080002e0   0x080002e0   0x0000000c   Code   RO         4204    .text               c_w.l(sys_exit.o)
    0x080002ec   0x080002ec   0x00000002   Code   RO         4215    .text               c_w.l(use_no_semi.o)
    0x080002ee   0x080002ee   0x00000000   Code   RO         4217    .text               c_w.l(indicate_semi.o)
    0x080002ee   0x080002ee   0x00000002   PAD
    0x080002f0   0x080002f0   0x00000070   Code   RO         3858    i.Balance_Init      task.o
    0x08000360   0x08000360   0x000001f0   Code   RO         3859    i.Balance_Task      task.o
    0x08000550   0x08000550   0x00000080   Code   RO         3726    i.Bluetooth_Data_Process  bluetooth.o
    0x080005d0   0x080005d0   0x00000004   Code   RO          383    i.BusFault_Handler  stm32f1xx_it.o
    0x080005d4   0x080005d4   0x00000064   Code   RO         3860    i.Control_Motor     task.o
    0x08000638   0x08000638   0x00000010   Code   RO          384    i.DMA1_Channel4_IRQHandler  stm32f1xx_it.o
    0x08000648   0x08000648   0x00000010   Code   RO          385    i.DMA1_Channel5_IRQHandler  stm32f1xx_it.o
    0x08000658   0x08000658   0x0000002c   Code   RO         1411    i.DMA_SetConfig     stm32f1xx_hal_dma.o
    0x08000684   0x08000684   0x00000002   Code   RO          386    i.DebugMon_Handler  stm32f1xx_it.o
    0x08000686   0x08000686   0x00000006   Code   RO           13    i.Error_Handler     main.o
    0x0800068c   0x0800068c   0x00000056   Code   RO         1412    i.HAL_DMA_Abort     stm32f1xx_hal_dma.o
    0x080006e2   0x080006e2   0x00000002   PAD
    0x080006e4   0x080006e4   0x000000b0   Code   RO         1413    i.HAL_DMA_Abort_IT  stm32f1xx_hal_dma.o
    0x08000794   0x08000794   0x0000019c   Code   RO         1417    i.HAL_DMA_IRQHandler  stm32f1xx_hal_dma.o
    0x08000930   0x08000930   0x00000068   Code   RO         1418    i.HAL_DMA_Init      stm32f1xx_hal_dma.o
    0x08000998   0x08000998   0x0000009c   Code   RO         1422    i.HAL_DMA_Start_IT  stm32f1xx_hal_dma.o
    0x08000a34   0x08000a34   0x00000028   Code   RO         1033    i.HAL_Delay         stm32f1xx_hal.o
    0x08000a5c   0x08000a5c   0x00000320   Code   RO         1348    i.HAL_GPIO_Init     stm32f1xx_hal_gpio.o
    0x08000d7c   0x08000d7c   0x00000014   Code   RO         1351    i.HAL_GPIO_TogglePin  stm32f1xx_hal_gpio.o
    0x08000d90   0x08000d90   0x0000000c   Code   RO         1352    i.HAL_GPIO_WritePin  stm32f1xx_hal_gpio.o
    0x08000d9c   0x08000d9c   0x0000000c   Code   RO         1037    i.HAL_GetTick       stm32f1xx_hal.o
    0x08000da8   0x08000da8   0x000001d0   Code   RO          560    i.HAL_I2C_Init      stm32f1xx_hal_i2c.o
    0x08000f78   0x08000f78   0x00000374   Code   RO          578    i.HAL_I2C_Mem_Read  stm32f1xx_hal_i2c.o
    0x080012ec   0x080012ec   0x00000164   Code   RO          581    i.HAL_I2C_Mem_Write  stm32f1xx_hal_i2c.o
    0x08001450   0x08001450   0x000000d0   Code   RO          234    i.HAL_I2C_MspInit   i2c.o
    0x08001520   0x08001520   0x00000018   Code   RO         1043    i.HAL_IncTick       stm32f1xx_hal.o
    0x08001538   0x08001538   0x00000028   Code   RO         1044    i.HAL_Init          stm32f1xx_hal.o
    0x08001560   0x08001560   0x0000004c   Code   RO         1045    i.HAL_InitTick      stm32f1xx_hal.o
    0x080015ac   0x080015ac   0x00000054   Code   RO          489    i.HAL_MspInit       stm32f1xx_hal_msp.o
    0x08001600   0x08001600   0x00000020   Code   RO         1508    i.HAL_NVIC_EnableIRQ  stm32f1xx_hal_cortex.o
    0x08001620   0x08001620   0x0000007c   Code   RO         1514    i.HAL_NVIC_SetPriority  stm32f1xx_hal_cortex.o
    0x0800169c   0x0800169c   0x00000028   Code   RO         1515    i.HAL_NVIC_SetPriorityGrouping  stm32f1xx_hal_cortex.o
    0x080016c4   0x080016c4   0x0000018c   Code   RO         1201    i.HAL_RCC_ClockConfig  stm32f1xx_hal_rcc.o
    0x08001850   0x08001850   0x0000000c   Code   RO         1206    i.HAL_RCC_GetHCLKFreq  stm32f1xx_hal_rcc.o
    0x0800185c   0x0800185c   0x00000020   Code   RO         1208    i.HAL_RCC_GetPCLK1Freq  stm32f1xx_hal_rcc.o
    0x0800187c   0x0800187c   0x00000020   Code   RO         1209    i.HAL_RCC_GetPCLK2Freq  stm32f1xx_hal_rcc.o
    0x0800189c   0x0800189c   0x00000070   Code   RO         1210    i.HAL_RCC_GetSysClockFreq  stm32f1xx_hal_rcc.o
    0x0800190c   0x0800190c   0x00000464   Code   RO         1213    i.HAL_RCC_OscConfig  stm32f1xx_hal_rcc.o
    0x08001d70   0x08001d70   0x00000034   Code   RO         1519    i.HAL_SYSTICK_Config  stm32f1xx_hal_cortex.o
    0x08001da4   0x08001da4   0x00000002   Code   RO         2751    i.HAL_TIMEx_BreakCallback  stm32f1xx_hal_tim_ex.o
    0x08001da6   0x08001da6   0x00000002   Code   RO         2752    i.HAL_TIMEx_CommutCallback  stm32f1xx_hal_tim_ex.o
    0x08001da8   0x08001da8   0x00000084   Code   RO         2770    i.HAL_TIMEx_MasterConfigSynchronization  stm32f1xx_hal_tim_ex.o
    0x08001e2c   0x08001e2c   0x00000066   Code   RO         2036    i.HAL_TIM_Base_Init  stm32f1xx_hal_tim.o
    0x08001e92   0x08001e92   0x00000002   PAD
    0x08001e94   0x08001e94   0x000000a0   Code   RO          282    i.HAL_TIM_Base_MspInit  tim.o
    0x08001f34   0x08001f34   0x00000078   Code   RO         2041    i.HAL_TIM_Base_Start_IT  stm32f1xx_hal_tim.o
    0x08001fac   0x08001fac   0x0000010c   Code   RO         2045    i.HAL_TIM_ConfigClockSource  stm32f1xx_hal_tim.o
    0x080020b8   0x080020b8   0x00000002   Code   RO         2070    i.HAL_TIM_IC_CaptureCallback  stm32f1xx_hal_tim.o
    0x080020ba   0x080020ba   0x0000016c   Code   RO         2084    i.HAL_TIM_IRQHandler  stm32f1xx_hal_tim.o
    0x08002226   0x08002226   0x00000002   PAD
    0x08002228   0x08002228   0x00000090   Code   RO          283    i.HAL_TIM_MspPostInit  tim.o
    0x080022b8   0x080022b8   0x00000002   Code   RO         2087    i.HAL_TIM_OC_DelayElapsedCallback  stm32f1xx_hal_tim.o
    0x080022ba   0x080022ba   0x00000104   Code   RO         2108    i.HAL_TIM_PWM_ConfigChannel  stm32f1xx_hal_tim.o
    0x080023be   0x080023be   0x00000066   Code   RO         2111    i.HAL_TIM_PWM_Init  stm32f1xx_hal_tim.o
    0x08002424   0x08002424   0x00000002   Code   RO         2113    i.HAL_TIM_PWM_MspInit  stm32f1xx_hal_tim.o
    0x08002426   0x08002426   0x00000002   Code   RO         2114    i.HAL_TIM_PWM_PulseFinishedCallback  stm32f1xx_hal_tim.o
    0x08002428   0x08002428   0x000000d4   Code   RO         2116    i.HAL_TIM_PWM_Start  stm32f1xx_hal_tim.o
    0x080024fc   0x080024fc   0x00000068   Code   RO         3862    i.HAL_TIM_PeriodElapsedCallback  task.o
    0x08002564   0x08002564   0x00000002   Code   RO         2127    i.HAL_TIM_TriggerCallback  stm32f1xx_hal_tim.o
    0x08002566   0x08002566   0x00000070   Code   RO         3028    i.HAL_UARTEx_ReceiveToIdle_DMA  stm32f1xx_hal_uart.o
    0x080025d6   0x080025d6   0x00000002   PAD
    0x080025d8   0x080025d8   0x0000003c   Code   RO         3863    i.HAL_UARTEx_RxEventCallback  task.o
    0x08002614   0x08002614   0x0000008a   Code   RO         3042    i.HAL_UART_DMAStop  stm32f1xx_hal_uart.o
    0x0800269e   0x0800269e   0x00000002   Code   RO         3044    i.HAL_UART_ErrorCallback  stm32f1xx_hal_uart.o
    0x080026a0   0x080026a0   0x000002e4   Code   RO         3047    i.HAL_UART_IRQHandler  stm32f1xx_hal_uart.o
    0x08002984   0x08002984   0x00000076   Code   RO         3048    i.HAL_UART_Init     stm32f1xx_hal_uart.o
    0x080029fa   0x080029fa   0x00000002   PAD
    0x080029fc   0x080029fc   0x00000108   Code   RO          342    i.HAL_UART_MspInit  usart.o
    0x08002b04   0x08002b04   0x00000002   Code   RO         3054    i.HAL_UART_RxCpltCallback  stm32f1xx_hal_uart.o
    0x08002b06   0x08002b06   0x00000002   Code   RO         3055    i.HAL_UART_RxHalfCpltCallback  stm32f1xx_hal_uart.o
    0x08002b08   0x08002b08   0x00000002   Code   RO         3059    i.HAL_UART_TxCpltCallback  stm32f1xx_hal_uart.o
    0x08002b0a   0x08002b0a   0x00000004   Code   RO          387    i.HardFault_Handler  stm32f1xx_it.o
    0x08002b0e   0x08002b0e   0x0000003e   Code   RO          604    i.I2C_IsAcknowledgeFailed  stm32f1xx_hal_i2c.o
    0x08002b4c   0x08002b4c   0x00000160   Code   RO          615    i.I2C_RequestMemoryRead  stm32f1xx_hal_i2c.o
    0x08002cac   0x08002cac   0x000000e0   Code   RO          616    i.I2C_RequestMemoryWrite  stm32f1xx_hal_i2c.o
    0x08002d8c   0x08002d8c   0x00000066   Code   RO          624    i.I2C_WaitOnBTFFlagUntilTimeout  stm32f1xx_hal_i2c.o
    0x08002df2   0x08002df2   0x000000be   Code   RO          625    i.I2C_WaitOnFlagUntilTimeout  stm32f1xx_hal_i2c.o
    0x08002eb0   0x08002eb0   0x000000fa   Code   RO          626    i.I2C_WaitOnMasterAddressFlagUntilTimeout  stm32f1xx_hal_i2c.o
    0x08002faa   0x08002faa   0x0000008a   Code   RO          627    i.I2C_WaitOnRXNEFlagUntilTimeout  stm32f1xx_hal_i2c.o
    0x08003034   0x08003034   0x00000066   Code   RO          630    i.I2C_WaitOnTXEFlagUntilTimeout  stm32f1xx_hal_i2c.o
    0x0800309a   0x0800309a   0x00000002   PAD
    0x0800309c   0x0800309c   0x000005e0   Code   RO         3443    i.IMU_Update        mpu6050.o
    0x0800367c   0x0800367c   0x0000003c   Code   RO         3727    i.Judge_Key         bluetooth.o
    0x080036b8   0x080036b8   0x0000021c   Code   RO         3444    i.Kalman_getAngle   mpu6050.o
    0x080038d4   0x080038d4   0x00000074   Code   RO         3728    i.Key_Scan          bluetooth.o
    0x08003948   0x08003948   0x000000b0   Code   RO         3445    i.MPU6050_Init      mpu6050.o
    0x080039f8   0x080039f8   0x00000044   Code   RO          209    i.MX_DMA_Init       dma.o
    0x08003a3c   0x08003a3c   0x000000d0   Code   RO          185    i.MX_GPIO_Init      gpio.o
    0x08003b0c   0x08003b0c   0x0000003c   Code   RO          235    i.MX_I2C1_Init      i2c.o
    0x08003b48   0x08003b48   0x0000003c   Code   RO          236    i.MX_I2C2_Init      i2c.o
    0x08003b84   0x08003b84   0x00000070   Code   RO          284    i.MX_TIM1_Init      tim.o
    0x08003bf4   0x08003bf4   0x000000b4   Code   RO          285    i.MX_TIM2_Init      tim.o
    0x08003ca8   0x08003ca8   0x000000a4   Code   RO          286    i.MX_TIM3_Init      tim.o
    0x08003d4c   0x08003d4c   0x00000038   Code   RO          343    i.MX_USART1_UART_Init  usart.o
    0x08003d84   0x08003d84   0x00000004   Code   RO          388    i.MemManage_Handler  stm32f1xx_it.o
    0x08003d88   0x08003d88   0x00000288   Code   RO         3450    i.Mpu6050_Calculate_PeriodElapsedCallback  mpu6050.o
    0x08004010   0x08004010   0x00000004   Code   RO          389    i.NMI_Handler       stm32f1xx_it.o
    0x08004014   0x08004014   0x00000014   Code   RO         3766    i.PID_Cale_Init     pid.o
    0x08004028   0x08004028   0x00000002   Code   RO          390    i.PendSV_Handler    stm32f1xx_it.o
    0x0800402a   0x0800402a   0x00000002   PAD
    0x0800402c   0x0800402c   0x00000028   Code   RO         1214    i.RCC_Delay         stm32f1xx_hal_rcc.o
    0x08004054   0x08004054   0x00000002   Code   RO          391    i.SVC_Handler       stm32f1xx_it.o
    0x08004056   0x08004056   0x00000008   Code   RO          392    i.SysTick_Handler   stm32f1xx_it.o
    0x0800405e   0x0800405e   0x00000066   Code   RO           14    i.SystemClock_Config  main.o
    0x080040c4   0x080040c4   0x00000002   Code   RO         3392    i.SystemInit        system_stm32f1xx.o
    0x080040c6   0x080040c6   0x00000002   PAD
    0x080040c8   0x080040c8   0x00000010   Code   RO          393    i.TIM1_TRG_COM_IRQHandler  stm32f1xx_it.o
    0x080040d8   0x080040d8   0x00000010   Code   RO          394    i.TIM1_UP_IRQHandler  stm32f1xx_it.o
    0x080040e8   0x080040e8   0x00000084   Code   RO         2129    i.TIM_Base_SetConfig  stm32f1xx_hal_tim.o
    0x0800416c   0x0800416c   0x00000022   Code   RO         2130    i.TIM_CCxChannelCmd  stm32f1xx_hal_tim.o
    0x0800418e   0x0800418e   0x00000016   Code   RO         2140    i.TIM_ETR_SetConfig  stm32f1xx_hal_tim.o
    0x080041a4   0x080041a4   0x00000012   Code   RO         2141    i.TIM_ITRx_SetConfig  stm32f1xx_hal_tim.o
    0x080041b6   0x080041b6   0x00000002   PAD
    0x080041b8   0x080041b8   0x00000060   Code   RO         2142    i.TIM_OC1_SetConfig  stm32f1xx_hal_tim.o
    0x08004218   0x08004218   0x00000068   Code   RO         2143    i.TIM_OC2_SetConfig  stm32f1xx_hal_tim.o
    0x08004280   0x08004280   0x00000068   Code   RO         2144    i.TIM_OC3_SetConfig  stm32f1xx_hal_tim.o
    0x080042e8   0x080042e8   0x00000048   Code   RO         2145    i.TIM_OC4_SetConfig  stm32f1xx_hal_tim.o
    0x08004330   0x08004330   0x00000026   Code   RO         2147    i.TIM_TI1_ConfigInputStage  stm32f1xx_hal_tim.o
    0x08004356   0x08004356   0x00000028   Code   RO         2149    i.TIM_TI2_ConfigInputStage  stm32f1xx_hal_tim.o
    0x0800437e   0x0800437e   0x00000002   PAD
    0x08004380   0x08004380   0x000000fc   Code   RO         3864    i.Task_Init         task.o
    0x0800447c   0x0800447c   0x00000034   Code   RO         3865    i.Task_Loop         task.o
    0x080044b0   0x080044b0   0x00000014   Code   RO         3061    i.UART_DMAAbortOnError  stm32f1xx_hal_uart.o
    0x080044c4   0x080044c4   0x00000050   Code   RO         3062    i.UART_DMAError     stm32f1xx_hal_uart.o
    0x08004514   0x08004514   0x000000b4   Code   RO         3063    i.UART_DMAReceiveCplt  stm32f1xx_hal_uart.o
    0x080045c8   0x080045c8   0x00000024   Code   RO         3065    i.UART_DMARxHalfCplt  stm32f1xx_hal_uart.o
    0x080045ec   0x080045ec   0x0000006c   Code   RO         3071    i.UART_EndRxTransfer  stm32f1xx_hal_uart.o
    0x08004658   0x08004658   0x00000020   Code   RO         3072    i.UART_EndTransmit_IT  stm32f1xx_hal_uart.o
    0x08004678   0x08004678   0x00000026   Code   RO         3073    i.UART_EndTxTransfer  stm32f1xx_hal_uart.o
    0x0800469e   0x0800469e   0x000000fc   Code   RO         3074    i.UART_Receive_IT   stm32f1xx_hal_uart.o
    0x0800479a   0x0800479a   0x00000002   PAD
    0x0800479c   0x0800479c   0x000000fc   Code   RO         3075    i.UART_SetConfig    stm32f1xx_hal_uart.o
    0x08004898   0x08004898   0x000000c8   Code   RO         3076    i.UART_Start_Receive_DMA  stm32f1xx_hal_uart.o
    0x08004960   0x08004960   0x00000060   Code   RO         3078    i.UART_Transmit_IT  stm32f1xx_hal_uart.o
    0x080049c0   0x080049c0   0x00000010   Code   RO          395    i.USART1_IRQHandler  stm32f1xx_it.o
    0x080049d0   0x080049d0   0x00000004   Code   RO          396    i.UsageFault_Handler  stm32f1xx_it.o
    0x080049d4   0x080049d4   0x00000028   Code   RO         4091    i.__ARM_fpclassify  m_ws.l(fpclassify.o)
    0x080049fc   0x080049fc   0x00000010   Code   RO         1521    i.__NVIC_GetPriorityGrouping  stm32f1xx_hal_cortex.o
    0x08004a0c   0x08004a0c   0x00000028   Code   RO         1522    i.__NVIC_SetPriority  stm32f1xx_hal_cortex.o
    0x08004a34   0x08004a34   0x00000388   Code   RO         4096    i.__ieee754_rem_pio2  m_ws.l(rred.o)
    0x08004dbc   0x08004dbc   0x000000aa   Code   RO         4093    i.__kernel_poly     m_ws.l(poly.o)
    0x08004e66   0x08004e66   0x00000002   PAD
    0x08004e68   0x08004e68   0x0000027c   Code   RO         4101    i.__kernel_tan      m_ws.l(tan_i.o)
    0x080050e4   0x080050e4   0x00000006   Code   RO         4078    i.__mathlib_dbl_infnan  m_ws.l(dunder.o)
    0x080050ea   0x080050ea   0x00000004   Code   RO         4079    i.__mathlib_dbl_infnan2  m_ws.l(dunder.o)
    0x080050ee   0x080050ee   0x0000000c   Code   RO         4080    i.__mathlib_dbl_invalid  m_ws.l(dunder.o)
    0x080050fa   0x080050fa   0x00000002   PAD
    0x080050fc   0x080050fc   0x00000010   Code   RO         4083    i.__mathlib_dbl_underflow  m_ws.l(dunder.o)
    0x0800510c   0x0800510c   0x00000270   Code   RO         4012    i.asin              m_ws.l(asin.o)
    0x0800537c   0x0800537c   0x00000220   Code   RO         4022    i.atan              m_ws.l(atan.o)
    0x0800559c   0x0800559c   0x00000180   Code   RO         4032    i.atan2             m_ws.l(atan2.o)
    0x0800571c   0x0800571c   0x00000034   Code   RO           15    i.main              main.o
    0x08005750   0x08005750   0x0000004c   Code   RO         4040    i.sqrt              m_ws.l(sqrt.o)
    0x0800579c   0x0800579c   0x00000064   Code   RO         4048    i.tan               m_ws.l(tan.o)
    0x08005800   0x08005800   0x00000062   Code   RO         3951    x$fpl$d2f           fz_ws.l(d2f.o)
    0x08005862   0x08005862   0x00000002   PAD
    0x08005864   0x08005864   0x00000150   Code   RO         3953    x$fpl$dadd          fz_ws.l(daddsub_clz.o)
    0x080059b4   0x080059b4   0x00000010   Code   RO         4127    x$fpl$dcheck1       fz_ws.l(dcheck1.o)
    0x080059c4   0x080059c4   0x00000018   Code   RO         4060    x$fpl$dcmpinf       fz_ws.l(dcmpi.o)
    0x080059dc   0x080059dc   0x000002b0   Code   RO         3960    x$fpl$ddiv          fz_ws.l(ddiv.o)
    0x08005c8c   0x08005c8c   0x0000005e   Code   RO         3965    x$fpl$dfix          fz_ws.l(dfix.o)
    0x08005cea   0x08005cea   0x0000002e   Code   RO         3970    x$fpl$dflt          fz_ws.l(dflt_clz.o)
    0x08005d18   0x08005d18   0x00000026   Code   RO         3969    x$fpl$dfltu         fz_ws.l(dflt_clz.o)
    0x08005d3e   0x08005d3e   0x00000002   PAD
    0x08005d40   0x08005d40   0x00000078   Code   RO         3975    x$fpl$dleqf         fz_ws.l(dleqf.o)
    0x08005db8   0x08005db8   0x00000154   Code   RO         3977    x$fpl$dmul          fz_ws.l(dmul.o)
    0x08005f0c   0x08005f0c   0x0000009c   Code   RO         4062    x$fpl$dnaninf       fz_ws.l(dnaninf.o)
    0x08005fa8   0x08005fa8   0x0000000c   Code   RO         4064    x$fpl$dretinf       fz_ws.l(dretinf.o)
    0x08005fb4   0x08005fb4   0x0000006c   Code   RO         3979    x$fpl$drleqf        fz_ws.l(drleqf.o)
    0x08006020   0x08006020   0x00000016   Code   RO         3954    x$fpl$drsb          fz_ws.l(daddsub_clz.o)
    0x08006036   0x08006036   0x00000002   PAD
    0x08006038   0x08006038   0x000001cc   Code   RO         4066    x$fpl$dsqrt         fz_ws.l(dsqrt_noumaal.o)
    0x08006204   0x08006204   0x000001d4   Code   RO         3955    x$fpl$dsub          fz_ws.l(daddsub_clz.o)
    0x080063d8   0x080063d8   0x00000056   Code   RO         3981    x$fpl$f2d           fz_ws.l(f2d.o)
    0x0800642e   0x0800642e   0x00000002   PAD
    0x08006430   0x08006430   0x000000c4   Code   RO         3983    x$fpl$fadd          fz_ws.l(faddsub_clz.o)
    0x080064f4   0x080064f4   0x00000018   Code   RO         4068    x$fpl$fcmpinf       fz_ws.l(fcmpi.o)
    0x0800650c   0x0800650c   0x00000184   Code   RO         3990    x$fpl$fdiv          fz_ws.l(fdiv.o)
    0x08006690   0x08006690   0x00000068   Code   RO         3993    x$fpl$feqf          fz_ws.l(feqf.o)
    0x080066f8   0x080066f8   0x00000036   Code   RO         3995    x$fpl$ffix          fz_ws.l(ffix.o)
    0x0800672e   0x0800672e   0x00000002   PAD
    0x08006730   0x08006730   0x00000030   Code   RO         4000    x$fpl$fflt          fz_ws.l(fflt_clz.o)
    0x08006760   0x08006760   0x00000102   Code   RO         4007    x$fpl$fmul          fz_ws.l(fmul.o)
    0x08006862   0x08006862   0x0000008c   Code   RO         4070    x$fpl$fnaninf       fz_ws.l(fnaninf.o)
    0x080068ee   0x080068ee   0x0000000a   Code   RO         4072    x$fpl$fretinf       fz_ws.l(fretinf.o)
    0x080068f8   0x080068f8   0x000000ea   Code   RO         3985    x$fpl$fsub          fz_ws.l(faddsub_clz.o)
    0x080069e2   0x080069e2   0x00000064   Code   RO         4142    x$fpl$retnan        fz_ws.l(retnan.o)
    0x08006a46   0x08006a46   0x0000005c   Code   RO         4074    x$fpl$scalbn        fz_ws.l(scalbn.o)
    0x08006aa2   0x08006aa2   0x00000030   Code   RO         4191    x$fpl$trapveneer    fz_ws.l(trapv.o)
    0x08006ad2   0x08006ad2   0x00000000   Code   RO         4076    x$fpl$usenofp       fz_ws.l(usenofp.o)
    0x08006ad2   0x08006ad2   0x00000012   Data   RO         1215    .constdata          stm32f1xx_hal_rcc.o
    0x08006ae4   0x08006ae4   0x00000018   Data   RO         3393    .constdata          system_stm32f1xx.o
    0x08006afc   0x08006afc   0x00000004   PAD
    0x08006b00   0x08006b00   0x00000050   Data   RO         4013    .constdata          m_ws.l(asin.o)
    0x08006b50   0x08006b50   0x00000098   Data   RO         4023    .constdata          m_ws.l(atan.o)
    0x08006be8   0x08006be8   0x00000008   Data   RO         4095    .constdata          m_ws.l(qnan.o)
    0x08006bf0   0x08006bf0   0x000000c8   Data   RO         4098    .constdata          m_ws.l(rred.o)
    0x08006cb8   0x08006cb8   0x00000060   Data   RO         4102    .constdata          m_ws.l(tan_i.o)
    0x08006d18   0x08006d18   0x00000020   Data   RO         4270    Region$$Table       anon$$obj.o


    Execution Region RW_IRAM1 (Exec base: 0x20000000, Load base: 0x08006d38, Size: 0x00000b40, Max: 0x00005000, ABSOLUTE, COMPRESSED[0x00000038])

    Exec Addr    Load Addr    Size         Type   Attr      Idx    E Section Name        Object

    0x20000000   COMPRESSED   0x00000009   Data   RW         1051    .data               stm32f1xx_hal.o
    0x20000009   COMPRESSED   0x00000003   PAD
    0x2000000c   COMPRESSED   0x00000004   Data   RW         3394    .data               system_stm32f1xx.o
    0x20000010   COMPRESSED   0x00000108   Data   RW         3452    .data               mpu6050.o
    0x20000118   COMPRESSED   0x00000029   Data   RW         3867    .data               task.o
    0x20000141   COMPRESSED   0x00000003   PAD
    0x20000144        -       0x000000a8   Zero   RW          237    .bss                i2c.o
    0x200001ec        -       0x000000d8   Zero   RW          287    .bss                tim.o
    0x200002c4        -       0x000000d0   Zero   RW          344    .bss                usart.o
    0x20000394        -       0x00000044   Zero   RW         3729    .bss                bluetooth.o
    0x200003d8        -       0x00000108   Zero   RW         3866    .bss                task.o
    0x200004e0        -       0x00000060   Zero   RW         4130    .bss                c_w.l(libspace.o)
    0x20000540        -       0x00000200   Zero   RW            2    HEAP                startup_stm32f103xb.o
    0x20000740        -       0x00000400   Zero   RW            1    STACK               startup_stm32f103xb.o


==============================================================================

Image component sizes


      Code (inc. data)   RO Data    RW Data    ZI Data      Debug   Object Name

       304         26          0          0         68       3281   bluetooth.o
        68          4          0          0          0        758   dma.o
       208         14          0          0          0        963   gpio.o
       328         42          0          0        168       2226   i2c.o
       160          0          0          0          0     435946   main.o
      2868        128          0        264          0       6100   mpu6050.o
        20          0          0          0          0       1404   pid.o
        64         26        236          0       1536        816   startup_stm32f103xb.o
       192         36          0          9          0       5917   stm32f1xx_hal.o
       304         22          0          0          0      29435   stm32f1xx_hal_cortex.o
       978         12          0          0          0       4886   stm32f1xx_hal_dma.o
       832         34          0          0          0       3301   stm32f1xx_hal_gpio.o
      3124         50          0          0          0      11638   stm32f1xx_hal_i2c.o
        84          8          0          0          0        902   stm32f1xx_hal_msp.o
      1748         98         18          0          0       5996   stm32f1xx_hal_rcc.o
      2098         60          0          0          0      15820   stm32f1xx_hal_tim.o
       136         14          0          0          0       2437   stm32f1xx_hal_tim_ex.o
      2410         22          0          0          0      14432   stm32f1xx_hal_uart.o
       114         30          0          0          0       6323   stm32f1xx_it.o
         2          0         24          4          0       1131   system_stm32f1xx.o
      1176        232          0         41        264       5619   task.o
       760         50          0          0        216       3842   tim.o
       320         34          0          0        208       1848   usart.o

    ----------------------------------------------------------------------
     18320        942        314        324       2460     565021   Object Totals
         0          0         32          0          0          0   (incl. Generated)
        22          0          4          6          0          0   (incl. Padding)

    ----------------------------------------------------------------------

      Code (inc. data)   RO Data    RW Data    ZI Data      Debug   Library Member Name

        90          0          0          0          0          0   __dczerorl2.o
         8          0          0          0          0         68   __main.o
         0          0          0          0          0          0   __rtentry.o
        12          0          0          0          0          0   __rtentry2.o
         6          0          0          0          0          0   __rtentry4.o
        52          8          0          0          0          0   __scatter.o
        28          0          0          0          0          0   __scatter_zi.o
        22          0          0          0          0        100   _rserrno.o
        18          0          0          0          0         80   exit.o
         6          0          0          0          0        152   heapauxi.o
         0          0          0          0          0          0   indicate_semi.o
         2          0          0          0          0          0   libinit.o
         2          0          0          0          0          0   libinit2.o
         2          0          0          0          0          0   libshutdown.o
         2          0          0          0          0          0   libshutdown2.o
         8          4          0          0         96         68   libspace.o
         8          4          0          0          0         68   rt_errno_addr_intlibspace.o
        78          0          0          0          0         80   rt_memclr_w.o
         2          0          0          0          0          0   rtexit.o
        10          0          0          0          0          0   rtexit2.o
        12          4          0          0          0         68   sys_exit.o
        74          0          0          0          0         80   sys_stackheap_outer.o
         2          0          0          0          0         68   use_no_semi.o
        98          4          0          0          0         92   d2f.o
       826         16          0          0          0        348   daddsub_clz.o
        16          4          0          0          0         68   dcheck1.o
        24          0          0          0          0         68   dcmpi.o
       688        140          0          0          0        208   ddiv.o
        94          4          0          0          0         92   dfix.o
        84          0          0          0          0        136   dflt_clz.o
       120          4          0          0          0         92   dleqf.o
       340         12          0          0          0        104   dmul.o
       156          4          0          0          0         92   dnaninf.o
        12          0          0          0          0         68   dretinf.o
       108          0          0          0          0         80   drleqf.o
       460         56          0          0          0        120   dsqrt_noumaal.o
        86          4          0          0          0         84   f2d.o
       430          8          0          0          0        168   faddsub_clz.o
        24          0          0          0          0         68   fcmpi.o
       388         76          0          0          0         96   fdiv.o
       104          4          0          0          0         84   feqf.o
        54          4          0          0          0         84   ffix.o
        48          0          0          0          0         68   fflt_clz.o
       258          4          0          0          0         84   fmul.o
       140          4          0          0          0         84   fnaninf.o
        10          0          0          0          0         68   fretinf.o
       100          0          0          0          0         68   retnan.o
        92          0          0          0          0         68   scalbn.o
        48          0          0          0          0         68   trapv.o
         0          0          0          0          0          0   usenofp.o
       624         52         80          0          0        168   asin.o
       544         70        152          0          0        124   atan.o
       384         38          0          0          0        144   atan2.o
        38          6          0          0          0        272   dunder.o
        40          0          0          0          0         68   fpclassify.o
       170          0          0          0          0         96   poly.o
         0          0          8          0          0          0   qnan.o
       904         76        200          0          0        140   rred.o
        76          0          0          0          0         84   sqrt.o
       100         10          0          0          0         96   tan.o
       636         50         96          0          0        168   tan_i.o

    ----------------------------------------------------------------------
      8790        670        536          0         96       4852   Library Totals
        22          0          0          0          0          0   (incl. Padding)

    ----------------------------------------------------------------------

      Code (inc. data)   RO Data    RW Data    ZI Data      Debug   Library Name

       444         20          0          0         96        832   c_w.l
      4808        348          0          0          0       2660   fz_ws.l
      3516        302        536          0          0       1360   m_ws.l

    ----------------------------------------------------------------------
      8790        670        536          0         96       4852   Library Totals

    ----------------------------------------------------------------------

==============================================================================


      Code (inc. data)   RO Data    RW Data    ZI Data      Debug   

     27110       1612        850        324       2556     560925   Grand Totals
     27110       1612        850         56       2556     560925   ELF Image Totals (compressed)
     27110       1612        850         56          0          0   ROM Totals

==============================================================================

    Total RO  Size (Code + RO Data)                27960 (  27.30kB)
    Total RW  Size (RW Data + ZI Data)              2880 (   2.81kB)
    Total ROM Size (Code + RO Data + RW Data)      28016 (  27.36kB)

==============================================================================

