<html>
<body>
<pre>
<h1>µVision Build Log</h1>
<h2>Tool Versions:</h2>
IDE-Version: ¦ÌVision V5.39.0.0
Copyright (C) 2023 ARM Ltd and ARM Germany GmbH. All rights reserved.
License Information: 1 zxf, 1, LIC=EXJT4-F5LV2-WF8I7-EEYK8-LQ262-920LD
 
Tool Versions:
Toolchain:       MDK-ARM Plus  Version: 5.39.0.0
Toolchain Path:  D:\Keil_v5\ARM\ARMCC\Bin
C Compiler:      Armcc.exe V5.06 update 6 (build 750)
Assembler:       Armasm.exe V5.06 update 6 (build 750)
Linker/Locator:  ArmLink.exe V5.06 update 6 (build 750)
Library Manager: ArmAr.exe V5.06 update 6 (build 750)
Hex Converter:   FromElf.exe V5.06 update 6 (build 750)
CPU DLL:         SARMCM3.DLL V5.39.0.0
Dialog DLL:      DCM.DLL V1.17.5.0
Target DLL:      Segger\JL2CM3.dll V2.99.43.0
Dialog DLL:      TCM.DLL V1.56.4.0
 
<h2>Project:</h2>
D:\A-homework\Bicycle\24.STM32-MPU6050\24.STM32-MPU6050\MDK-ARM\24.STM32-MPU6050.uvprojx
Project File Date:  12/28/2025

<h2>Output:</h2>
*** Using Compiler 'V5.06 update 6 (build 750)', folder: 'D:\Keil_v5\ARM\ARMCC\Bin'
Rebuild target '24.STM32-MPU6050'
assembling startup_stm32f103xb.s...
compiling tim.c...
compiling usart.c...
compiling stm32f1xx_it.c...
compiling main.c...
../User/Task/task.h(10): warning:  #1295-D: Deprecated declaration Task_Init - give arg types
  extern void Task_Init();
../User/Task/task.h(11): warning:  #1295-D: Deprecated declaration Task_Loop - give arg types
  extern void Task_Loop();
../User/Task/task.h(13): warning:  #1-D: last line of file ends without a newline
  #endif
../Core/Src/main.c: 3 warnings, 0 errors
compiling stm32f1xx_hal_msp.c...
compiling i2c.c...
compiling stm32f1xx_hal.c...
compiling dma.c...
compiling stm32f1xx_hal_gpio_ex.c...
compiling gpio.c...
compiling stm32f1xx_hal_gpio.c...
compiling stm32f1xx_hal_rcc_ex.c...
compiling stm32f1xx_hal_rcc.c...
compiling stm32f1xx_hal_dma.c...
compiling font.c...
compiling pid.c...
..\User\Alg\pid.c(106): warning:  #1-D: last line of file ends without a newline
  /************************ COPYRIGHT(C) USTC-ROBOWALKER **************************/
..\User\Alg\pid.c: 1 warning, 0 errors
compiling stm32f1xx_hal_i2c.c...
compiling stm32f1xx_hal_cortex.c...
compiling stm32f1xx_hal_exti.c...
compiling stm32f1xx_hal_pwr.c...
compiling stm32f1xx_hal_flash_ex.c...
compiling stm32f1xx_hal_flash.c...
compiling system_stm32f1xx.c...
compiling mpu6050.c...
compiling BlueTooth.c...
..\BSP\Bluetooth.h(39): warning:  #1295-D: Deprecated declaration Key_Scan - give arg types
  void Key_Scan();
..\BSP\BlueTooth.c: 1 warning, 0 errors
compiling OLED.c...
..\BSP\OLED.c(163): warning:  #188-D: enumerated type mixed with another type
  		OLED_SetPixel(column, page * 8 + i, !((data >> i) & 0x01));
..\BSP\OLED.c(211): warning:  #188-D: enumerated type mixed with another type
  		OLED_SetPixel(x, y + i, !((data >> i) & 0x01));
..\BSP\OLED.c: 2 warnings, 0 errors
compiling stm32f1xx_hal_uart.c...
compiling task.c...
..\User\Task\task.h(10): warning:  #1295-D: Deprecated declaration Task_Init - give arg types
  extern void Task_Init();
..\User\Task\task.h(11): warning:  #1295-D: Deprecated declaration Task_Loop - give arg types
  extern void Task_Loop();
..\User\Task\task.h(13): warning:  #1-D: last line of file ends without a newline
  #endif
../BSP/BlueTooth.h(39): warning:  #1295-D: Deprecated declaration Key_Scan - give arg types
  void Key_Scan();
..\User\Task\task.c(157): warning:  #1-D: last line of file ends without a newline
  #endif
..\User\Task\task.c: 5 warnings, 0 errors
compiling stm32f1xx_hal_tim_ex.c...
compiling stm32f1xx_hal_tim.c...
linking...
Program Size: Code=19814 RO-data=474 RW-data=200 ZI-data=2472  
FromELF: creating hex file...
"24.STM32-MPU6050\STM32-MPU6050.axf" - 0 Error(s), 12 Warning(s).

<h2>Software Packages used:</h2>

Package Vendor: ARM
                http://www.keil.com/pack/ARM.CMSIS.5.9.0.pack
                ARM::CMSIS@5.9.0
                CMSIS (Common Microcontroller Software Interface Standard)
   * Component: CORE Version: 5.6.0

Package Vendor: Keil
                https://www.keil.com/pack/Keil.STM32F1xx_DFP.2.4.1.pack
                Keil::STM32F1xx_DFP@2.4.1
                STMicroelectronics STM32F1 Series Device Support, Drivers and Examples

<h2>Collection of Component include folders:</h2>
  ./RTE/_24.STM32-MPU6050
  D:/Keil_v5/ARM/Packs/ARM/CMSIS/5.9.0/CMSIS/Core/Include
  D:/Keil_v5/ARM/Packs/Keil/STM32F1xx_DFP/2.4.1/Device/Include

<h2>Collection of Component Files used:</h2>

   * Component: ARM::CMSIS:CORE@5.6.0
      Include file:  CMSIS/Core/Include/tz_context.h
Build Time Elapsed:  00:00:07
</pre>
</body>
</html>
