Component: ARM Compiler 5.06 update 6 (build 750) Tool: armlink [4d35ed]

==============================================================================

Section Cross References

    startup_stm32f103xb.o(STACK) refers (Special) to heapauxi.o(.text) for __use_two_region_memory
    startup_stm32f103xb.o(HEAP) refers (Special) to heapauxi.o(.text) for __use_two_region_memory
    startup_stm32f103xb.o(RESET) refers (Special) to heapauxi.o(.text) for __use_two_region_memory
    startup_stm32f103xb.o(RESET) refers to startup_stm32f103xb.o(STACK) for __initial_sp
    startup_stm32f103xb.o(RESET) refers to startup_stm32f103xb.o(.text) for Reset_Handler
    startup_stm32f103xb.o(RESET) refers to stm32f1xx_it.o(i.NMI_Handler) for NMI_Handler
    startup_stm32f103xb.o(RESET) refers to stm32f1xx_it.o(i.HardFault_Handler) for HardFault_Handler
    startup_stm32f103xb.o(RESET) refers to stm32f1xx_it.o(i.MemManage_Handler) for MemManage_Handler
    startup_stm32f103xb.o(RESET) refers to stm32f1xx_it.o(i.BusFault_Handler) for BusFault_Handler
    startup_stm32f103xb.o(RESET) refers to stm32f1xx_it.o(i.UsageFault_Handler) for UsageFault_Handler
    startup_stm32f103xb.o(RESET) refers to stm32f1xx_it.o(i.SVC_Handler) for SVC_Handler
    startup_stm32f103xb.o(RESET) refers to stm32f1xx_it.o(i.DebugMon_Handler) for DebugMon_Handler
    startup_stm32f103xb.o(RESET) refers to stm32f1xx_it.o(i.PendSV_Handler) for PendSV_Handler
    startup_stm32f103xb.o(RESET) refers to stm32f1xx_it.o(i.SysTick_Handler) for SysTick_Handler
    startup_stm32f103xb.o(RESET) refers to stm32f1xx_it.o(i.DMA1_Channel4_IRQHandler) for DMA1_Channel4_IRQHandler
    startup_stm32f103xb.o(RESET) refers to stm32f1xx_it.o(i.DMA1_Channel5_IRQHandler) for DMA1_Channel5_IRQHandler
    startup_stm32f103xb.o(RESET) refers to stm32f1xx_it.o(i.TIM1_UP_IRQHandler) for TIM1_UP_IRQHandler
    startup_stm32f103xb.o(RESET) refers to stm32f1xx_it.o(i.TIM1_TRG_COM_IRQHandler) for TIM1_TRG_COM_IRQHandler
    startup_stm32f103xb.o(RESET) refers to stm32f1xx_it.o(i.USART1_IRQHandler) for USART1_IRQHandler
    startup_stm32f103xb.o(.text) refers (Special) to heapauxi.o(.text) for __use_two_region_memory
    startup_stm32f103xb.o(.text) refers to system_stm32f1xx.o(i.SystemInit) for SystemInit
    startup_stm32f103xb.o(.text) refers to __main.o(!!!main) for __main
    startup_stm32f103xb.o(.text) refers to startup_stm32f103xb.o(HEAP) for Heap_Mem
    startup_stm32f103xb.o(.text) refers to startup_stm32f103xb.o(STACK) for Stack_Mem
    main.o(i.SystemClock_Config) refers to rt_memclr_w.o(.text) for __aeabi_memclr4
    main.o(i.SystemClock_Config) refers to stm32f1xx_hal_rcc.o(i.HAL_RCC_OscConfig) for HAL_RCC_OscConfig
    main.o(i.SystemClock_Config) refers to stm32f1xx_hal_rcc.o(i.HAL_RCC_ClockConfig) for HAL_RCC_ClockConfig
    main.o(i.main) refers to stm32f1xx_hal.o(i.HAL_Init) for HAL_Init
    main.o(i.main) refers to main.o(i.SystemClock_Config) for SystemClock_Config
    main.o(i.main) refers to gpio.o(i.MX_GPIO_Init) for MX_GPIO_Init
    main.o(i.main) refers to dma.o(i.MX_DMA_Init) for MX_DMA_Init
    main.o(i.main) refers to i2c.o(i.MX_I2C1_Init) for MX_I2C1_Init
    main.o(i.main) refers to i2c.o(i.MX_I2C2_Init) for MX_I2C2_Init
    main.o(i.main) refers to usart.o(i.MX_USART1_UART_Init) for MX_USART1_UART_Init
    main.o(i.main) refers to tim.o(i.MX_TIM1_Init) for MX_TIM1_Init
    main.o(i.main) refers to tim.o(i.MX_TIM2_Init) for MX_TIM2_Init
    main.o(i.main) refers to tim.o(i.MX_TIM3_Init) for MX_TIM3_Init
    main.o(i.main) refers to task.o(i.Task_Init) for Task_Init
    main.o(i.main) refers to task.o(i.Task_Loop) for Task_Loop
    gpio.o(i.MX_GPIO_Init) refers to stm32f1xx_hal_gpio.o(i.HAL_GPIO_WritePin) for HAL_GPIO_WritePin
    gpio.o(i.MX_GPIO_Init) refers to stm32f1xx_hal_gpio.o(i.HAL_GPIO_Init) for HAL_GPIO_Init
    dma.o(i.MX_DMA_Init) refers to stm32f1xx_hal_cortex.o(i.HAL_NVIC_SetPriority) for HAL_NVIC_SetPriority
    dma.o(i.MX_DMA_Init) refers to stm32f1xx_hal_cortex.o(i.HAL_NVIC_EnableIRQ) for HAL_NVIC_EnableIRQ
    i2c.o(i.HAL_I2C_MspDeInit) refers to stm32f1xx_hal_gpio.o(i.HAL_GPIO_DeInit) for HAL_GPIO_DeInit
    i2c.o(i.HAL_I2C_MspInit) refers to stm32f1xx_hal_gpio.o(i.HAL_GPIO_Init) for HAL_GPIO_Init
    i2c.o(i.MX_I2C1_Init) refers to stm32f1xx_hal_i2c.o(i.HAL_I2C_Init) for HAL_I2C_Init
    i2c.o(i.MX_I2C1_Init) refers to main.o(i.Error_Handler) for Error_Handler
    i2c.o(i.MX_I2C1_Init) refers to i2c.o(.bss) for .bss
    i2c.o(i.MX_I2C2_Init) refers to stm32f1xx_hal_i2c.o(i.HAL_I2C_Init) for HAL_I2C_Init
    i2c.o(i.MX_I2C2_Init) refers to main.o(i.Error_Handler) for Error_Handler
    i2c.o(i.MX_I2C2_Init) refers to i2c.o(.bss) for .bss
    tim.o(i.HAL_TIM_Base_MspDeInit) refers to stm32f1xx_hal_cortex.o(i.HAL_NVIC_DisableIRQ) for HAL_NVIC_DisableIRQ
    tim.o(i.HAL_TIM_Base_MspInit) refers to stm32f1xx_hal_cortex.o(i.HAL_NVIC_SetPriority) for HAL_NVIC_SetPriority
[...]
    i.HAL_GetTick                            0x08000930   Section        0  stm32f1xx_hal.o(i.HAL_GetTick)
    i.HAL_I2C_Init                           0x0800093c   Section        0  stm32f1xx_hal_i2c.o(i.HAL_I2C_Init)
    i.HAL_I2C_Mem_Read                       0x08000ac4   Section        0  stm32f1xx_hal_i2c.o(i.HAL_I2C_Mem_Read)
    i.HAL_I2C_Mem_Write                      0x08000d20   Section        0  stm32f1xx_hal_i2c.o(i.HAL_I2C_Mem_Write)
    i.HAL_I2C_MspInit                        0x08000e50   Section        0  i2c.o(i.HAL_I2C_MspInit)
    i.HAL_IncTick                            0x08000ee8   Section        0  stm32f1xx_hal.o(i.HAL_IncTick)
    i.HAL_Init                               0x08000ef8   Section        0  stm32f1xx_hal.o(i.HAL_Init)
    i.HAL_InitTick                           0x08000f1c   Section        0  stm32f1xx_hal.o(i.HAL_InitTick)
    i.HAL_MspInit                            0x08000f5c   Section        0  stm32f1xx_hal_msp.o(i.HAL_MspInit)
    i.HAL_NVIC_EnableIRQ                     0x08000f98   Section        0  stm32f1xx_hal_cortex.o(i.HAL_NVIC_EnableIRQ)
    i.HAL_NVIC_SetPriority                   0x08000fb4   Section        0  stm32f1xx_hal_cortex.o(i.HAL_NVIC_SetPriority)
    i.HAL_NVIC_SetPriorityGrouping           0x08000ff4   Section        0  stm32f1xx_hal_cortex.o(i.HAL_NVIC_SetPriorityGrouping)
    i.HAL_RCC_ClockConfig                    0x08001018   Section        0  stm32f1xx_hal_rcc.o(i.HAL_RCC_ClockConfig)
    i.HAL_RCC_GetPCLK1Freq                   0x08001144   Section        0  stm32f1xx_hal_rcc.o(i.HAL_RCC_GetPCLK1Freq)
    i.HAL_RCC_GetPCLK2Freq                   0x08001164   Section        0  stm32f1xx_hal_rcc.o(i.HAL_RCC_GetPCLK2Freq)
    i.HAL_RCC_GetSysClockFreq                0x08001184   Section        0  stm32f1xx_hal_rcc.o(i.HAL_RCC_GetSysClockFreq)
    i.HAL_RCC_OscConfig                      0x080011d0   Section        0  stm32f1xx_hal_rcc.o(i.HAL_RCC_OscConfig)
    i.HAL_SYSTICK_Config                     0x080014f0   Section        0  stm32f1xx_hal_cortex.o(i.HAL_SYSTICK_Config)
    i.HAL_TIMEx_BreakCallback                0x08001518   Section        0  stm32f1xx_hal_tim_ex.o(i.HAL_TIMEx_BreakCallback)
    i.HAL_TIMEx_CommutCallback               0x0800151a   Section        0  stm32f1xx_hal_tim_ex.o(i.HAL_TIMEx_CommutCallback)
    i.HAL_TIMEx_MasterConfigSynchronization  0x0800151c   Section        0  stm32f1xx_hal_tim_ex.o(i.HAL_TIMEx_MasterConfigSynchronization)
    i.HAL_TIM_Base_Init                      0x08001584   Section        0  stm32f1xx_hal_tim.o(i.HAL_TIM_Base_Init)
    i.HAL_TIM_Base_MspInit                   0x080015e0   Section        0  tim.o(i.HAL_TIM_Base_MspInit)
    i.HAL_TIM_Base_Start_IT                  0x0800165c   Section        0  stm32f1xx_hal_tim.o(i.HAL_TIM_Base_Start_IT)
    i.HAL_TIM_ConfigClockSource              0x080016b4   Section        0  stm32f1xx_hal_tim.o(i.HAL_TIM_ConfigClockSource)
    i.HAL_TIM_IC_CaptureCallback             0x08001790   Section        0  stm32f1xx_hal_tim.o(i.HAL_TIM_IC_CaptureCallback)
    i.HAL_TIM_IRQHandler                     0x08001792   Section        0  stm32f1xx_hal_tim.o(i.HAL_TIM_IRQHandler)
    i.HAL_TIM_MspPostInit                    0x080018c4   Section        0  tim.o(i.HAL_TIM_MspPostInit)
    i.HAL_TIM_OC_DelayElapsedCallback        0x08001928   Section        0  stm32f1xx_hal_tim.o(i.HAL_TIM_OC_DelayElapsedCallback)
    i.HAL_TIM_PWM_ConfigChannel              0x0800192a   Section        0  stm32f1xx_hal_tim.o(i.HAL_TIM_PWM_ConfigChannel)
    i.HAL_TIM_PWM_Init                       0x080019f6   Section        0  stm32f1xx_hal_tim.o(i.HAL_TIM_PWM_Init)
    i.HAL_TIM_PWM_MspInit                    0x08001a50   Section        0  stm32f1xx_hal_tim.o(i.HAL_TIM_PWM_MspInit)
    i.HAL_TIM_PWM_PulseFinishedCallback      0x08001a52   Section        0  stm32f1xx_hal_tim.o(i.HAL_TIM_PWM_PulseFinishedCallback)
    i.HAL_TIM_PWM_Start                      0x08001a54   Section        0  stm32f1xx_hal_tim.o(i.HAL_TIM_PWM_Start)
    i.HAL_TIM_PeriodElapsedCallback          0x08001af0   Section        0  task.o(i.HAL_TIM_PeriodElapsedCallback)
    i.HAL_TIM_TriggerCallback                0x08001c10   Section        0  stm32f1xx_hal_tim.o(i.HAL_TIM_TriggerCallback)
    i.HAL_UARTEx_ReceiveToIdle_DMA           0x08001c12   Section        0  stm32f1xx_hal_uart.o(i.HAL_UARTEx_ReceiveToIdle_DMA)
    i.HAL_UARTEx_RxEventCallback             0x08001c5c   Section        0  task.o(i.HAL_UARTEx_RxEventCallback)
    i.HAL_UART_DMAStop                       0x08001c98   Section        0  stm32f1xx_hal_uart.o(i.HAL_UART_DMAStop)
    i.HAL_UART_ErrorCallback                 0x08001d08   Section        0  stm32f1xx_hal_uart.o(i.HAL_UART_ErrorCallback)
    i.HAL_UART_IRQHandler                    0x08001d0c   Section        0  stm32f1xx_hal_uart.o(i.HAL_UART_IRQHandler)
    i.HAL_UART_Init                          0x08001f78   Section        0  stm32f1xx_hal_uart.o(i.HAL_UART_Init)
    i.HAL_UART_MspInit                       0x08001fdc   Section        0  usart.o(i.HAL_UART_MspInit)
    i.HAL_UART_RxCpltCallback                0x080020b4   Section        0  stm32f1xx_hal_uart.o(i.HAL_UART_RxCpltCallback)
    i.HAL_UART_RxHalfCpltCallback            0x080020b6   Section        0  stm32f1xx_hal_uart.o(i.HAL_UART_RxHalfCpltCallback)
    i.HAL_UART_TxCpltCallback                0x080020b8   Section        0  stm32f1xx_hal_uart.o(i.HAL_UART_TxCpltCallback)
    i.HardFault_Handler                      0x080020ba   Section        0  stm32f1xx_it.o(i.HardFault_Handler)
    i.I2C_IsAcknowledgeFailed                0x080020bc   Section        0  stm32f1xx_hal_i2c.o(i.I2C_IsAcknowledgeFailed)
    I2C_IsAcknowledgeFailed                  0x080020bd   Thumb Code    46  stm32f1xx_hal_i2c.o(i.I2C_IsAcknowledgeFailed)
    i.I2C_RequestMemoryRead                  0x080020ec   Section        0  stm32f1xx_hal_i2c.o(i.I2C_RequestMemoryRead)
    I2C_RequestMemoryRead                    0x080020ed   Thumb Code   246  stm32f1xx_hal_i2c.o(i.I2C_RequestMemoryRead)
    i.I2C_RequestMemoryWrite                 0x080021e8   Section        0  stm32f1xx_hal_i2c.o(i.I2C_RequestMemoryWrite)
    I2C_RequestMemoryWrite                   0x080021e9   Thumb Code   162  stm32f1xx_hal_i2c.o(i.I2C_RequestMemoryWrite)
    i.I2C_WaitOnBTFFlagUntilTimeout          0x08002290   Section        0  stm32f1xx_hal_i2c.o(i.I2C_WaitOnBTFFlagUntilTimeout)
    I2C_WaitOnBTFFlagUntilTimeout            0x08002291   Thumb Code    86  stm32f1xx_hal_i2c.o(i.I2C_WaitOnBTFFlagUntilTimeout)
    i.I2C_WaitOnFlagUntilTimeout             0x080022e8   Section        0  stm32f1xx_hal_i2c.o(i.I2C_WaitOnFlagUntilTimeout)
    I2C_WaitOnFlagUntilTimeout               0x080022e9   Thumb Code   144  stm32f1xx_hal_i2c.o(i.I2C_WaitOnFlagUntilTimeout)
    i.I2C_WaitOnMasterAddressFlagUntilTimeout 0x08002378   Section        0  stm32f1xx_hal_i2c.o(i.I2C_WaitOnMasterAddressFlagUntilTimeout)
    I2C_WaitOnMasterAddressFlagUntilTimeout  0x08002379   Thumb Code   188  stm32f1xx_hal_i2c.o(i.I2C_WaitOnMasterAddressFlagUntilTimeout)
    i.I2C_WaitOnRXNEFlagUntilTimeout         0x08002434   Section        0  stm32f1xx_hal_i2c.o(i.I2C_WaitOnRXNEFlagUntilTimeout)
    I2C_WaitOnRXNEFlagUntilTimeout           0x08002435   Thumb Code   112  stm32f1xx_hal_i2c.o(i.I2C_WaitOnRXNEFlagUntilTimeout)
    i.I2C_WaitOnTXEFlagUntilTimeout          0x080024a4   Section        0  stm32f1xx_hal_i2c.o(i.I2C_WaitOnTXEFlagUntilTimeout)
    I2C_WaitOnTXEFlagUntilTimeout            0x080024a5   Thumb Code    86  stm32f1xx_hal_i2c.o(i.I2C_WaitOnTXEFlagUntilTimeout)
    i.Judge_Key                              0x080024fa   Section        0  bluetooth.o(i.Judge_Key)
    i.Kalman_getAngle                        0x08002518   Section        0  mpu6050.o(i.Kalman_getAngle)
    i.Key_Scan                               0x080026a4   Section        0  bluetooth.o(i.Key_Scan)
    i.MPU6050_Init                           0x0800270c   Section        0  mpu6050.o(i.MPU6050_Init)
    i.MPU6050_Read_All                       0x080027a0   Section        0  mpu6050.o(i.MPU6050_Read_All)
    i.MX_DMA_Init                            0x08002a4c   Section        0  dma.o(i.MX_DMA_Init)
    i.MX_GPIO_Init                           0x08002a88   Section        0  gpio.o(i.MX_GPIO_Init)
    i.MX_I2C1_Init                           0x08002b2c   Section        0  i2c.o(i.MX_I2C1_Init)
    i.MX_I2C2_Init                           0x08002b6c   Section        0  i2c.o(i.MX_I2C2_Init)
    i.MX_TIM1_Init                           0x08002bac   Section        0  tim.o(i.MX_TIM1_Init)
    i.MX_TIM2_Init                           0x08002c14   Section        0  tim.o(i.MX_TIM2_Init)
    i.MX_TIM3_Init                           0x08002cbc   Section        0  tim.o(i.MX_TIM3_Init)
    i.MX_USART1_UART_Init                    0x08002d58   Section        0  usart.o(i.MX_USART1_UART_Init)
    i.Math_Constrain                         0x08002d90   Section        0  pid.o(i.Math_Constrain)
    i.MemManage_Handler                      0x08002db2   Section        0  stm32f1xx_it.o(i.MemManage_Handler)
    i.NMI_Handler                            0x08002db4   Section        0  stm32f1xx_it.o(i.NMI_Handler)
    i.PID_Cale_Init                          0x08002db6   Section        0  pid.o(i.PID_Cale_Init)
    i.PID_Cale_TIM_Adjust_PeriodElapsedCallback 0x08002dc8   Section        0  pid.o(i.PID_Cale_TIM_Adjust_PeriodElapsedCallback)
    i.PendSV_Handler                         0x08002e7a   Section        0  stm32f1xx_it.o(i.PendSV_Handler)
    i.SVC_Handler                            0x08002e7c   Section        0  stm32f1xx_it.o(i.SVC_Handler)
    i.SysTick_Handler                        0x08002e7e   Section        0  stm32f1xx_it.o(i.SysTick_Handler)
    i.SystemClock_Config                     0x08002e82   Section        0  main.o(i.SystemClock_Config)
    i.SystemInit                             0x08002ee0   Section        0  system_stm32f1xx.o(i.SystemInit)
    i.TIM1_TRG_COM_IRQHandler                0x08002ee4   Section        0  stm32f1xx_it.o(i.TIM1_TRG_COM_IRQHandler)
    i.TIM1_UP_IRQHandler                     0x08002ef0   Section        0  stm32f1xx_it.o(i.TIM1_UP_IRQHandler)
    i.TIM_Base_SetConfig                     0x08002efc   Section        0  stm32f1xx_hal_tim.o(i.TIM_Base_SetConfig)
    i.TIM_CCxChannelCmd                      0x08002f74   Section        0  stm32f1xx_hal_tim.o(i.TIM_CCxChannelCmd)
    i.TIM_ETR_SetConfig                      0x08002f8e   Section        0  stm32f1xx_hal_tim.o(i.TIM_ETR_SetConfig)
    i.TIM_ITRx_SetConfig                     0x08002fa2   Section        0  stm32f1xx_hal_tim.o(i.TIM_ITRx_SetConfig)
    TIM_ITRx_SetConfig                       0x08002fa3   Thumb Code    16  stm32f1xx_hal_tim.o(i.TIM_ITRx_SetConfig)
    i.TIM_OC1_SetConfig                      0x08002fb4   Section        0  stm32f1xx_hal_tim.o(i.TIM_OC1_SetConfig)
    TIM_OC1_SetConfig                        0x08002fb5   Thumb Code    74  stm32f1xx_hal_tim.o(i.TIM_OC1_SetConfig)
    i.TIM_OC2_SetConfig                      0x08003004   Section        0  stm32f1xx_hal_tim.o(i.TIM_OC2_SetConfig)
    i.TIM_OC3_SetConfig                      0x0800305c   Section        0  stm32f1xx_hal_tim.o(i.TIM_OC3_SetConfig)
    TIM_OC3_SetConfig                        0x0800305d   Thumb Code    82  stm32f1xx_hal_tim.o(i.TIM_OC3_SetConfig)
    i.TIM_OC4_SetConfig                      0x080030b4   Section        0  stm32f1xx_hal_tim.o(i.TIM_OC4_SetConfig)
    TIM_OC4_SetConfig                        0x080030b5   Thumb Code    64  stm32f1xx_hal_tim.o(i.TIM_OC4_SetConfig)
    i.TIM_TI1_ConfigInputStage               0x080030f8   Section        0  stm32f1xx_hal_tim.o(i.TIM_TI1_ConfigInputStage)
    TIM_TI1_ConfigInputStage                 0x080030f9   Thumb Code    34  stm32f1xx_hal_tim.o(i.TIM_TI1_ConfigInputStage)
    i.TIM_TI2_ConfigInputStage               0x0800311a   Section        0  stm32f1xx_hal_tim.o(i.TIM_TI2_ConfigInputStage)
    TIM_TI2_ConfigInputStage                 0x0800311b   Thumb Code    36  stm32f1xx_hal_tim.o(i.TIM_TI2_ConfigInputStage)
    i.Task_Init                              0x08003140   Section        0  task.o(i.Task_Init)
    i.Task_Loop                              0x0800321c   Section        0  task.o(i.Task_Loop)
    i.UART_DMAAbortOnError                   0x08003254   Section        0  stm32f1xx_hal_uart.o(i.UART_DMAAbortOnError)
    UART_DMAAbortOnError                     0x08003255   Thumb Code    16  stm32f1xx_hal_uart.o(i.UART_DMAAbortOnError)
    i.UART_DMAError                          0x08003264   Section        0  stm32f1xx_hal_uart.o(i.UART_DMAError)
    UART_DMAError                            0x08003265   Thumb Code    74  stm32f1xx_hal_uart.o(i.UART_DMAError)
    i.UART_DMAReceiveCplt                    0x080032ae   Section        0  stm32f1xx_hal_uart.o(i.UART_DMAReceiveCplt)
    UART_DMAReceiveCplt                      0x080032af   Thumb Code   134  stm32f1xx_hal_uart.o(i.UART_DMAReceiveCplt)
    i.UART_DMARxHalfCplt                     0x08003334   Section        0  stm32f1xx_hal_uart.o(i.UART_DMARxHalfCplt)
    UART_DMARxHalfCplt                       0x08003335   Thumb Code    30  stm32f1xx_hal_uart.o(i.UART_DMARxHalfCplt)
    i.UART_EndRxTransfer                     0x08003352   Section        0  stm32f1xx_hal_uart.o(i.UART_EndRxTransfer)
    UART_EndRxTransfer                       0x08003353   Thumb Code    78  stm32f1xx_hal_uart.o(i.UART_EndRxTransfer)
    i.UART_EndTxTransfer                     0x080033a0   Section        0  stm32f1xx_hal_uart.o(i.UART_EndTxTransfer)
    UART_EndTxTransfer                       0x080033a1   Thumb Code    28  stm32f1xx_hal_uart.o(i.UART_EndTxTransfer)
    i.UART_Receive_IT                        0x080033bc   Section        0  stm32f1xx_hal_uart.o(i.UART_Receive_IT)
    UART_Receive_IT                          0x080033bd   Thumb Code   194  stm32f1xx_hal_uart.o(i.UART_Receive_IT)
    i.UART_SetConfig                         0x08003480   Section        0  stm32f1xx_hal_uart.o(i.UART_SetConfig)
    UART_SetConfig                           0x08003481   Thumb Code   178  stm32f1xx_hal_uart.o(i.UART_SetConfig)
    i.UART_Start_Receive_DMA                 0x08003538   Section        0  stm32f1xx_hal_uart.o(i.UART_Start_Receive_DMA)
    i.USART1_IRQHandler                      0x080035c8   Section        0  stm32f1xx_it.o(i.USART1_IRQHandler)
    i.UsageFault_Handler                     0x080035d4   Section        0  stm32f1xx_it.o(i.UsageFault_Handler)
    i.__ARM_fpclassify                       0x080035d6   Section        0  fpclassify.o(i.__ARM_fpclassify)
    i.__NVIC_SetPriority                     0x080035fe   Section        0  stm32f1xx_hal_cortex.o(i.__NVIC_SetPriority)
    __NVIC_SetPriority                       0x080035ff   Thumb Code    32  stm32f1xx_hal_cortex.o(i.__NVIC_SetPriority)
    i.__kernel_poly                          0x0800361e   Section        0  poly.o(i.__kernel_poly)
    i.__mathlib_dbl_infnan                   0x080036c8   Section        0  dunder.o(i.__mathlib_dbl_infnan)
    i.__mathlib_dbl_infnan2                  0x080036ce   Section        0  dunder.o(i.__mathlib_dbl_infnan2)
    i.__mathlib_dbl_underflow                0x080036d4   Section        0  dunder.o(i.__mathlib_dbl_underflow)
    i.atan                                   0x080036e4   Section        0  atan.o(i.atan)
    i.atan2                                  0x08003904   Section        0  atan2.o(i.atan2)
    i.main                                   0x08003a84   Section        0  main.o(i.main)
    i.sqrt                                   0x08003ab6   Section        0  sqrt.o(i.sqrt)
    x$fpl$d2f                                0x08003b04   Section       98  d2f.o(x$fpl$d2f)
    x$fpl$dadd                               0x08003b68   Section      336  daddsub_clz.o(x$fpl$dadd)
    _dadd1                                   0x08003b79   Thumb Code     0  daddsub_clz.o(x$fpl$dadd)
    x$fpl$dcheck1                            0x08003cb8   Section       16  dcheck1.o(x$fpl$dcheck1)
    x$fpl$dcmpinf                            0x08003cc8   Section       24  dcmpi.o(x$fpl$dcmpinf)
    x$fpl$ddiv                               0x08003ce0   Section      688  ddiv.o(x$fpl$ddiv)
    ddiv_entry                               0x08003ce7   Thumb Code     0  ddiv.o(x$fpl$ddiv)
    x$fpl$deqf                               0x08003f90   Section      120  deqf.o(x$fpl$deqf)
    x$fpl$dflt                               0x08004008   Section       46  dflt_clz.o(x$fpl$dflt)
    x$fpl$dfltu                              0x08004036   Section       38  dflt_clz.o(x$fpl$dfltu)
    x$fpl$dleqf                              0x0800405c   Section      120  dleqf.o(x$fpl$dleqf)
    x$fpl$dmul                               0x080040d4   Section      340  dmul.o(x$fpl$dmul)
    x$fpl$dnaninf                            0x08004228   Section      156  dnaninf.o(x$fpl$dnaninf)
    x$fpl$dretinf                            0x080042c4   Section       12  dretinf.o(x$fpl$dretinf)
    x$fpl$drleqf                             0x080042d0   Section      108  drleqf.o(x$fpl$drleqf)
    x$fpl$drsb                               0x0800433c   Section       22  daddsub_clz.o(x$fpl$drsb)
    x$fpl$dsqrt                              0x08004354   Section      460  dsqrt_noumaal.o(x$fpl$dsqrt)
    x$fpl$dsub                               0x08004520   Section      468  daddsub_clz.o(x$fpl$dsub)
    _dsub1                                   0x08004531   Thumb Code     0  daddsub_clz.o(x$fpl$dsub)
    x$fpl$f2d                                0x080046f4   Section       86  f2d.o(x$fpl$f2d)
    x$fpl$fadd                               0x0800474c   Section      196  faddsub_clz.o(x$fpl$fadd)
    _fadd1                                   0x0800475b   Thumb Code     0  faddsub_clz.o(x$fpl$fadd)
    x$fpl$fcmpinf                            0x08004810   Section       24  fcmpi.o(x$fpl$fcmpinf)
    x$fpl$fdiv                               0x08004828   Section      388  fdiv.o(x$fpl$fdiv)
    _fdiv1                                   0x08004829   Thumb Code     0  fdiv.o(x$fpl$fdiv)
    x$fpl$ffix                               0x080049ac   Section       54  ffix.o(x$fpl$ffix)
    x$fpl$fflt                               0x080049e4   Section       48  fflt_clz.o(x$fpl$fflt)
    x$fpl$fleqf                              0x08004a14   Section      104  fleqf.o(x$fpl$fleqf)
    x$fpl$fmul                               0x08004a7c   Section      258  fmul.o(x$fpl$fmul)
    x$fpl$fnaninf                            0x08004b7e   Section      140  fnaninf.o(x$fpl$fnaninf)
    x$fpl$fretinf                            0x08004c0a   Section       10  fretinf.o(x$fpl$fretinf)
    x$fpl$frleqf                             0x08004c14   Section       98  frleqf.o(x$fpl$frleqf)
    x$fpl$fsub                               0x08004c78   Section      234  faddsub_clz.o(x$fpl$fsub)
    _fsub1                                   0x08004c87   Thumb Code     0  faddsub_clz.o(x$fpl$fsub)
    x$fpl$retnan                             0x08004d62   Section      100  retnan.o(x$fpl$retnan)
    x$fpl$scalbn                             0x08004dc6   Section       92  scalbn.o(x$fpl$scalbn)
    x$fpl$trapveneer                         0x08004e22   Section       48  trapv.o(x$fpl$trapveneer)
    .constdata                               0x08004e52   Section       18  stm32f1xx_hal_rcc.o(.constdata)
    x$fpl$usenofp                            0x08004e52   Section        0  usenofp.o(x$fpl$usenofp)
    aPredivFactorTable                       0x08004e52   Data           2  stm32f1xx_hal_rcc.o(.constdata)
    aPLLMULFactorTable                       0x08004e54   Data          16  stm32f1xx_hal_rcc.o(.constdata)
    .constdata                               0x08004e64   Section       16  system_stm32f1xx.o(.constdata)
    .constdata                               0x08004e74   Section        8  system_stm32f1xx.o(.constdata)
    .constdata                               0x08004e80   Section      152  atan.o(.constdata)
    atanhi                                   0x08004e80   Data          32  atan.o(.constdata)
    atanlo                                   0x08004ea0   Data          32  atan.o(.constdata)
    aTodd                                    0x08004ec0   Data          40  atan.o(.constdata)
    aTeven                                   0x08004ee8   Data          48  atan.o(.constdata)
    .constdata                               0x08004f18   Section        8  qnan.o(.constdata)
    .data                                    0x20000000   Section       12  stm32f1xx_hal.o(.data)
    .data                                    0x2000000c   Section        4  system_stm32f1xx.o(.data)
    .data                                    0x20000010   Section      160  mpu6050.o(.data)
    .data                                    0x200000b0   Section       24  task.o(.data)
    mod2                                     0x200000b1   Data           1  task.o(.data)
    .bss                                     0x200000c8   Section      168  i2c.o(.bss)
    .bss                                     0x20000170   Section      216  tim.o(.bss)
    .bss                                     0x20000248   Section      208  usart.o(.bss)
    .bss                                     0x20000318   Section       11  bluetooth.o(.bss)
    .bss                                     0x20000324   Section       56  bluetooth.o(.bss)
    .bss                                     0x20000360   Section      176  task.o(.bss)
    .bss                                     0x20000410   Section       96  libspace.o(.bss)
    HEAP                                     0x20000470   Section      512  startup_stm32f103xb.o(HEAP)
    Heap_Mem                                 0x20000470   Data         512  startup_stm32f103xb.o(HEAP)
    STACK                                    0x20000670   Section     1024  startup_stm32f103xb.o(STACK)
    Stack_Mem                                0x20000670   Data        1024  startup_stm32f103xb.o(STACK)
    __initial_sp                             0x20000a70   Data           0  startup_stm32f103xb.o(STACK)

    Global Symbols

    Symbol Name                              Value     Ov Type        Size  Object(Section)

    BuildAttributes$$THM_ISAv4$P$D$K$B$S$PE$A:L22UL41UL21$X:L11$S22US41US21$IEEE1$IW$USESV6$~STKCKD$USESV7$~SHL$OTIME$ROPI$IEEEX$EBA8$UX$STANDARDLIB$REQ8$PRES8$EABIv2 0x00000000   Number         0  anon$$obj.o ABSOLUTE
    __ARM_use_no_argv                        0x00000000   Number         0  main.o ABSOLUTE
    __ARM_exceptions_init                     - Undefined Weak Reference
    __alloca_initialize                       - Undefined Weak Reference
    __arm_preinit_                            - Undefined Weak Reference
    __cpp_initialize__aeabi_                  - Undefined Weak Reference
    __cxa_finalize                            - Undefined Weak Reference
    __rt_locale                               - Undefined Weak Reference
    __sigvec_lookup                           - Undefined Weak Reference
    _atexit_init                              - Undefined Weak Reference
    _call_atexit_fns                          - Undefined Weak Reference
    _clock_init                               - Undefined Weak Reference
    _fp_trap_init                             - Undefined Weak Reference
    _fp_trap_shutdown                         - Undefined Weak Reference
    _get_lc_collate                           - Undefined Weak Reference
    _get_lc_ctype                             - Undefined Weak Reference
    _get_lc_monetary                          - Undefined Weak Reference
    _get_lc_numeric                           - Undefined Weak Reference
    _get_lc_time                              - Undefined Weak Reference
    _getenv_init                              - Undefined Weak Reference
    _handle_redirection                       - Undefined Weak Reference
    _init_alloc                               - Undefined Weak Reference
    _init_user_alloc                          - Undefined Weak Reference
    _initio                                   - Undefined Weak Reference
    _rand_init                                - Undefined Weak Reference
    _signal_finish                            - Undefined Weak Reference
    _signal_init                              - Undefined Weak Reference
    _terminate_alloc                          - Undefined Weak Reference
    _terminate_user_alloc                     - Undefined Weak Reference
    _terminateio                              - Undefined Weak Reference
    __Vectors_Size                           0x000000ec   Number         0  startup_stm32f103xb.o ABSOLUTE
    __Vectors                                0x08000000   Data           4  startup_stm32f103xb.o(RESET)
    __Vectors_End                            0x080000ec   Data           0  startup_stm32f103xb.o(RESET)
    __main                                   0x080000ed   Thumb Code     8  __main.o(!!!main)
    __scatterload                            0x080000f5   Thumb Code     0  __scatter.o(!!!scatter)
    __scatterload_rt2                        0x080000f5   Thumb Code    44  __scatter.o(!!!scatter)
    __scatterload_rt2_thumb_only             0x080000f5   Thumb Code     0  __scatter.o(!!!scatter)
    __scatterload_null                       0x08000103   Thumb Code     0  __scatter.o(!!!scatter)
    __scatterload_copy                       0x08000129   Thumb Code    26  __scatter_copy.o(!!handler_copy)
    __scatterload_zeroinit                   0x08000145   Thumb Code    28  __scatter_zi.o(!!handler_zi)
    __rt_lib_init                            0x08000161   Thumb Code     0  libinit.o(.ARM.Collect$$libinit$$00000000)
    __rt_lib_init_alloca_1                   0x08000163   Thumb Code     0  libinit2.o(.ARM.Collect$$libinit$$0000002E)
    __rt_lib_init_argv_1                     0x08000163   Thumb Code     0  libinit2.o(.ARM.Collect$$libinit$$0000002C)
    __rt_lib_init_atexit_1                   0x08000163   Thumb Code     0  libinit2.o(.ARM.Collect$$libinit$$0000001B)
    __rt_lib_init_clock_1                    0x08000163   Thumb Code     0  libinit2.o(.ARM.Collect$$libinit$$00000021)
    __rt_lib_init_cpp_1                      0x08000163   Thumb Code     0  libinit2.o(.ARM.Collect$$libinit$$00000032)
    __rt_lib_init_exceptions_1               0x08000163   Thumb Code     0  libinit2.o(.ARM.Collect$$libinit$$00000030)
    __rt_lib_init_fp_1                       0x08000163   Thumb Code     0  libinit2.o(.ARM.Collect$$libinit$$00000002)
    __rt_lib_init_fp_trap_1                  0x08000163   Thumb Code     0  libinit2.o(.ARM.Collect$$libinit$$0000001F)
    __rt_lib_init_getenv_1                   0x08000163   Thumb Code     0  libinit2.o(.ARM.Collect$$libinit$$00000023)
    __rt_lib_init_heap_1                     0x08000163   Thumb Code     0  libinit2.o(.ARM.Collect$$libinit$$0000000A)
    __rt_lib_init_lc_collate_1               0x08000163   Thumb Code     0  libinit2.o(.ARM.Collect$$libinit$$00000011)
    __rt_lib_init_lc_ctype_1                 0x08000163   Thumb Code     0  libinit2.o(.ARM.Collect$$libinit$$00000013)
    __rt_lib_init_lc_monetary_1              0x08000163   Thumb Code     0  libinit2.o(.ARM.Collect$$libinit$$00000015)
    __rt_lib_init_lc_numeric_1               0x08000163   Thumb Code     0  libinit2.o(.ARM.Collect$$libinit$$00000017)
    __rt_lib_init_lc_time_1                  0x08000163   Thumb Code     0  libinit2.o(.ARM.Collect$$libinit$$00000019)
    __rt_lib_init_preinit_1                  0x08000163   Thumb Code     0  libinit2.o(.ARM.Collect$$libinit$$00000004)
    __rt_lib_init_rand_1                     0x08000163   Thumb Code     0  libinit2.o(.ARM.Collect$$libinit$$0000000E)
    __rt_lib_init_return                     0x08000163   Thumb Code     0  libinit2.o(.ARM.Collect$$libinit$$00000033)
    __rt_lib_init_signal_1                   0x08000163   Thumb Code     0  libinit2.o(.ARM.Collect$$libinit$$0000001D)
    __rt_lib_init_stdio_1                    0x08000163   Thumb Code     0  libinit2.o(.ARM.Collect$$libinit$$00000025)
    __rt_lib_init_user_alloc_1               0x08000163   Thumb Code     0  libinit2.o(.ARM.Collect$$libinit$$0000000C)
    __rt_lib_shutdown                        0x08000165   Thumb Code     0  libshutdown.o(.ARM.Collect$$libshutdown$$00000000)
    __rt_lib_shutdown_cpp_1                  0x08000167   Thumb Code     0  libshutdown2.o(.ARM.Collect$$libshutdown$$00000002)
    __rt_lib_shutdown_fp_trap_1              0x08000167   Thumb Code     0  libshutdown2.o(.ARM.Collect$$libshutdown$$00000007)
    __rt_lib_shutdown_heap_1                 0x08000167   Thumb Code     0  libshutdown2.o(.ARM.Collect$$libshutdown$$0000000F)
    __rt_lib_shutdown_return                 0x08000167   Thumb Code     0  libshutdown2.o(.ARM.Collect$$libshutdown$$00000010)
    __rt_lib_shutdown_signal_1               0x08000167   Thumb Code     0  libshutdown2.o(.ARM.Collect$$libshutdown$$0000000A)
    __rt_lib_shutdown_stdio_1                0x08000167   Thumb Code     0  libshutdown2.o(.ARM.Collect$$libshutdown$$00000004)
    __rt_lib_shutdown_user_alloc_1           0x08000167   Thumb Code     0  libshutdown2.o(.ARM.Collect$$libshutdown$$0000000C)
    __rt_entry                               0x08000169   Thumb Code     0  __rtentry.o(.ARM.Collect$$rtentry$$00000000)
    __rt_entry_presh_1                       0x08000169   Thumb Code     0  __rtentry2.o(.ARM.Collect$$rtentry$$00000002)
    __rt_entry_sh                            0x08000169   Thumb Code     0  __rtentry4.o(.ARM.Collect$$rtentry$$00000004)
    __rt_entry_li                            0x0800016f   Thumb Code     0  __rtentry2.o(.ARM.Collect$$rtentry$$0000000A)
    __rt_entry_postsh_1                      0x0800016f   Thumb Code     0  __rtentry2.o(.ARM.Collect$$rtentry$$00000009)
    __rt_entry_main                          0x08000173   Thumb Code     0  __rtentry2.o(.ARM.Collect$$rtentry$$0000000D)
    __rt_entry_postli_1                      0x08000173   Thumb Code     0  __rtentry2.o(.ARM.Collect$$rtentry$$0000000C)
    __rt_exit                                0x0800017b   Thumb Code     0  rtexit.o(.ARM.Collect$$rtexit$$00000000)
    __rt_exit_ls                             0x0800017d   Thumb Code     0  rtexit2.o(.ARM.Collect$$rtexit$$00000003)
    __rt_exit_prels_1                        0x0800017d   Thumb Code     0  rtexit2.o(.ARM.Collect$$rtexit$$00000002)
    __rt_exit_exit                           0x08000181   Thumb Code     0  rtexit2.o(.ARM.Collect$$rtexit$$00000004)
    Reset_Handler                            0x08000189   Thumb Code     8  startup_stm32f103xb.o(.text)
    ADC1_2_IRQHandler                        0x080001a3   Thumb Code     0  startup_stm32f103xb.o(.text)
    CAN1_RX1_IRQHandler                      0x080001a3   Thumb Code     0  startup_stm32f103xb.o(.text)
    CAN1_SCE_IRQHandler                      0x080001a3   Thumb Code     0  startup_stm32f103xb.o(.text)
    DMA1_Channel1_IRQHandler                 0x080001a3   Thumb Code     0  startup_stm32f103xb.o(.text)
    DMA1_Channel2_IRQHandler                 0x080001a3   Thumb Code     0  startup_stm32f103xb.o(.text)
    DMA1_Channel3_IRQHandler                 0x080001a3   Thumb Code     0  startup_stm32f103xb.o(.text)
    DMA1_Channel6_IRQHandler                 0x080001a3   Thumb Code     0  startup_stm32f103xb.o(.text)
    DMA1_Channel7_IRQHandler                 0x080001a3   Thumb Code     0  startup_stm32f103xb.o(.text)
    EXTI0_IRQHandler                         0x080001a3   Thumb Code     0  startup_stm32f103xb.o(.text)
    EXTI15_10_IRQHandler                     0x080001a3   Thumb Code     0  startup_stm32f103xb.o(.text)
    EXTI1_IRQHandler                         0x080001a3   Thumb Code     0  startup_stm32f103xb.o(.text)
    EXTI2_IRQHandler                         0x080001a3   Thumb Code     0  startup_stm32f103xb.o(.text)
    EXTI3_IRQHandler                         0x080001a3   Thumb Code     0  startup_stm32f103xb.o(.text)
    EXTI4_IRQHandler                         0x080001a3   Thumb Code     0  startup_stm32f103xb.o(.text)
    EXTI9_5_IRQHandler                       0x080001a3   Thumb Code     0  startup_stm32f103xb.o(.text)
    FLASH_IRQHandler                         0x080001a3   Thumb Code     0  startup_stm32f103xb.o(.text)
    I2C1_ER_IRQHandler                       0x080001a3   Thumb Code     0  startup_stm32f103xb.o(.text)
    I2C1_EV_IRQHandler                       0x080001a3   Thumb Code     0  startup_stm32f103xb.o(.text)
    I2C2_ER_IRQHandler                       0x080001a3   Thumb Code     0  startup_stm32f103xb.o(.text)
    I2C2_EV_IRQHandler                       0x080001a3   Thumb Code     0  startup_stm32f103xb.o(.text)
    PVD_IRQHandler                           0x080001a3   Thumb Code     0  startup_stm32f103xb.o(.text)
    RCC_IRQHandler                           0x080001a3   Thumb Code     0  startup_stm32f103xb.o(.text)
    RTC_Alarm_IRQHandler                     0x080001a3   Thumb Code     0  startup_stm32f103xb.o(.text)
    RTC_IRQHandler                           0x080001a3   Thumb Code     0  startup_stm32f103xb.o(.text)
    SPI1_IRQHandler                          0x080001a3   Thumb Code     0  startup_stm32f103xb.o(.text)
    SPI2_IRQHandler                          0x080001a3   Thumb Code     0  startup_stm32f103xb.o(.text)
    TAMPER_IRQHandler                        0x080001a3   Thumb Code     0  startup_stm32f103xb.o(.text)
    TIM1_BRK_IRQHandler                      0x080001a3   Thumb Code     0  startup_stm32f103xb.o(.text)
    TIM1_CC_IRQHandler                       0x080001a3   Thumb Code     0  startup_stm32f103xb.o(.text)
    TIM2_IRQHandler                          0x080001a3   Thumb Code     0  startup_stm32f103xb.o(.text)
    TIM3_IRQHandler                          0x080001a3   Thumb Code     0  startup_stm32f103xb.o(.text)
    TIM4_IRQHandler                          0x080001a3   Thumb Code     0  startup_stm32f103xb.o(.text)
    USART2_IRQHandler                        0x080001a3   Thumb Code     0  startup_stm32f103xb.o(.text)
    USART3_IRQHandler                        0x080001a3   Thumb Code     0  startup_stm32f103xb.o(.text)
    USBWakeUp_IRQHandler                     0x080001a3   Thumb Code     0  startup_stm32f103xb.o(.text)
    USB_HP_CAN1_TX_IRQHandler                0x080001a3   Thumb Code     0  startup_stm32f103xb.o(.text)
    USB_LP_CAN1_RX0_IRQHandler               0x080001a3   Thumb Code     0  startup_stm32f103xb.o(.text)
    WWDG_IRQHandler                          0x080001a3   Thumb Code     0  startup_stm32f103xb.o(.text)
    __user_initial_stackheap                 0x080001a5   Thumb Code     0  startup_stm32f103xb.o(.text)
    __aeabi_memclr4                          0x080001c9   Thumb Code     0  rt_memclr_w.o(.text)
    __aeabi_memclr8                          0x080001c9   Thumb Code     0  rt_memclr_w.o(.text)
    __rt_memclr_w                            0x080001c9   Thumb Code    78  rt_memclr_w.o(.text)
    _memset_w                                0x080001cd   Thumb Code     0  rt_memclr_w.o(.text)
    __use_two_region_memory                  0x08000217   Thumb Code     2  heapauxi.o(.text)
    __rt_heap_escrow$2region                 0x08000219   Thumb Code     2  heapauxi.o(.text)
    __rt_heap_expand$2region                 0x0800021b   Thumb Code     2  heapauxi.o(.text)
    __read_errno                             0x0800021d   Thumb Code    10  _rserrno.o(.text)
    __set_errno                              0x08000227   Thumb Code    12  _rserrno.o(.text)
    __aeabi_errno_addr                       0x08000235   Thumb Code     8  rt_errno_addr_intlibspace.o(.text)
    __errno$intlibspace                      0x08000235   Thumb Code     0  rt_errno_addr_intlibspace.o(.text)
    __rt_errno_addr$intlibspace              0x08000235   Thumb Code     0  rt_errno_addr_intlibspace.o(.text)
    __user_libspace                          0x0800023d   Thumb Code     8  libspace.o(.text)
    __user_perproc_libspace                  0x0800023d   Thumb Code     0  libspace.o(.text)
    __user_perthread_libspace                0x0800023d   Thumb Code     0  libspace.o(.text)
    __user_setup_stackheap                   0x08000245   Thumb Code    74  sys_stackheap_outer.o(.text)
    exit                                     0x0800028f   Thumb Code    18  exit.o(.text)
    _sys_exit                                0x080002a1   Thumb Code     8  sys_exit.o(.text)
    __I$use$semihosting                      0x080002ad   Thumb Code     0  use_no_semi.o(.text)
    __use_no_semihosting_swi                 0x080002ad   Thumb Code     2  use_no_semi.o(.text)
    __semihosting_library_function           0x080002af   Thumb Code     0  indicate_semi.o(.text)
    Bluetooth_Data_Process                   0x080002b1   Thumb Code    92  bluetooth.o(i.Bluetooth_Data_Process)
    BusFault_Handler                         0x08000315   Thumb Code     2  stm32f1xx_it.o(i.BusFault_Handler)
    Control_Motor                            0x08000319   Thumb Code    80  task.o(i.Control_Motor)
    Control_Motor2                           0x08000371   Thumb Code    80  task.o(i.Control_Motor2)
    DMA1_Channel4_IRQHandler                 0x080003c9   Thumb Code     6  stm32f1xx_it.o(i.DMA1_Channel4_IRQHandler)
    DMA1_Channel5_IRQHandler                 0x080003d5   Thumb Code     6  stm32f1xx_it.o(i.DMA1_Channel5_IRQHandler)
    DebugMon_Handler                         0x0800040b   Thumb Code     2  stm32f1xx_it.o(i.DebugMon_Handler)
    Error_Handler                            0x0800040d   Thumb Code     4  main.o(i.Error_Handler)
    HAL_DMA_Abort                            0x08000411   Thumb Code    70  stm32f1xx_hal_dma.o(i.HAL_DMA_Abort)
    HAL_DMA_Abort_IT                         0x08000459   Thumb Code   148  stm32f1xx_hal_dma.o(i.HAL_DMA_Abort_IT)
    HAL_DMA_IRQHandler                       0x080004f1   Thumb Code   316  stm32f1xx_hal_dma.o(i.HAL_DMA_IRQHandler)
    HAL_DMA_Init                             0x08000645   Thumb Code    84  stm32f1xx_hal_dma.o(i.HAL_DMA_Init)
    HAL_DMA_Start_IT                         0x080006a1   Thumb Code   112  stm32f1xx_hal_dma.o(i.HAL_DMA_Start_IT)
    HAL_Delay                                0x08000711   Thumb Code    32  stm32f1xx_hal.o(i.HAL_Delay)
    HAL_GPIO_Init                            0x08000735   Thumb Code   446  stm32f1xx_hal_gpio.o(i.HAL_GPIO_Init)
    HAL_GPIO_TogglePin                       0x08000915   Thumb Code    16  stm32f1xx_hal_gpio.o(i.HAL_GPIO_TogglePin)
    HAL_GPIO_WritePin                        0x08000925   Thumb Code    10  stm32f1xx_hal_gpio.o(i.HAL_GPIO_WritePin)
    HAL_GetTick                              0x08000931   Thumb Code     6  stm32f1xx_hal.o(i.HAL_GetTick)
    HAL_I2C_Init                             0x0800093d   Thumb Code   376  stm32f1xx_hal_i2c.o(i.HAL_I2C_Init)
    HAL_I2C_Mem_Read                         0x08000ac5   Thumb Code   586  stm32f1xx_hal_i2c.o(i.HAL_I2C_Mem_Read)
    HAL_I2C_Mem_Write                        0x08000d21   Thumb Code   294  stm32f1xx_hal_i2c.o(i.HAL_I2C_Mem_Write)
    HAL_I2C_MspInit                          0x08000e51   Thumb Code   134  i2c.o(i.HAL_I2C_MspInit)
    HAL_IncTick                              0x08000ee9   Thumb Code    12  stm32f1xx_hal.o(i.HAL_IncTick)
    HAL_Init                                 0x08000ef9   Thumb Code    32  stm32f1xx_hal.o(i.HAL_Init)
    HAL_InitTick                             0x08000f1d   Thumb Code    54  stm32f1xx_hal.o(i.HAL_InitTick)
    HAL_MspInit                              0x08000f5d   Thumb Code    52  stm32f1xx_hal_msp.o(i.HAL_MspInit)
    HAL_NVIC_EnableIRQ                       0x08000f99   Thumb Code    26  stm32f1xx_hal_cortex.o(i.HAL_NVIC_EnableIRQ)
    HAL_NVIC_SetPriority                     0x08000fb5   Thumb Code    60  stm32f1xx_hal_cortex.o(i.HAL_NVIC_SetPriority)
    HAL_NVIC_SetPriorityGrouping             0x08000ff5   Thumb Code    26  stm32f1xx_hal_cortex.o(i.HAL_NVIC_SetPriorityGrouping)
    HAL_RCC_ClockConfig                      0x08001019   Thumb Code   280  stm32f1xx_hal_rcc.o(i.HAL_RCC_ClockConfig)
    HAL_RCC_GetPCLK1Freq                     0x08001145   Thumb Code    20  stm32f1xx_hal_rcc.o(i.HAL_RCC_GetPCLK1Freq)
    HAL_RCC_GetPCLK2Freq                     0x08001165   Thumb Code    20  stm32f1xx_hal_rcc.o(i.HAL_RCC_GetPCLK2Freq)
    HAL_RCC_GetSysClockFreq                  0x08001185   Thumb Code    58  stm32f1xx_hal_rcc.o(i.HAL_RCC_GetSysClockFreq)
    HAL_RCC_OscConfig                        0x080011d1   Thumb Code   778  stm32f1xx_hal_rcc.o(i.HAL_RCC_OscConfig)
    HAL_SYSTICK_Config                       0x080014f1   Thumb Code    40  stm32f1xx_hal_cortex.o(i.HAL_SYSTICK_Config)
    HAL_TIMEx_BreakCallback                  0x08001519   Thumb Code     2  stm32f1xx_hal_tim_ex.o(i.HAL_TIMEx_BreakCallback)
    HAL_TIMEx_CommutCallback                 0x0800151b   Thumb Code     2  stm32f1xx_hal_tim_ex.o(i.HAL_TIMEx_CommutCallback)
    HAL_TIMEx_MasterConfigSynchronization    0x0800151d   Thumb Code    92  stm32f1xx_hal_tim_ex.o(i.HAL_TIMEx_MasterConfigSynchronization)
    HAL_TIM_Base_Init                        0x08001585   Thumb Code    90  stm32f1xx_hal_tim.o(i.HAL_TIM_Base_Init)
    HAL_TIM_Base_MspInit                     0x080015e1   Thumb Code   110  tim.o(i.HAL_TIM_Base_MspInit)
    HAL_TIM_Base_Start_IT                    0x0800165d   Thumb Code    76  stm32f1xx_hal_tim.o(i.HAL_TIM_Base_Start_IT)
    HAL_TIM_ConfigClockSource                0x080016b5   Thumb Code   220  stm32f1xx_hal_tim.o(i.HAL_TIM_ConfigClockSource)
    HAL_TIM_IC_CaptureCallback               0x08001791   Thumb Code     2  stm32f1xx_hal_tim.o(i.HAL_TIM_IC_CaptureCallback)
    HAL_TIM_IRQHandler                       0x08001793   Thumb Code   304  stm32f1xx_hal_tim.o(i.HAL_TIM_IRQHandler)
    HAL_TIM_MspPostInit                      0x080018c5   Thumb Code    88  tim.o(i.HAL_TIM_MspPostInit)
    HAL_TIM_OC_DelayElapsedCallback          0x08001929   Thumb Code     2  stm32f1xx_hal_tim.o(i.HAL_TIM_OC_DelayElapsedCallback)
    HAL_TIM_PWM_ConfigChannel                0x0800192b   Thumb Code   204  stm32f1xx_hal_tim.o(i.HAL_TIM_PWM_ConfigChannel)
    HAL_TIM_PWM_Init                         0x080019f7   Thumb Code    90  stm32f1xx_hal_tim.o(i.HAL_TIM_PWM_Init)
    HAL_TIM_PWM_MspInit                      0x08001a51   Thumb Code     2  stm32f1xx_hal_tim.o(i.HAL_TIM_PWM_MspInit)
    HAL_TIM_PWM_PulseFinishedCallback        0x08001a53   Thumb Code     2  stm32f1xx_hal_tim.o(i.HAL_TIM_PWM_PulseFinishedCallback)
    HAL_TIM_PWM_Start                        0x08001a55   Thumb Code   144  stm32f1xx_hal_tim.o(i.HAL_TIM_PWM_Start)
    HAL_TIM_PeriodElapsedCallback            0x08001af1   Thumb Code   252  task.o(i.HAL_TIM_PeriodElapsedCallback)
    HAL_TIM_TriggerCallback                  0x08001c11   Thumb Code     2  stm32f1xx_hal_tim.o(i.HAL_TIM_TriggerCallback)
    HAL_UARTEx_ReceiveToIdle_DMA             0x08001c13   Thumb Code    74  stm32f1xx_hal_uart.o(i.HAL_UARTEx_ReceiveToIdle_DMA)
    HAL_UARTEx_RxEventCallback               0x08001c5d   Thumb Code    46  task.o(i.HAL_UARTEx_RxEventCallback)
    HAL_UART_DMAStop                         0x08001c99   Thumb Code   112  stm32f1xx_hal_uart.o(i.HAL_UART_DMAStop)
    HAL_UART_ErrorCallback                   0x08001d09   Thumb Code     2  stm32f1xx_hal_uart.o(i.HAL_UART_ErrorCallback)
    HAL_UART_IRQHandler                      0x08001d0d   Thumb Code   616  stm32f1xx_hal_uart.o(i.HAL_UART_IRQHandler)
    HAL_UART_Init                            0x08001f79   Thumb Code   100  stm32f1xx_hal_uart.o(i.HAL_UART_Init)
    HAL_UART_MspInit                         0x08001fdd   Thumb Code   196  usart.o(i.HAL_UART_MspInit)
    HAL_UART_RxCpltCallback                  0x080020b5   Thumb Code     2  stm32f1xx_hal_uart.o(i.HAL_UART_RxCpltCallback)
    HAL_UART_RxHalfCpltCallback              0x080020b7   Thumb Code     2  stm32f1xx_hal_uart.o(i.HAL_UART_RxHalfCpltCallback)
    HAL_UART_TxCpltCallback                  0x080020b9   Thumb Code     2  stm32f1xx_hal_uart.o(i.HAL_UART_TxCpltCallback)
    HardFault_Handler                        0x080020bb   Thumb Code     2  stm32f1xx_it.o(i.HardFault_Handler)
    Judge_Key                                0x080024fb   Thumb Code    30  bluetooth.o(i.Judge_Key)
    Kalman_getAngle                          0x08002519   Thumb Code   396  mpu6050.o(i.Kalman_getAngle)
    Key_Scan                                 0x080026a5   Thumb Code   100  bluetooth.o(i.Key_Scan)
    MPU6050_Init                             0x0800270d   Thumb Code   142  mpu6050.o(i.MPU6050_Init)
    MPU6050_Read_All                         0x080027a1   Thumb Code   634  mpu6050.o(i.MPU6050_Read_All)
    MX_DMA_Init                              0x08002a4d   Thumb Code    56  dma.o(i.MX_DMA_Init)
    MX_GPIO_Init                             0x08002a89   Thumb Code   152  gpio.o(i.MX_GPIO_Init)
    MX_I2C1_Init                             0x08002b2d   Thumb Code    50  i2c.o(i.MX_I2C1_Init)
    MX_I2C2_Init                             0x08002b6d   Thumb Code    50  i2c.o(i.MX_I2C2_Init)
    MX_TIM1_Init                             0x08002bad   Thumb Code    96  tim.o(i.MX_TIM1_Init)
    MX_TIM2_Init                             0x08002c15   Thumb Code   164  tim.o(i.MX_TIM2_Init)
    MX_TIM3_Init                             0x08002cbd   Thumb Code   146  tim.o(i.MX_TIM3_Init)
    MX_USART1_UART_Init                      0x08002d59   Thumb Code    48  usart.o(i.MX_USART1_UART_Init)
    Math_Constrain                           0x08002d91   Thumb Code    34  pid.o(i.Math_Constrain)
    MemManage_Handler                        0x08002db3   Thumb Code     2  stm32f1xx_it.o(i.MemManage_Handler)
    NMI_Handler                              0x08002db5   Thumb Code     2  stm32f1xx_it.o(i.NMI_Handler)
    PID_Cale_Init                            0x08002db7   Thumb Code    18  pid.o(i.PID_Cale_Init)
    PID_Cale_TIM_Adjust_PeriodElapsedCallback 0x08002dc9   Thumb Code   178  pid.o(i.PID_Cale_TIM_Adjust_PeriodElapsedCallback)
    PendSV_Handler                           0x08002e7b   Thumb Code     2  stm32f1xx_it.o(i.PendSV_Handler)
    SVC_Handler                              0x08002e7d   Thumb Code     2  stm32f1xx_it.o(i.SVC_Handler)
    SysTick_Handler                          0x08002e7f   Thumb Code     4  stm32f1xx_it.o(i.SysTick_Handler)
    SystemClock_Config                       0x08002e83   Thumb Code    94  main.o(i.SystemClock_Config)
    SystemInit                               0x08002ee1   Thumb Code     2  system_stm32f1xx.o(i.SystemInit)
    TIM1_TRG_COM_IRQHandler                  0x08002ee5   Thumb Code     6  stm32f1xx_it.o(i.TIM1_TRG_COM_IRQHandler)
    TIM1_UP_IRQHandler                       0x08002ef1   Thumb Code     6  stm32f1xx_it.o(i.TIM1_UP_IRQHandler)
    TIM_Base_SetConfig                       0x08002efd   Thumb Code   108  stm32f1xx_hal_tim.o(i.TIM_Base_SetConfig)
    TIM_CCxChannelCmd                        0x08002f75   Thumb Code    26  stm32f1xx_hal_tim.o(i.TIM_CCxChannelCmd)
    TIM_ETR_SetConfig                        0x08002f8f   Thumb Code    20  stm32f1xx_hal_tim.o(i.TIM_ETR_SetConfig)
    TIM_OC2_SetConfig                        0x08003005   Thumb Code    84  stm32f1xx_hal_tim.o(i.TIM_OC2_SetConfig)
    Task_Init                                0x08003141   Thumb Code   154  task.o(i.Task_Init)
    Task_Loop                                0x0800321d   Thumb Code    44  task.o(i.Task_Loop)
    UART_Start_Receive_DMA                   0x08003539   Thumb Code   130  stm32f1xx_hal_uart.o(i.UART_Start_Receive_DMA)
    USART1_IRQHandler                        0x080035c9   Thumb Code     6  stm32f1xx_it.o(i.USART1_IRQHandler)
    UsageFault_Handler                       0x080035d5   Thumb Code     2  stm32f1xx_it.o(i.UsageFault_Handler)
    __ARM_fpclassify                         0x080035d7   Thumb Code    40  fpclassify.o(i.__ARM_fpclassify)
    __kernel_poly                            0x0800361f   Thumb Code   170  poly.o(i.__kernel_poly)
    __mathlib_dbl_infnan                     0x080036c9   Thumb Code     6  dunder.o(i.__mathlib_dbl_infnan)
    __mathlib_dbl_infnan2                    0x080036cf   Thumb Code     4  dunder.o(i.__mathlib_dbl_infnan2)
    __mathlib_dbl_underflow                  0x080036d5   Thumb Code    10  dunder.o(i.__mathlib_dbl_underflow)
    atan                                     0x080036e5   Thumb Code   474  atan.o(i.atan)
    atan2                                    0x08003905   Thumb Code   346  atan2.o(i.atan2)
    main                                     0x08003a85   Thumb Code    50  main.o(i.main)
    sqrt                                     0x08003ab7   Thumb Code    76  sqrt.o(i.sqrt)
    __aeabi_d2f                              0x08003b05   Thumb Code     0  d2f.o(x$fpl$d2f)
    _d2f                                     0x08003b05   Thumb Code    98  d2f.o(x$fpl$d2f)
    __aeabi_dadd                             0x08003b69   Thumb Code     0  daddsub_clz.o(x$fpl$dadd)
    _dadd                                    0x08003b69   Thumb Code   332  daddsub_clz.o(x$fpl$dadd)
    __fpl_dcheck_NaN1                        0x08003cb9   Thumb Code    10  dcheck1.o(x$fpl$dcheck1)
    __fpl_dcmp_Inf                           0x08003cc9   Thumb Code    24  dcmpi.o(x$fpl$dcmpinf)
    __aeabi_ddiv                             0x08003ce1   Thumb Code     0  ddiv.o(x$fpl$ddiv)
    _ddiv                                    0x08003ce1   Thumb Code   552  ddiv.o(x$fpl$ddiv)
    __aeabi_cdcmpeq                          0x08003f91   Thumb Code     0  deqf.o(x$fpl$deqf)
    _dcmpeq                                  0x08003f91   Thumb Code   120  deqf.o(x$fpl$deqf)
    __aeabi_i2d                              0x08004009   Thumb Code     0  dflt_clz.o(x$fpl$dflt)
    _dflt                                    0x08004009   Thumb Code    46  dflt_clz.o(x$fpl$dflt)
    __aeabi_ui2d                             0x08004037   Thumb Code     0  dflt_clz.o(x$fpl$dfltu)
    _dfltu                                   0x08004037   Thumb Code    38  dflt_clz.o(x$fpl$dfltu)
    __aeabi_cdcmple                          0x0800405d   Thumb Code     0  dleqf.o(x$fpl$dleqf)
    _dcmple                                  0x0800405d   Thumb Code   120  dleqf.o(x$fpl$dleqf)
    __fpl_dcmple_InfNaN                      0x080040bf   Thumb Code     0  dleqf.o(x$fpl$dleqf)
    __aeabi_dmul                             0x080040d5   Thumb Code     0  dmul.o(x$fpl$dmul)
    _dmul                                    0x080040d5   Thumb Code   332  dmul.o(x$fpl$dmul)
    __fpl_dnaninf                            0x08004229   Thumb Code   156  dnaninf.o(x$fpl$dnaninf)
    __fpl_dretinf                            0x080042c5   Thumb Code    12  dretinf.o(x$fpl$dretinf)
    __aeabi_cdrcmple                         0x080042d1   Thumb Code     0  drleqf.o(x$fpl$drleqf)
    _drcmple                                 0x080042d1   Thumb Code   108  drleqf.o(x$fpl$drleqf)
    __aeabi_drsub                            0x0800433d   Thumb Code     0  daddsub_clz.o(x$fpl$drsb)
    _drsb                                    0x0800433d   Thumb Code    22  daddsub_clz.o(x$fpl$drsb)
    _dsqrt                                   0x08004355   Thumb Code   456  dsqrt_noumaal.o(x$fpl$dsqrt)
    __aeabi_dsub                             0x08004521   Thumb Code     0  daddsub_clz.o(x$fpl$dsub)
    _dsub                                    0x08004521   Thumb Code   464  daddsub_clz.o(x$fpl$dsub)
    __aeabi_f2d                              0x080046f5   Thumb Code     0  f2d.o(x$fpl$f2d)
    _f2d                                     0x080046f5   Thumb Code    86  f2d.o(x$fpl$f2d)
    __aeabi_fadd                             0x0800474d   Thumb Code     0  faddsub_clz.o(x$fpl$fadd)
    _fadd                                    0x0800474d   Thumb Code   196  faddsub_clz.o(x$fpl$fadd)
    __fpl_fcmp_Inf                           0x08004811   Thumb Code    24  fcmpi.o(x$fpl$fcmpinf)
    __aeabi_fdiv                             0x08004829   Thumb Code     0  fdiv.o(x$fpl$fdiv)
    _fdiv                                    0x08004829   Thumb Code   384  fdiv.o(x$fpl$fdiv)
    __aeabi_f2iz                             0x080049ad   Thumb Code     0  ffix.o(x$fpl$ffix)
    _ffix                                    0x080049ad   Thumb Code    54  ffix.o(x$fpl$ffix)
    __aeabi_i2f                              0x080049e5   Thumb Code     0  fflt_clz.o(x$fpl$fflt)
    _fflt                                    0x080049e5   Thumb Code    48  fflt_clz.o(x$fpl$fflt)
    __aeabi_cfcmple                          0x08004a15   Thumb Code     0  fleqf.o(x$fpl$fleqf)
    _fcmple                                  0x08004a15   Thumb Code   104  fleqf.o(x$fpl$fleqf)
    __fpl_fcmple_InfNaN                      0x08004a67   Thumb Code     0  fleqf.o(x$fpl$fleqf)
    __aeabi_fmul                             0x08004a7d   Thumb Code     0  fmul.o(x$fpl$fmul)
    _fmul                                    0x08004a7d   Thumb Code   258  fmul.o(x$fpl$fmul)
    __fpl_fnaninf                            0x08004b7f   Thumb Code   140  fnaninf.o(x$fpl$fnaninf)
    __fpl_fretinf                            0x08004c0b   Thumb Code    10  fretinf.o(x$fpl$fretinf)
    __aeabi_cfrcmple                         0x08004c15   Thumb Code     0  frleqf.o(x$fpl$frleqf)
    _frcmple                                 0x08004c15   Thumb Code    98  frleqf.o(x$fpl$frleqf)
    __aeabi_fsub                             0x08004c79   Thumb Code     0  faddsub_clz.o(x$fpl$fsub)
    _fsub                                    0x08004c79   Thumb Code   234  faddsub_clz.o(x$fpl$fsub)
    __fpl_return_NaN                         0x08004d63   Thumb Code   100  retnan.o(x$fpl$retnan)
    __ARM_scalbn                             0x08004dc7   Thumb Code    92  scalbn.o(x$fpl$scalbn)
    __fpl_cmpreturn                          0x08004e23   Thumb Code    48  trapv.o(x$fpl$trapveneer)
    __I$use$fp                               0x08004e52   Number         0  usenofp.o(x$fpl$usenofp)
    AHBPrescTable                            0x08004e64   Data          16  system_stm32f1xx.o(.constdata)
    APBPrescTable                            0x08004e74   Data           8  system_stm32f1xx.o(.constdata)
    __mathlib_zero                           0x08004f18   Data           8  qnan.o(.constdata)
    Region$$Table$$Base                      0x08004f20   Number         0  anon$$obj.o(Region$$Table)
    Region$$Table$$Limit                     0x08004f40   Number         0  anon$$obj.o(Region$$Table)
    uwTickFreq                               0x20000000   Data           1  stm32f1xx_hal.o(.data)
    uwTickPrio                               0x20000004   Data           4  stm32f1xx_hal.o(.data)
    uwTick                                   0x20000008   Data           4  stm32f1xx_hal.o(.data)
    SystemCoreClock                          0x2000000c   Data           4  system_stm32f1xx.o(.data)
    check                                    0x20000010   Data           1  mpu6050.o(.data)
    yaw_angle                                0x20000014   Data           4  mpu6050.o(.data)
    timer                                    0x20000018   Data           4  mpu6050.o(.data)
    KalmanX                                  0x20000020   Data          72  mpu6050.o(.data)
    KalmanY                                  0x20000068   Data          72  mpu6050.o(.data)
    init_finished                            0x200000b0   Data           1  task.o(.data)
    Servo_angle_output                       0x200000b4   Data           4  task.o(.data)
    Wheel_pwm                                0x200000b8   Data           4  task.o(.data)
    motor2_pwm                               0x200000bc   Data           4  task.o(.data)
    Servo_angle_Zero                         0x200000c0   Data           4  task.o(.data)
    Wheel_Gy_K                               0x200000c4   Data           4  task.o(.data)
    hi2c1                                    0x200000c8   Data          84  i2c.o(.bss)
    hi2c2                                    0x2000011c   Data          84  i2c.o(.bss)
    htim1                                    0x20000170   Data          72  tim.o(.bss)
    htim2                                    0x200001b8   Data          72  tim.o(.bss)
    htim3                                    0x20000200   Data          72  tim.o(.bss)
    huart1                                   0x20000248   Data          72  usart.o(.bss)
    hdma_usart1_tx                           0x20000290   Data          68  usart.o(.bss)
    hdma_usart1_rx                           0x200002d4   Data          68  usart.o(.bss)
    Bluetooth_RxData                         0x20000318   Data          11  bluetooth.o(.bss)
    RxData                                   0x20000324   Data          11  bluetooth.o(.bss)
    Pre_RxData                               0x2000032f   Data          11  bluetooth.o(.bss)
    PorcessData                              0x2000033c   Data          32  bluetooth.o(.bss)
    mpu6050                                  0x20000360   Data          96  task.o(.bss)
    pid_roll                                 0x200003c0   Data          40  task.o(.bss)
    pid_windmill                             0x200003e8   Data          40  task.o(.bss)
    __libspace_start                         0x20000410   Data          96  libspace.o(.bss)
    __temporary_stack_top$libspace           0x20000470   Data           0  libspace.o(.bss)



==============================================================================

Memory Map of the image

  Image Entry point : 0x080000ed

  Load Region LR_IROM1 (Base: 0x08000000, Size: 0x00005008, Max: 0x00010000, ABSOLUTE)

    Execution Region ER_IROM1 (Exec base: 0x08000000, Load base: 0x08000000, Size: 0x00004f40, Max: 0x00010000, ABSOLUTE)

    Exec Addr    Load Addr    Size         Type   Attr      Idx    E Section Name        Object

    0x08000000   0x08000000   0x000000ec   Data   RO            3    RESET               startup_stm32f103xb.o
    0x080000ec   0x080000ec   0x00000008   Code   RO         3775  * !!!main             c_w.l(__main.o)
    0x080000f4   0x080000f4   0x00000034   Code   RO         4067    !!!scatter          c_w.l(__scatter.o)
    0x08000128   0x08000128   0x0000001a   Code   RO         4069    !!handler_copy      c_w.l(__scatter_copy.o)
    0x08000142   0x08000142   0x00000002   PAD
    0x08000144   0x08000144   0x0000001c   Code   RO         4071    !!handler_zi        c_w.l(__scatter_zi.o)
    0x08000160   0x08000160   0x00000002   Code   RO         3938    .ARM.Collect$$libinit$$00000000  c_w.l(libinit.o)
    0x08000162   0x08000162   0x00000000   Code   RO         3944    .ARM.Collect$$libinit$$00000002  c_w.l(libinit2.o)
    0x08000162   0x08000162   0x00000000   Code   RO         3946    .ARM.Collect$$libinit$$00000004  c_w.l(libinit2.o)
    0x08000162   0x08000162   0x00000000   Code   RO         3949    .ARM.Collect$$libinit$$0000000A  c_w.l(libinit2.o)
    0x08000162   0x08000162   0x00000000   Code   RO         3951    .ARM.Collect$$libinit$$0000000C  c_w.l(libinit2.o)
    0x08000162   0x08000162   0x00000000   Code   RO         3953    .ARM.Collect$$libinit$$0000000E  c_w.l(libinit2.o)
    0x08000162   0x08000162   0x00000000   Code   RO         3956    .ARM.Collect$$libinit$$00000011  c_w.l(libinit2.o)
    0x08000162   0x08000162   0x00000000   Code   RO         3958    .ARM.Collect$$libinit$$00000013  c_w.l(libinit2.o)
    0x08000162   0x08000162   0x00000000   Code   RO         3960    .ARM.Collect$$libinit$$00000015  c_w.l(libinit2.o)
    0x08000162   0x08000162   0x00000000   Code   RO         3962    .ARM.Collect$$libinit$$00000017  c_w.l(libinit2.o)
    0x08000162   0x08000162   0x00000000   Code   RO         3964    .ARM.Collect$$libinit$$00000019  c_w.l(libinit2.o)
    0x08000162   0x08000162   0x00000000   Code   RO         3966    .ARM.Collect$$libinit$$0000001B  c_w.l(libinit2.o)
    0x08000162   0x08000162   0x00000000   Code   RO         3968    .ARM.Collect$$libinit$$0000001D  c_w.l(libinit2.o)
    0x08000162   0x08000162   0x00000000   Code   RO         3970    .ARM.Collect$$libinit$$0000001F  c_w.l(libinit2.o)
    0x08000162   0x08000162   0x00000000   Code   RO         3972    .ARM.Collect$$libinit$$00000021  c_w.l(libinit2.o)
    0x08000162   0x08000162   0x00000000   Code   RO         3974    .ARM.Collect$$libinit$$00000023  c_w.l(libinit2.o)
    0x08000162   0x08000162   0x00000000   Code   RO         3976    .ARM.Collect$$libinit$$00000025  c_w.l(libinit2.o)
    0x08000162   0x08000162   0x00000000   Code   RO         3980    .ARM.Collect$$libinit$$0000002C  c_w.l(libinit2.o)
    0x08000162   0x08000162   0x00000000   Code   RO         3982    .ARM.Collect$$libinit$$0000002E  c_w.l(libinit2.o)
    0x08000162   0x08000162   0x00000000   Code   RO         3984    .ARM.Collect$$libinit$$00000030  c_w.l(libinit2.o)
    0x08000162   0x08000162   0x00000000   Code   RO         3986    .ARM.Collect$$libinit$$00000032  c_w.l(libinit2.o)
    0x08000162   0x08000162   0x00000002   Code   RO         3987    .ARM.Collect$$libinit$$00000033  c_w.l(libinit2.o)
    0x08000164   0x08000164   0x00000002   Code   RO         4007    .ARM.Collect$$libshutdown$$00000000  c_w.l(libshutdown.o)
    0x08000166   0x08000166   0x00000000   Code   RO         4020    .ARM.Collect$$libshutdown$$00000002  c_w.l(libshutdown2.o)
    0x08000166   0x08000166   0x00000000   Code   RO         4022    .ARM.Collect$$libshutdown$$00000004  c_w.l(libshutdown2.o)
    0x08000166   0x08000166   0x00000000   Code   RO         4025    .ARM.Collect$$libshutdown$$00000007  c_w.l(libshutdown2.o)
    0x08000166   0x08000166   0x00000000   Code   RO         4028    .ARM.Collect$$libshutdown$$0000000A  c_w.l(libshutdown2.o)
    0x08000166   0x08000166   0x00000000   Code   RO         4030    .ARM.Collect$$libshutdown$$0000000C  c_w.l(libshutdown2.o)
    0x08000166   0x08000166   0x00000000   Code   RO         4033    .ARM.Collect$$libshutdown$$0000000F  c_w.l(libshutdown2.o)
    0x08000166   0x08000166   0x00000002   Code   RO         4034    .ARM.Collect$$libshutdown$$00000010  c_w.l(libshutdown2.o)
    0x08000168   0x08000168   0x00000000   Code   RO         3863    .ARM.Collect$$rtentry$$00000000  c_w.l(__rtentry.o)
    0x08000168   0x08000168   0x00000000   Code   RO         3905    .ARM.Collect$$rtentry$$00000002  c_w.l(__rtentry2.o)
    0x08000168   0x08000168   0x00000006   Code   RO         3917    .ARM.Collect$$rtentry$$00000004  c_w.l(__rtentry4.o)
    0x0800016e   0x0800016e   0x00000000   Code   RO         3907    .ARM.Collect$$rtentry$$00000009  c_w.l(__rtentry2.o)
    0x0800016e   0x0800016e   0x00000004   Code   RO         3908    .ARM.Collect$$rtentry$$0000000A  c_w.l(__rtentry2.o)
    0x08000172   0x08000172   0x00000000   Code   RO         3910    .ARM.Collect$$rtentry$$0000000C  c_w.l(__rtentry2.o)
    0x08000172   0x08000172   0x00000008   Code   RO         3911    .ARM.Collect$$rtentry$$0000000D  c_w.l(__rtentry2.o)
    0x0800017a   0x0800017a   0x00000002   Code   RO         3941    .ARM.Collect$$rtexit$$00000000  c_w.l(rtexit.o)
    0x0800017c   0x0800017c   0x00000000   Code   RO         3989    .ARM.Collect$$rtexit$$00000002  c_w.l(rtexit2.o)
    0x0800017c   0x0800017c   0x00000004   Code   RO         3990    .ARM.Collect$$rtexit$$00000003  c_w.l(rtexit2.o)
    0x08000180   0x08000180   0x00000006   Code   RO         3991    .ARM.Collect$$rtexit$$00000004  c_w.l(rtexit2.o)
    0x08000186   0x08000186   0x00000002   PAD
    0x08000188   0x08000188   0x00000040   Code   RO            4    .text               startup_stm32f103xb.o
    0x080001c8   0x080001c8   0x0000004e   Code   RO         3771    .text               c_w.l(rt_memclr_w.o)
    0x08000216   0x08000216   0x00000006   Code   RO         3773    .text               c_w.l(heapauxi.o)
    0x0800021c   0x0800021c   0x00000016   Code   RO         3864    .text               c_w.l(_rserrno.o)
    0x08000232   0x08000232   0x00000002   PAD
    0x08000234   0x08000234   0x00000008   Code   RO         3922    .text               c_w.l(rt_errno_addr_intlibspace.o)
    0x0800023c   0x0800023c   0x00000008   Code   RO         3926    .text               c_w.l(libspace.o)
    0x08000244   0x08000244   0x0000004a   Code   RO         3929    .text               c_w.l(sys_stackheap_outer.o)
    0x0800028e   0x0800028e   0x00000012   Code   RO         3931    .text               c_w.l(exit.o)
    0x080002a0   0x080002a0   0x0000000c   Code   RO         3999    .text               c_w.l(sys_exit.o)
    0x080002ac   0x080002ac   0x00000002   Code   RO         4010    .text               c_w.l(use_no_semi.o)
    0x080002ae   0x080002ae   0x00000000   Code   RO         4012    .text               c_w.l(indicate_semi.o)
    0x080002ae   0x080002ae   0x00000002   PAD
    0x080002b0   0x080002b0   0x00000064   Code   RO         3626    i.Bluetooth_Data_Process  bluetooth.o
    0x08000314   0x08000314   0x00000002   Code   RO          382    i.BusFault_Handler  stm32f1xx_it.o
    0x08000316   0x08000316   0x00000002   PAD
    0x08000318   0x08000318   0x00000058   Code   RO         3696    i.Control_Motor     task.o
    0x08000370   0x08000370   0x00000058   Code   RO         3697    i.Control_Motor2    task.o
    0x080003c8   0x080003c8   0x0000000c   Code   RO          383    i.DMA1_Channel4_IRQHandler  stm32f1xx_it.o
    0x080003d4   0x080003d4   0x0000000c   Code   RO          384    i.DMA1_Channel5_IRQHandler  stm32f1xx_it.o
    0x080003e0   0x080003e0   0x0000002a   Code   RO         1365    i.DMA_SetConfig     stm32f1xx_hal_dma.o
    0x0800040a   0x0800040a   0x00000002   Code   RO          385    i.DebugMon_Handler  stm32f1xx_it.o
    0x0800040c   0x0800040c   0x00000004   Code   RO           13    i.Error_Handler     main.o
    0x08000410   0x08000410   0x00000046   Code   RO         1366    i.HAL_DMA_Abort     stm32f1xx_hal_dma.o
    0x08000456   0x08000456   0x00000002   PAD
    0x08000458   0x08000458   0x00000098   Code   RO         1367    i.HAL_DMA_Abort_IT  stm32f1xx_hal_dma.o
    0x080004f0   0x080004f0   0x00000154   Code   RO         1371    i.HAL_DMA_IRQHandler  stm32f1xx_hal_dma.o
    0x08000644   0x08000644   0x0000005c   Code   RO         1372    i.HAL_DMA_Init      stm32f1xx_hal_dma.o
    0x080006a0   0x080006a0   0x00000070   Code   RO         1376    i.HAL_DMA_Start_IT  stm32f1xx_hal_dma.o
    0x08000710   0x08000710   0x00000024   Code   RO          992    i.HAL_Delay         stm32f1xx_hal.o
    0x08000734   0x08000734   0x000001e0   Code   RO         1302    i.HAL_GPIO_Init     stm32f1xx_hal_gpio.o
    0x08000914   0x08000914   0x00000010   Code   RO         1305    i.HAL_GPIO_TogglePin  stm32f1xx_hal_gpio.o
    0x08000924   0x08000924   0x0000000a   Code   RO         1306    i.HAL_GPIO_WritePin  stm32f1xx_hal_gpio.o
    0x0800092e   0x0800092e   0x00000002   PAD
    0x08000930   0x08000930   0x0000000c   Code   RO          996    i.HAL_GetTick       stm32f1xx_hal.o
    0x0800093c   0x0800093c   0x00000188   Code   RO          559    i.HAL_I2C_Init      stm32f1xx_hal_i2c.o
    0x08000ac4   0x08000ac4   0x0000025c   Code   RO          577    i.HAL_I2C_Mem_Read  stm32f1xx_hal_i2c.o
    0x08000d20   0x08000d20   0x00000130   Code   RO          580    i.HAL_I2C_Mem_Write  stm32f1xx_hal_i2c.o
    0x08000e50   0x08000e50   0x00000098   Code   RO          233    i.HAL_I2C_MspInit   i2c.o
    0x08000ee8   0x08000ee8   0x00000010   Code   RO         1002    i.HAL_IncTick       stm32f1xx_hal.o
    0x08000ef8   0x08000ef8   0x00000024   Code   RO         1003    i.HAL_Init          stm32f1xx_hal.o
    0x08000f1c   0x08000f1c   0x00000040   Code   RO         1004    i.HAL_InitTick      stm32f1xx_hal.o
    0x08000f5c   0x08000f5c   0x0000003c   Code   RO          488    i.HAL_MspInit       stm32f1xx_hal_msp.o
    0x08000f98   0x08000f98   0x0000001a   Code   RO         1462    i.HAL_NVIC_EnableIRQ  stm32f1xx_hal_cortex.o
    0x08000fb2   0x08000fb2   0x00000002   PAD
    0x08000fb4   0x08000fb4   0x00000040   Code   RO         1468    i.HAL_NVIC_SetPriority  stm32f1xx_hal_cortex.o
    0x08000ff4   0x08000ff4   0x00000024   Code   RO         1469    i.HAL_NVIC_SetPriorityGrouping  stm32f1xx_hal_cortex.o
    0x08001018   0x08001018   0x0000012c   Code   RO         1160    i.HAL_RCC_ClockConfig  stm32f1xx_hal_rcc.o
    0x08001144   0x08001144   0x00000020   Code   RO         1167    i.HAL_RCC_GetPCLK1Freq  stm32f1xx_hal_rcc.o
    0x08001164   0x08001164   0x00000020   Code   RO         1168    i.HAL_RCC_GetPCLK2Freq  stm32f1xx_hal_rcc.o
    0x08001184   0x08001184   0x0000004c   Code   RO         1169    i.HAL_RCC_GetSysClockFreq  stm32f1xx_hal_rcc.o
    0x080011d0   0x080011d0   0x00000320   Code   RO         1172    i.HAL_RCC_OscConfig  stm32f1xx_hal_rcc.o
    0x080014f0   0x080014f0   0x00000028   Code   RO         1473    i.HAL_SYSTICK_Config  stm32f1xx_hal_cortex.o
    0x08001518   0x08001518   0x00000002   Code   RO         2668    i.HAL_TIMEx_BreakCallback  stm32f1xx_hal_tim_ex.o
    0x0800151a   0x0800151a   0x00000002   Code   RO         2669    i.HAL_TIMEx_CommutCallback  stm32f1xx_hal_tim_ex.o
    0x0800151c   0x0800151c   0x00000068   Code   RO         2687    i.HAL_TIMEx_MasterConfigSynchronization  stm32f1xx_hal_tim_ex.o
    0x08001584   0x08001584   0x0000005a   Code   RO         1964    i.HAL_TIM_Base_Init  stm32f1xx_hal_tim.o
    0x080015de   0x080015de   0x00000002   PAD
    0x080015e0   0x080015e0   0x0000007c   Code   RO          281    i.HAL_TIM_Base_MspInit  tim.o
    0x0800165c   0x0800165c   0x00000058   Code   RO         1969    i.HAL_TIM_Base_Start_IT  stm32f1xx_hal_tim.o
    0x080016b4   0x080016b4   0x000000dc   Code   RO         1973    i.HAL_TIM_ConfigClockSource  stm32f1xx_hal_tim.o
    0x08001790   0x08001790   0x00000002   Code   RO         1998    i.HAL_TIM_IC_CaptureCallback  stm32f1xx_hal_tim.o
    0x08001792   0x08001792   0x00000130   Code   RO         2012    i.HAL_TIM_IRQHandler  stm32f1xx_hal_tim.o
    0x080018c2   0x080018c2   0x00000002   PAD
    0x080018c4   0x080018c4   0x00000064   Code   RO          282    i.HAL_TIM_MspPostInit  tim.o
    0x08001928   0x08001928   0x00000002   Code   RO         2015    i.HAL_TIM_OC_DelayElapsedCallback  stm32f1xx_hal_tim.o
    0x0800192a   0x0800192a   0x000000cc   Code   RO         2036    i.HAL_TIM_PWM_ConfigChannel  stm32f1xx_hal_tim.o
    0x080019f6   0x080019f6   0x0000005a   Code   RO         2039    i.HAL_TIM_PWM_Init  stm32f1xx_hal_tim.o
    0x08001a50   0x08001a50   0x00000002   Code   RO         2041    i.HAL_TIM_PWM_MspInit  stm32f1xx_hal_tim.o
    0x08001a52   0x08001a52   0x00000002   Code   RO         2042    i.HAL_TIM_PWM_PulseFinishedCallback  stm32f1xx_hal_tim.o
    0x08001a54   0x08001a54   0x0000009c   Code   RO         2044    i.HAL_TIM_PWM_Start  stm32f1xx_hal_tim.o
    0x08001af0   0x08001af0   0x00000120   Code   RO         3698    i.HAL_TIM_PeriodElapsedCallback  task.o
    0x08001c10   0x08001c10   0x00000002   Code   RO         2055    i.HAL_TIM_TriggerCallback  stm32f1xx_hal_tim.o
    0x08001c12   0x08001c12   0x0000004a   Code   RO         2945    i.HAL_UARTEx_ReceiveToIdle_DMA  stm32f1xx_hal_uart.o
    0x08001c5c   0x08001c5c   0x0000003c   Code   RO         3699    i.HAL_UARTEx_RxEventCallback  task.o
    0x08001c98   0x08001c98   0x00000070   Code   RO         2959    i.HAL_UART_DMAStop  stm32f1xx_hal_uart.o
    0x08001d08   0x08001d08   0x00000002   Code   RO         2961    i.HAL_UART_ErrorCallback  stm32f1xx_hal_uart.o
    0x08001d0a   0x08001d0a   0x00000002   PAD
    0x08001d0c   0x08001d0c   0x0000026c   Code   RO         2964    i.HAL_UART_IRQHandler  stm32f1xx_hal_uart.o
    0x08001f78   0x08001f78   0x00000064   Code   RO         2965    i.HAL_UART_Init     stm32f1xx_hal_uart.o
    0x08001fdc   0x08001fdc   0x000000d8   Code   RO          341    i.HAL_UART_MspInit  usart.o
    0x080020b4   0x080020b4   0x00000002   Code   RO         2971    i.HAL_UART_RxCpltCallback  stm32f1xx_hal_uart.o
    0x080020b6   0x080020b6   0x00000002   Code   RO         2972    i.HAL_UART_RxHalfCpltCallback  stm32f1xx_hal_uart.o
    0x080020b8   0x080020b8   0x00000002   Code   RO         2976    i.HAL_UART_TxCpltCallback  stm32f1xx_hal_uart.o
    0x080020ba   0x080020ba   0x00000002   Code   RO          386    i.HardFault_Handler  stm32f1xx_it.o
    0x080020bc   0x080020bc   0x0000002e   Code   RO          602    i.I2C_IsAcknowledgeFailed  stm32f1xx_hal_i2c.o
    0x080020ea   0x080020ea   0x00000002   PAD
    0x080020ec   0x080020ec   0x000000fc   Code   RO          612    i.I2C_RequestMemoryRead  stm32f1xx_hal_i2c.o
    0x080021e8   0x080021e8   0x000000a8   Code   RO          613    i.I2C_RequestMemoryWrite  stm32f1xx_hal_i2c.o
    0x08002290   0x08002290   0x00000056   Code   RO          617    i.I2C_WaitOnBTFFlagUntilTimeout  stm32f1xx_hal_i2c.o
    0x080022e6   0x080022e6   0x00000002   PAD
    0x080022e8   0x080022e8   0x00000090   Code   RO          618    i.I2C_WaitOnFlagUntilTimeout  stm32f1xx_hal_i2c.o
    0x08002378   0x08002378   0x000000bc   Code   RO          619    i.I2C_WaitOnMasterAddressFlagUntilTimeout  stm32f1xx_hal_i2c.o
    0x08002434   0x08002434   0x00000070   Code   RO          620    i.I2C_WaitOnRXNEFlagUntilTimeout  stm32f1xx_hal_i2c.o
    0x080024a4   0x080024a4   0x00000056   Code   RO          621    i.I2C_WaitOnTXEFlagUntilTimeout  stm32f1xx_hal_i2c.o
    0x080024fa   0x080024fa   0x0000001e   Code   RO         3627    i.Judge_Key         bluetooth.o
    0x08002518   0x08002518   0x0000018c   Code   RO         3370    i.Kalman_getAngle   mpu6050.o
    0x080026a4   0x080026a4   0x00000068   Code   RO         3628    i.Key_Scan          bluetooth.o
    0x0800270c   0x0800270c   0x00000094   Code   RO         3371    i.MPU6050_Init      mpu6050.o
    0x080027a0   0x080027a0   0x000002ac   Code   RO         3373    i.MPU6050_Read_All  mpu6050.o
    0x08002a4c   0x08002a4c   0x0000003c   Code   RO          208    i.MX_DMA_Init       dma.o
    0x08002a88   0x08002a88   0x000000a4   Code   RO          184    i.MX_GPIO_Init      gpio.o
    0x08002b2c   0x08002b2c   0x00000040   Code   RO          234    i.MX_I2C1_Init      i2c.o
    0x08002b6c   0x08002b6c   0x00000040   Code   RO          235    i.MX_I2C2_Init      i2c.o
    0x08002bac   0x08002bac   0x00000068   Code   RO          283    i.MX_TIM1_Init      tim.o
    0x08002c14   0x08002c14   0x000000a8   Code   RO          284    i.MX_TIM2_Init      tim.o
    0x08002cbc   0x08002cbc   0x0000009c   Code   RO          285    i.MX_TIM3_Init      tim.o
    0x08002d58   0x08002d58   0x00000038   Code   RO          342    i.MX_USART1_UART_Init  usart.o
    0x08002d90   0x08002d90   0x00000022   Code   RO         3666    i.Math_Constrain    pid.o
    0x08002db2   0x08002db2   0x00000002   Code   RO          387    i.MemManage_Handler  stm32f1xx_it.o
    0x08002db4   0x08002db4   0x00000002   Code   RO          388    i.NMI_Handler       stm32f1xx_it.o
    0x08002db6   0x08002db6   0x00000012   Code   RO         3667    i.PID_Cale_Init     pid.o
    0x08002dc8   0x08002dc8   0x000000b2   Code   RO         3668    i.PID_Cale_TIM_Adjust_PeriodElapsedCallback  pid.o
    0x08002e7a   0x08002e7a   0x00000002   Code   RO          389    i.PendSV_Handler    stm32f1xx_it.o
    0x08002e7c   0x08002e7c   0x00000002   Code   RO          390    i.SVC_Handler       stm32f1xx_it.o
    0x08002e7e   0x08002e7e   0x00000004   Code   RO          391    i.SysTick_Handler   stm32f1xx_it.o
    0x08002e82   0x08002e82   0x0000005e   Code   RO           14    i.SystemClock_Config  main.o
    0x08002ee0   0x08002ee0   0x00000002   Code   RO         3299    i.SystemInit        system_stm32f1xx.o
    0x08002ee2   0x08002ee2   0x00000002   PAD
    0x08002ee4   0x08002ee4   0x0000000c   Code   RO          392    i.TIM1_TRG_COM_IRQHandler  stm32f1xx_it.o
    0x08002ef0   0x08002ef0   0x0000000c   Code   RO          393    i.TIM1_UP_IRQHandler  stm32f1xx_it.o
    0x08002efc   0x08002efc   0x00000078   Code   RO         2057    i.TIM_Base_SetConfig  stm32f1xx_hal_tim.o
    0x08002f74   0x08002f74   0x0000001a   Code   RO         2058    i.TIM_CCxChannelCmd  stm32f1xx_hal_tim.o
    0x08002f8e   0x08002f8e   0x00000014   Code   RO         2068    i.TIM_ETR_SetConfig  stm32f1xx_hal_tim.o
    0x08002fa2   0x08002fa2   0x00000010   Code   RO         2069    i.TIM_ITRx_SetConfig  stm32f1xx_hal_tim.o
    0x08002fb2   0x08002fb2   0x00000002   PAD
    0x08002fb4   0x08002fb4   0x00000050   Code   RO         2070    i.TIM_OC1_SetConfig  stm32f1xx_hal_tim.o
    0x08003004   0x08003004   0x00000058   Code   RO         2071    i.TIM_OC2_SetConfig  stm32f1xx_hal_tim.o
    0x0800305c   0x0800305c   0x00000058   Code   RO         2072    i.TIM_OC3_SetConfig  stm32f1xx_hal_tim.o
    0x080030b4   0x080030b4   0x00000044   Code   RO         2073    i.TIM_OC4_SetConfig  stm32f1xx_hal_tim.o
    0x080030f8   0x080030f8   0x00000022   Code   RO         2075    i.TIM_TI1_ConfigInputStage  stm32f1xx_hal_tim.o
    0x0800311a   0x0800311a   0x00000024   Code   RO         2077    i.TIM_TI2_ConfigInputStage  stm32f1xx_hal_tim.o
    0x0800313e   0x0800313e   0x00000002   PAD
    0x08003140   0x08003140   0x000000dc   Code   RO         3700    i.Task_Init         task.o
    0x0800321c   0x0800321c   0x00000038   Code   RO         3701    i.Task_Loop         task.o
    0x08003254   0x08003254   0x00000010   Code   RO         2978    i.UART_DMAAbortOnError  stm32f1xx_hal_uart.o
    0x08003264   0x08003264   0x0000004a   Code   RO         2979    i.UART_DMAError     stm32f1xx_hal_uart.o
    0x080032ae   0x080032ae   0x00000086   Code   RO         2980    i.UART_DMAReceiveCplt  stm32f1xx_hal_uart.o
    0x08003334   0x08003334   0x0000001e   Code   RO         2982    i.UART_DMARxHalfCplt  stm32f1xx_hal_uart.o
    0x08003352   0x08003352   0x0000004e   Code   RO         2988    i.UART_EndRxTransfer  stm32f1xx_hal_uart.o
    0x080033a0   0x080033a0   0x0000001c   Code   RO         2989    i.UART_EndTxTransfer  stm32f1xx_hal_uart.o
    0x080033bc   0x080033bc   0x000000c2   Code   RO         2990    i.UART_Receive_IT   stm32f1xx_hal_uart.o
    0x0800347e   0x0800347e   0x00000002   PAD
    0x08003480   0x08003480   0x000000b8   Code   RO         2991    i.UART_SetConfig    stm32f1xx_hal_uart.o
    0x08003538   0x08003538   0x00000090   Code   RO         2992    i.UART_Start_Receive_DMA  stm32f1xx_hal_uart.o
    0x080035c8   0x080035c8   0x0000000c   Code   RO          394    i.USART1_IRQHandler  stm32f1xx_it.o
    0x080035d4   0x080035d4   0x00000002   Code   RO          395    i.UsageFault_Handler  stm32f1xx_it.o
    0x080035d6   0x080035d6   0x00000028   Code   RO         3899    i.__ARM_fpclassify  m_ws.l(fpclassify.o)
    0x080035fe   0x080035fe   0x00000020   Code   RO         1475    i.__NVIC_SetPriority  stm32f1xx_hal_cortex.o
    0x0800361e   0x0800361e   0x000000aa   Code   RO         3901    i.__kernel_poly     m_ws.l(poly.o)
    0x080036c8   0x080036c8   0x00000006   Code   RO         3886    i.__mathlib_dbl_infnan  m_ws.l(dunder.o)
    0x080036ce   0x080036ce   0x00000004   Code   RO         3887    i.__mathlib_dbl_infnan2  m_ws.l(dunder.o)
    0x080036d2   0x080036d2   0x00000002   PAD
    0x080036d4   0x080036d4   0x00000010   Code   RO         3891    i.__mathlib_dbl_underflow  m_ws.l(dunder.o)
    0x080036e4   0x080036e4   0x00000220   Code   RO         3838    i.atan              m_ws.l(atan.o)
    0x08003904   0x08003904   0x00000180   Code   RO         3848    i.atan2             m_ws.l(atan2.o)
    0x08003a84   0x08003a84   0x00000032   Code   RO           15    i.main              main.o
    0x08003ab6   0x08003ab6   0x0000004c   Code   RO         3856    i.sqrt              m_ws.l(sqrt.o)
    0x08003b02   0x08003b02   0x00000002   PAD
    0x08003b04   0x08003b04   0x00000062   Code   RO         3777    x$fpl$d2f           fz_ws.l(d2f.o)
    0x08003b66   0x08003b66   0x00000002   PAD
    0x08003b68   0x08003b68   0x00000150   Code   RO         3779    x$fpl$dadd          fz_ws.l(daddsub_clz.o)
    0x08003cb8   0x08003cb8   0x00000010   Code   RO         3868    x$fpl$dcheck1       fz_ws.l(dcheck1.o)
    0x08003cc8   0x08003cc8   0x00000018   Code   RO         3870    x$fpl$dcmpinf       fz_ws.l(dcmpi.o)
    0x08003ce0   0x08003ce0   0x000002b0   Code   RO         3786    x$fpl$ddiv          fz_ws.l(ddiv.o)
    0x08003f90   0x08003f90   0x00000078   Code   RO         3789    x$fpl$deqf          fz_ws.l(deqf.o)
    0x08004008   0x08004008   0x0000002e   Code   RO         3796    x$fpl$dflt          fz_ws.l(dflt_clz.o)
    0x08004036   0x08004036   0x00000026   Code   RO         3795    x$fpl$dfltu         fz_ws.l(dflt_clz.o)
    0x0800405c   0x0800405c   0x00000078   Code   RO         3801    x$fpl$dleqf         fz_ws.l(dleqf.o)
    0x080040d4   0x080040d4   0x00000154   Code   RO         3803    x$fpl$dmul          fz_ws.l(dmul.o)
    0x08004228   0x08004228   0x0000009c   Code   RO         3872    x$fpl$dnaninf       fz_ws.l(dnaninf.o)
    0x080042c4   0x080042c4   0x0000000c   Code   RO         3874    x$fpl$dretinf       fz_ws.l(dretinf.o)
    0x080042d0   0x080042d0   0x0000006c   Code   RO         3805    x$fpl$drleqf        fz_ws.l(drleqf.o)
    0x0800433c   0x0800433c   0x00000016   Code   RO         3780    x$fpl$drsb          fz_ws.l(daddsub_clz.o)
    0x08004352   0x08004352   0x00000002   PAD
    0x08004354   0x08004354   0x000001cc   Code   RO         3876    x$fpl$dsqrt         fz_ws.l(dsqrt_noumaal.o)
    0x08004520   0x08004520   0x000001d4   Code   RO         3781    x$fpl$dsub          fz_ws.l(daddsub_clz.o)
    0x080046f4   0x080046f4   0x00000056   Code   RO         3807    x$fpl$f2d           fz_ws.l(f2d.o)
    0x0800474a   0x0800474a   0x00000002   PAD
    0x0800474c   0x0800474c   0x000000c4   Code   RO         3809    x$fpl$fadd          fz_ws.l(faddsub_clz.o)
    0x08004810   0x08004810   0x00000018   Code   RO         3878    x$fpl$fcmpinf       fz_ws.l(fcmpi.o)
    0x08004828   0x08004828   0x00000184   Code   RO         3816    x$fpl$fdiv          fz_ws.l(fdiv.o)
    0x080049ac   0x080049ac   0x00000036   Code   RO         3819    x$fpl$ffix          fz_ws.l(ffix.o)
    0x080049e2   0x080049e2   0x00000002   PAD
    0x080049e4   0x080049e4   0x00000030   Code   RO         3824    x$fpl$fflt          fz_ws.l(fflt_clz.o)
    0x08004a14   0x08004a14   0x00000068   Code   RO         3829    x$fpl$fleqf         fz_ws.l(fleqf.o)
    0x08004a7c   0x08004a7c   0x00000102   Code   RO         3831    x$fpl$fmul          fz_ws.l(fmul.o)
    0x08004b7e   0x08004b7e   0x0000008c   Code   RO         3880    x$fpl$fnaninf       fz_ws.l(fnaninf.o)
    0x08004c0a   0x08004c0a   0x0000000a   Code   RO         3882    x$fpl$fretinf       fz_ws.l(fretinf.o)
    0x08004c14   0x08004c14   0x00000062   Code   RO         3833    x$fpl$frleqf        fz_ws.l(frleqf.o)
    0x08004c76   0x08004c76   0x00000002   PAD
    0x08004c78   0x08004c78   0x000000ea   Code   RO         3811    x$fpl$fsub          fz_ws.l(faddsub_clz.o)
    0x08004d62   0x08004d62   0x00000064   Code   RO         3924    x$fpl$retnan        fz_ws.l(retnan.o)
    0x08004dc6   0x08004dc6   0x0000005c   Code   RO         3835    x$fpl$scalbn        fz_ws.l(scalbn.o)
    0x08004e22   0x08004e22   0x00000030   Code   RO         3939    x$fpl$trapveneer    fz_ws.l(trapv.o)
    0x08004e52   0x08004e52   0x00000000   Code   RO         3884    x$fpl$usenofp       fz_ws.l(usenofp.o)
    0x08004e52   0x08004e52   0x00000012   Data   RO         1173    .constdata          stm32f1xx_hal_rcc.o
    0x08004e64   0x08004e64   0x00000010   Data   RO         3300    .constdata          system_stm32f1xx.o
    0x08004e74   0x08004e74   0x00000008   Data   RO         3301    .constdata          system_stm32f1xx.o
    0x08004e7c   0x08004e7c   0x00000004   PAD
    0x08004e80   0x08004e80   0x00000098   Data   RO         3839    .constdata          m_ws.l(atan.o)
    0x08004f18   0x08004f18   0x00000008   Data   RO         3903    .constdata          m_ws.l(qnan.o)
    0x08004f20   0x08004f20   0x00000020   Data   RO         4065    Region$$Table       anon$$obj.o


    Execution Region RW_IRAM1 (Exec base: 0x20000000, Load base: 0x08004f40, Size: 0x00000a70, Max: 0x00005000, ABSOLUTE)

    Exec Addr    Load Addr    Size         Type   Attr      Idx    E Section Name        Object

    0x20000000   0x08004f40   0x0000000c   Data   RW         1010    .data               stm32f1xx_hal.o
    0x2000000c   0x08004f4c   0x00000004   Data   RW         3302    .data               system_stm32f1xx.o
    0x20000010   0x08004f50   0x000000a0   Data   RW         3378    .data               mpu6050.o
    0x200000b0   0x08004ff0   0x00000018   Data   RW         3703    .data               task.o
    0x200000c8        -       0x000000a8   Zero   RW          236    .bss                i2c.o
    0x20000170        -       0x000000d8   Zero   RW          286    .bss                tim.o
    0x20000248        -       0x000000d0   Zero   RW          343    .bss                usart.o
    0x20000318        -       0x0000000b   Zero   RW         3629    .bss                bluetooth.o
    0x20000323   0x08005008   0x00000001   PAD
    0x20000324        -       0x00000038   Zero   RW         3630    .bss                bluetooth.o
    0x2000035c   0x08005008   0x00000004   PAD
    0x20000360        -       0x000000b0   Zero   RW         3702    .bss                task.o
    0x20000410        -       0x00000060   Zero   RW         3927    .bss                c_w.l(libspace.o)
    0x20000470        -       0x00000200   Zero   RW            2    HEAP                startup_stm32f103xb.o
    0x20000670        -       0x00000400   Zero   RW            1    STACK               startup_stm32f103xb.o


==============================================================================

Image component sizes


      Code (inc. data)   RO Data    RW Data    ZI Data      Debug   Object Name

       234         12          0          0         67       3257   bluetooth.o
        60          4          0          0          0        774   dma.o
       164         12          0          0          0        975   gpio.o
       280         46          0          0        168       2298   i2c.o
       148          0          0          0          0     436440   main.o
      1228         56          0        160          0       4354   mpu6050.o
       230          0          0          0          0       2785   pid.o
        64         26        236          0       1536        816   startup_stm32f103xb.o
       164         28          0         12          0       5933   stm32f1xx_hal.o
       198         14          0          0          0      28959   stm32f1xx_hal_cortex.o
       808         36          0          0          0       5014   stm32f1xx_hal_dma.o
       506         34          0          0          0       3521   stm32f1xx_hal_gpio.o
      2382         56          0          0          0      13054   stm32f1xx_hal_i2c.o
        60          8          0          0          0        882   stm32f1xx_hal_msp.o
      1240         84         18          0          0       5136   stm32f1xx_hal_rcc.o
      1738         56          0          0          0      16218   stm32f1xx_hal_tim.o
       108         12          0          0          0       2417   stm32f1xx_hal_tim_ex.o
      1796         24          0          0          0      12948   stm32f1xx_hal_uart.o
        80         30          0          0          0       6135   stm32f1xx_it.o
         2          0         24          4          0       1131   system_stm32f1xx.o
       800        144          0         24        176       4956   task.o
       652         48          0          0        216       3874   tim.o
       272         28          0          0        208       1888   usart.o

    ----------------------------------------------------------------------
     13240        758        314        200       2376     563765   Object Totals
         0          0         32          0          0          0   (incl. Generated)
        26          0          4          0          5          0   (incl. Padding)

    ----------------------------------------------------------------------

      Code (inc. data)   RO Data    RW Data    ZI Data      Debug   Library Member Name

         8          0          0          0          0         68   __main.o
         0          0          0          0          0          0   __rtentry.o
        12          0          0          0          0          0   __rtentry2.o
         6          0          0          0          0          0   __rtentry4.o
        52          8          0          0          0          0   __scatter.o
        26          0          0          0          0          0   __scatter_copy.o
        28          0          0          0          0          0   __scatter_zi.o
        22          0          0          0          0        100   _rserrno.o
        18          0          0          0          0         80   exit.o
         6          0          0          0          0        152   heapauxi.o
         0          0          0          0          0          0   indicate_semi.o
         2          0          0          0          0          0   libinit.o
         2          0          0          0          0          0   libinit2.o
         2          0          0          0          0          0   libshutdown.o
         2          0          0          0          0          0   libshutdown2.o
         8          4          0          0         96         68   libspace.o
         8          4          0          0          0         68   rt_errno_addr_intlibspace.o
        78          0          0          0          0         80   rt_memclr_w.o
         2          0          0          0          0          0   rtexit.o
        10          0          0          0          0          0   rtexit2.o
        12          4          0          0          0         68   sys_exit.o
        74          0          0          0          0         80   sys_stackheap_outer.o
         2          0          0          0          0         68   use_no_semi.o
        98          4          0          0          0         92   d2f.o
       826         16          0          0          0        348   daddsub_clz.o
        16          4          0          0          0         68   dcheck1.o
        24          0          0          0          0         68   dcmpi.o
       688        140          0          0          0        208   ddiv.o
       120          4          0          0          0         92   deqf.o
        84          0          0          0          0        136   dflt_clz.o
       120          4          0          0          0         92   dleqf.o
       340         12          0          0          0        104   dmul.o
       156          4          0          0          0         92   dnaninf.o
        12          0          0          0          0         68   dretinf.o
       108          0          0          0          0         80   drleqf.o
       460         56          0          0          0        120   dsqrt_noumaal.o
        86          4          0          0          0         84   f2d.o
       430          8          0          0          0        168   faddsub_clz.o
        24          0          0          0          0         68   fcmpi.o
       388         76          0          0          0         96   fdiv.o
        54          4          0          0          0         84   ffix.o
        48          0          0          0          0         68   fflt_clz.o
       104          4          0          0          0         84   fleqf.o
       258          4          0          0          0         84   fmul.o
       140          4          0          0          0         84   fnaninf.o
        10          0          0          0          0         68   fretinf.o
        98          0          0          0          0         68   frleqf.o
       100          0          0          0          0         68   retnan.o
        92          0          0          0          0         68   scalbn.o
        48          0          0          0          0         68   trapv.o
         0          0          0          0          0          0   usenofp.o
       544         70        152          0          0        124   atan.o
       384         38          0          0          0        144   atan2.o
        26          6          0          0          0        204   dunder.o
        40          0          0          0          0         68   fpclassify.o
       170          0          0          0          0         96   poly.o
         0          0          8          0          0          0   qnan.o
        76          0          0          0          0         84   sqrt.o

    ----------------------------------------------------------------------
      6574        482        160          0         96       4280   Library Totals
        22          0          0          0          0          0   (incl. Padding)

    ----------------------------------------------------------------------

      Code (inc. data)   RO Data    RW Data    ZI Data      Debug   Library Name

       380         20          0          0         96        832   c_w.l
      4932        348          0          0          0       2728   fz_ws.l
      1240        114        160          0          0        720   m_ws.l

    ----------------------------------------------------------------------
      6574        482        160          0         96       4280   Library Totals

    ----------------------------------------------------------------------

==============================================================================


      Code (inc. data)   RO Data    RW Data    ZI Data      Debug   

     19814       1240        474        200       2472     559513   Grand Totals
     19814       1240        474        200       2472     559513   ELF Image Totals
     19814       1240        474        200          0          0   ROM Totals

==============================================================================

    Total RO  Size (Code + RO Data)                20288 (  19.81kB)
    Total RW  Size (RW Data + ZI Data)              2672 (   2.61kB)
    Total ROM Size (Code + RO Data + RW Data)      20488 (  20.01kB)

==============================================================================

